<html>
<body>
<pre>
<h1>µVision Build Log</h1>
<h2>Project:</h2>
E:\WORKSPACE_GIT\GPRS_1PNBG\GPRS-OFFICIAL-V1_0\GPRS_Module.uvproj
Project File Date:  03/28/2016

<h2>Output:</h2>
Rebuild target 'Target 1'
compiling gprs_com.c...
source\gprs_com.c(561): warning:  #167-D: argument of type "unsigned char *" is incompatible with parameter of type "char *"
source\gprs_com.c(588): warning:  #167-D: argument of type "char *" is incompatible with parameter of type "unsigned char *"
source\gprs_com.c(588): warning:  #167-D: argument of type "char *" is incompatible with parameter of type "unsigned char *"
compiling LPC213x_isr.c...
compiling main.c...
source\main.c(124): warning:  #167-D: argument of type "unsigned char *" is incompatible with parameter of type "char *"
compiling read_para.c...
source\read_para.c(346): warning:  #167-D: argument of type "unsigned char *" is incompatible with parameter of type "char *"
source\read_para.c(410): warning:  #167-D: argument of type "unsigned char *" is incompatible with parameter of type "char *"
source\read_para.c(519): warning:  #167-D: argument of type "unsigned char *" is incompatible with parameter of type "char *"
source\read_para.c(588): warning:  #167-D: argument of type "unsigned char *" is incompatible with parameter of type "char *"
source\read_para.c(651): warning:  #167-D: argument of type "unsigned char *" is incompatible with parameter of type "char *"
compiling save_flash.c...
source\save_flash.c(476): warning:  #167-D: argument of type "char *" is incompatible with parameter of type "U8 *"
source\save_flash.c(463): warning:  #177-D: variable "numPage" was declared but never referenced
source\save_flash.c(463): warning:  #177-D: variable "modPage" was declared but never referenced
source\save_flash.c(463): warning:  #177-D: variable "index" was declared but never referenced
source\save_flash.c(500): warning:  #167-D: argument of type "char *" is incompatible with parameter of type "U8 *"
source\save_flash.c(490): warning:  #177-D: variable "ptr_add" was declared but never referenced
source\save_flash.c(526): warning:  #177-D: variable "i" was declared but never referenced
compiling stringconvert.c...
compiling variable.c...
compiling m25lc512.c...
source\m25lc512.c(78): warning:  #177-D: variable "k" was declared but never referenced
source\m25lc512.c(93): warning:  #177-D: variable "j" was declared but never referenced
source\m25lc512.c(142): warning:  #188-D: enumerated type mixed with another type
source\m25lc512.c(339): warning:  #188-D: enumerated type mixed with another type
source\m25lc512.c(399): warning:  #177-D: variable "j" was declared but never referenced
source\m25lc512.c(431): warning:  #177-D: variable "j" was declared but never referenced
source\m25lc512.c(475): warning:  #177-D: variable "output_buffer" was declared but never referenced
source\m25lc512.c(477): warning:  #177-D: variable "ucReadData" was declared but never referenced
source\m25lc512.c(477): warning:  #177-D: variable "id" was declared but never referenced
source\m25lc512.c(478): warning:  #177-D: variable "add" was declared but never referenced
source\m25lc512.c(478): warning:  #177-D: variable "buff" was declared but never referenced
source\m25lc512.c(479): warning:  #177-D: variable "data" was declared but never referenced
source\m25lc512.c(479): warning:  #177-D: variable "__buff" was declared but never referenced
source\m25lc512.c(480): warning:  #177-D: variable "r" was declared but never referenced
compiling delay.c...
compiling gpio.c...
compiling iap.c...
compiling init_system.c...
compiling retarget.c...
compiling rtc.c...
compiling timer.c...
compiling uart0.c...
compiling uart1.c...
compiling wdt.c...
compiling spi.c...
assembling Startup.s...
linking...
Program Size: Code=31164 RO-data=568 RW-data=2172 ZI-data=7428  
FromELF: creating hex file...
".\obj\GPRS_Module.axf" - 0 Errors, 30 Warning(s).
Rebuild target 'Target 1'
compiling gprs_com.c...
source\gprs_com.c(241): error:  #20: identifier "stateModule" is undefined
source\gprs_com.c(255): error:  #20: identifier "stateModule" is undefined
source\gprs_com.c(261): error:  #20: identifier "stateModule" is undefined
source\gprs_com.c(306): error:  #20: identifier "stateModule" is undefined
source\gprs_com.c(326): error:  #20: identifier "stateModule" is undefined
source\gprs_com.c(341): error:  #20: identifier "stateModule" is undefined
source\gprs_com.c(345): error:  #20: identifier "stateModule" is undefined
source\gprs_com.c(349): error:  #20: identifier "stateModule" is undefined
source\gprs_com.c(355): error:  #20: identifier "stateModule" is undefined
source\gprs_com.c(421): warning:  #167-D: argument of type "unsigned char *" is incompatible with parameter of type "char *"
source\gprs_com.c(448): warning:  #167-D: argument of type "char *" is incompatible with parameter of type "unsigned char *"
source\gprs_com.c(448): warning:  #167-D: argument of type "char *" is incompatible with parameter of type "unsigned char *"
source\gprs_com.c(492): error:  #20: identifier "stateModule" is undefined
source\gprs_com.c(494): error:  #20: identifier "stateModule" is undefined
compiling LPC213x_isr.c...
compiling main.c...
source\main.c(89): warning:  #167-D: argument of type "unsigned char *" is incompatible with parameter of type "char *"
source\main.c(90): error:  #65: expected a ";"
source\main.c(92): error:  #165: too few arguments in function call
source\main.c(14): warning:  #177-D: variable "temp_var" was declared but never referenced
source\main.c(16): warning:  #177-D: variable "counter_reset_gprs" was declared but never referenced
compiling read_para.c...
source\read_para.c(346): warning:  #167-D: argument of type "unsigned char *" is incompatible with parameter of type "char *"
source\read_para.c(362): error:  #20: identifier "lenght_buff_tx" is undefined
source\read_para.c(410): warning:  #167-D: argument of type "unsigned char *" is incompatible with parameter of type "char *"
source\read_para.c(426): error:  #20: identifier "lenght_buff_tx" is undefined
source\read_para.c(519): warning:  #167-D: argument of type "unsigned char *" is incompatible with parameter of type "char *"
source\read_para.c(535): error:  #20: identifier "lenght_buff_tx" is undefined
source\read_para.c(588): warning:  #167-D: argument of type "unsigned char *" is incompatible with parameter of type "char *"
source\read_para.c(604): error:  #20: identifier "lenght_buff_tx" is undefined
source\read_para.c(652): warning:  #167-D: argument of type "unsigned char *" is incompatible with parameter of type "char *"
source\read_para.c(668): error:  #20: identifier "lenght_buff_tx" is undefined
compiling save_flash.c...
source\save_flash.c(476): warning:  #167-D: argument of type "char *" is incompatible with parameter of type "U8 *"
source\save_flash.c(463): warning:  #177-D: variable "numPage" was declared but never referenced
source\save_flash.c(463): warning:  #177-D: variable "modPage" was declared but never referenced
source\save_flash.c(463): warning:  #177-D: variable "index" was declared but never referenced
source\save_flash.c(500): warning:  #167-D: argument of type "char *" is incompatible with parameter of type "U8 *"
source\save_flash.c(490): warning:  #177-D: variable "ptr_add" was declared but never referenced
source\save_flash.c(526): warning:  #177-D: variable "i" was declared but never referenced
compiling stringconvert.c...
compiling variable.c...
compiling m25lc512.c...
source\m25lc512.c(78): warning:  #177-D: variable "k" was declared but never referenced
source\m25lc512.c(93): warning:  #177-D: variable "j" was declared but never referenced
source\m25lc512.c(142): warning:  #188-D: enumerated type mixed with another type
source\m25lc512.c(339): warning:  #188-D: enumerated type mixed with another type
source\m25lc512.c(399): warning:  #177-D: variable "j" was declared but never referenced
source\m25lc512.c(431): warning:  #177-D: variable "j" was declared but never referenced
source\m25lc512.c(475): warning:  #177-D: variable "output_buffer" was declared but never referenced
source\m25lc512.c(477): warning:  #177-D: variable "ucReadData" was declared but never referenced
source\m25lc512.c(477): warning:  #177-D: variable "id" was declared but never referenced
source\m25lc512.c(478): warning:  #177-D: variable "add" was declared but never referenced
source\m25lc512.c(478): warning:  #177-D: variable "buff" was declared but never referenced
source\m25lc512.c(479): warning:  #177-D: variable "data" was declared but never referenced
source\m25lc512.c(479): warning:  #177-D: variable "__buff" was declared but never referenced
source\m25lc512.c(480): warning:  #177-D: variable "r" was declared but never referenced
compiling delay.c...
compiling gpio.c...
compiling iap.c...
compiling init_system.c...
compiling retarget.c...
compiling rtc.c...
compiling timer.c...
compiling uart0.c...
compiling uart1.c...
compiling wdt.c...
compiling spi.c...
assembling Startup.s...
".\obj\GPRS_Module.axf" - 18 Errors, 32 Warning(s).
Target not created
Rebuild target 'Target 1'
compiling gprs_com.c...
source\gprs_com.c(422): warning:  #167-D: argument of type "unsigned char *" is incompatible with parameter of type "char *"
source\gprs_com.c(449): warning:  #167-D: argument of type "char *" is incompatible with parameter of type "unsigned char *"
source\gprs_com.c(449): warning:  #167-D: argument of type "char *" is incompatible with parameter of type "unsigned char *"
compiling LPC213x_isr.c...
compiling main.c...
source\main.c(89): warning:  #167-D: argument of type "unsigned char *" is incompatible with parameter of type "char *"
source\main.c(90): error:  #65: expected a ";"
source\main.c(92): error:  #165: too few arguments in function call
source\main.c(14): warning:  #177-D: variable "temp_var" was declared but never referenced
source\main.c(16): warning:  #177-D: variable "counter_reset_gprs" was declared but never referenced
compiling read_para.c...
source\read_para.c(346): warning:  #167-D: argument of type "unsigned char *" is incompatible with parameter of type "char *"
source\read_para.c(362): error:  #20: identifier "lenght_buff_tx" is undefined
source\read_para.c(410): warning:  #167-D: argument of type "unsigned char *" is incompatible with parameter of type "char *"
source\read_para.c(426): error:  #20: identifier "lenght_buff_tx" is undefined
source\read_para.c(519): warning:  #167-D: argument of type "unsigned char *" is incompatible with parameter of type "char *"
source\read_para.c(535): error:  #20: identifier "lenght_buff_tx" is undefined
source\read_para.c(588): warning:  #167-D: argument of type "unsigned char *" is incompatible with parameter of type "char *"
source\read_para.c(604): error:  #20: identifier "lenght_buff_tx" is undefined
source\read_para.c(652): warning:  #167-D: argument of type "unsigned char *" is incompatible with parameter of type "char *"
source\read_para.c(668): error:  #20: identifier "lenght_buff_tx" is undefined
compiling save_flash.c...
source\save_flash.c(476): warning:  #167-D: argument of type "char *" is incompatible with parameter of type "U8 *"
source\save_flash.c(463): warning:  #177-D: variable "numPage" was declared but never referenced
source\save_flash.c(463): warning:  #177-D: variable "modPage" was declared but never referenced
source\save_flash.c(463): warning:  #177-D: variable "index" was declared but never referenced
source\save_flash.c(500): warning:  #167-D: argument of type "char *" is incompatible with parameter of type "U8 *"
source\save_flash.c(490): warning:  #177-D: variable "ptr_add" was declared but never referenced
source\save_flash.c(526): warning:  #177-D: variable "i" was declared but never referenced
compiling stringconvert.c...
compiling variable.c...
compiling m25lc512.c...
source\m25lc512.c(78): warning:  #177-D: variable "k" was declared but never referenced
source\m25lc512.c(93): warning:  #177-D: variable "j" was declared but never referenced
source\m25lc512.c(142): warning:  #188-D: enumerated type mixed with another type
source\m25lc512.c(339): warning:  #188-D: enumerated type mixed with another type
source\m25lc512.c(399): warning:  #177-D: variable "j" was declared but never referenced
source\m25lc512.c(431): warning:  #177-D: variable "j" was declared but never referenced
source\m25lc512.c(475): warning:  #177-D: variable "output_buffer" was declared but never referenced
source\m25lc512.c(477): warning:  #177-D: variable "ucReadData" was declared but never referenced
source\m25lc512.c(477): warning:  #177-D: variable "id" was declared but never referenced
source\m25lc512.c(478): warning:  #177-D: variable "add" was declared but never referenced
source\m25lc512.c(478): warning:  #177-D: variable "buff" was declared but never referenced
source\m25lc512.c(479): warning:  #177-D: variable "data" was declared but never referenced
source\m25lc512.c(479): warning:  #177-D: variable "__buff" was declared but never referenced
source\m25lc512.c(480): warning:  #177-D: variable "r" was declared but never referenced
compiling delay.c...
compiling gpio.c...
compiling iap.c...
compiling init_system.c...
compiling retarget.c...
compiling rtc.c...
compiling timer.c...
compiling uart0.c...
compiling uart1.c...
compiling wdt.c...
compiling spi.c...
assembling Startup.s...
".\obj\GPRS_Module.axf" - 7 Errors, 32 Warning(s).
Target not created
Rebuild target 'Target 1'
compiling gprs_com.c...
source\gprs_com.c(422): warning:  #167-D: argument of type "unsigned char *" is incompatible with parameter of type "char *"
source\gprs_com.c(449): warning:  #167-D: argument of type "char *" is incompatible with parameter of type "unsigned char *"
source\gprs_com.c(449): warning:  #167-D: argument of type "char *" is incompatible with parameter of type "unsigned char *"
compiling LPC213x_isr.c...
compiling main.c...
source\main.c(89): warning:  #167-D: argument of type "unsigned char *" is incompatible with parameter of type "char *"
source\main.c(92): error:  #165: too few arguments in function call
source\main.c(14): warning:  #177-D: variable "temp_var" was declared but never referenced
source\main.c(16): warning:  #177-D: variable "counter_reset_gprs" was declared but never referenced
compiling read_para.c...
source\read_para.c(347): warning:  #167-D: argument of type "unsigned char *" is incompatible with parameter of type "char *"
source\read_para.c(411): warning:  #167-D: argument of type "unsigned char *" is incompatible with parameter of type "char *"
source\read_para.c(520): warning:  #167-D: argument of type "unsigned char *" is incompatible with parameter of type "char *"
source\read_para.c(589): warning:  #167-D: argument of type "unsigned char *" is incompatible with parameter of type "char *"
source\read_para.c(653): warning:  #167-D: argument of type "unsigned char *" is incompatible with parameter of type "char *"
compiling save_flash.c...
source\save_flash.c(476): warning:  #167-D: argument of type "char *" is incompatible with parameter of type "U8 *"
source\save_flash.c(463): warning:  #177-D: variable "numPage" was declared but never referenced
source\save_flash.c(463): warning:  #177-D: variable "modPage" was declared but never referenced
source\save_flash.c(463): warning:  #177-D: variable "index" was declared but never referenced
source\save_flash.c(500): warning:  #167-D: argument of type "char *" is incompatible with parameter of type "U8 *"
source\save_flash.c(490): warning:  #177-D: variable "ptr_add" was declared but never referenced
source\save_flash.c(526): warning:  #177-D: variable "i" was declared but never referenced
compiling stringconvert.c...
compiling variable.c...
compiling m25lc512.c...
source\m25lc512.c(78): warning:  #177-D: variable "k" was declared but never referenced
source\m25lc512.c(93): warning:  #177-D: variable "j" was declared but never referenced
source\m25lc512.c(142): warning:  #188-D: enumerated type mixed with another type
source\m25lc512.c(339): warning:  #188-D: enumerated type mixed with another type
source\m25lc512.c(399): warning:  #177-D: variable "j" was declared but never referenced
source\m25lc512.c(431): warning:  #177-D: variable "j" was declared but never referenced
source\m25lc512.c(475): warning:  #177-D: variable "output_buffer" was declared but never referenced
source\m25lc512.c(477): warning:  #177-D: variable "ucReadData" was declared but never referenced
source\m25lc512.c(477): warning:  #177-D: variable "id" was declared but never referenced
source\m25lc512.c(478): warning:  #177-D: variable "add" was declared but never referenced
source\m25lc512.c(478): warning:  #177-D: variable "buff" was declared but never referenced
source\m25lc512.c(479): warning:  #177-D: variable "data" was declared but never referenced
source\m25lc512.c(479): warning:  #177-D: variable "__buff" was declared but never referenced
source\m25lc512.c(480): warning:  #177-D: variable "r" was declared but never referenced
compiling delay.c...
compiling gpio.c...
compiling iap.c...
compiling init_system.c...
compiling retarget.c...
compiling rtc.c...
compiling timer.c...
compiling uart0.c...
compiling uart1.c...
compiling wdt.c...
compiling spi.c...
assembling Startup.s...
".\obj\GPRS_Module.axf" - 1 Errors, 32 Warning(s).
Target not created
Rebuild target 'Target 1'
compiling gprs_com.c...
source\gprs_com.c(422): warning:  #167-D: argument of type "unsigned char *" is incompatible with parameter of type "char *"
source\gprs_com.c(449): warning:  #167-D: argument of type "char *" is incompatible with parameter of type "unsigned char *"
source\gprs_com.c(449): warning:  #167-D: argument of type "char *" is incompatible with parameter of type "unsigned char *"
compiling LPC213x_isr.c...
compiling main.c...
source\main.c(89): warning:  #167-D: argument of type "unsigned char *" is incompatible with parameter of type "char *"
source\main.c(14): warning:  #177-D: variable "temp_var" was declared but never referenced
source\main.c(16): warning:  #177-D: variable "counter_reset_gprs" was declared but never referenced
compiling read_para.c...
source\read_para.c(347): warning:  #167-D: argument of type "unsigned char *" is incompatible with parameter of type "char *"
source\read_para.c(411): warning:  #167-D: argument of type "unsigned char *" is incompatible with parameter of type "char *"
source\read_para.c(520): warning:  #167-D: argument of type "unsigned char *" is incompatible with parameter of type "char *"
source\read_para.c(589): warning:  #167-D: argument of type "unsigned char *" is incompatible with parameter of type "char *"
source\read_para.c(653): warning:  #167-D: argument of type "unsigned char *" is incompatible with parameter of type "char *"
compiling save_flash.c...
source\save_flash.c(476): warning:  #167-D: argument of type "char *" is incompatible with parameter of type "U8 *"
source\save_flash.c(463): warning:  #177-D: variable "numPage" was declared but never referenced
source\save_flash.c(463): warning:  #177-D: variable "modPage" was declared but never referenced
source\save_flash.c(463): warning:  #177-D: variable "index" was declared but never referenced
source\save_flash.c(500): warning:  #167-D: argument of type "char *" is incompatible with parameter of type "U8 *"
source\save_flash.c(490): warning:  #177-D: variable "ptr_add" was declared but never referenced
source\save_flash.c(526): warning:  #177-D: variable "i" was declared but never referenced
compiling stringconvert.c...
compiling variable.c...
compiling m25lc512.c...
source\m25lc512.c(78): warning:  #177-D: variable "k" was declared but never referenced
source\m25lc512.c(93): warning:  #177-D: variable "j" was declared but never referenced
source\m25lc512.c(142): warning:  #188-D: enumerated type mixed with another type
source\m25lc512.c(339): warning:  #188-D: enumerated type mixed with another type
source\m25lc512.c(399): warning:  #177-D: variable "j" was declared but never referenced
source\m25lc512.c(431): warning:  #177-D: variable "j" was declared but never referenced
source\m25lc512.c(475): warning:  #177-D: variable "output_buffer" was declared but never referenced
source\m25lc512.c(477): warning:  #177-D: variable "ucReadData" was declared but never referenced
source\m25lc512.c(477): warning:  #177-D: variable "id" was declared but never referenced
source\m25lc512.c(478): warning:  #177-D: variable "add" was declared but never referenced
source\m25lc512.c(478): warning:  #177-D: variable "buff" was declared but never referenced
source\m25lc512.c(479): warning:  #177-D: variable "data" was declared but never referenced
source\m25lc512.c(479): warning:  #177-D: variable "__buff" was declared but never referenced
source\m25lc512.c(480): warning:  #177-D: variable "r" was declared but never referenced
compiling delay.c...
compiling gpio.c...
compiling iap.c...
compiling init_system.c...
compiling retarget.c...
compiling rtc.c...
compiling timer.c...
compiling uart0.c...
compiling uart1.c...
compiling wdt.c...
compiling spi.c...
assembling Startup.s...
linking...
Program Size: Code=29790 RO-data=570 RW-data=2180 ZI-data=7452  
FromELF: creating hex file...
".\obj\GPRS_Module.axf" - 0 Errors, 32 Warning(s).
Rebuild target 'Target 1'
compiling gprs_com.c...
source\gprs_com.c(422): warning:  #167-D: argument of type "unsigned char *" is incompatible with parameter of type "char *"
source\gprs_com.c(449): warning:  #167-D: argument of type "char *" is incompatible with parameter of type "unsigned char *"
source\gprs_com.c(449): warning:  #167-D: argument of type "char *" is incompatible with parameter of type "unsigned char *"
compiling LPC213x_isr.c...
compiling main.c...
source\main.c(89): warning:  #167-D: argument of type "unsigned char *" is incompatible with parameter of type "char *"
source\main.c(14): warning:  #177-D: variable "temp_var" was declared but never referenced
source\main.c(16): warning:  #177-D: variable "counter_reset_gprs" was declared but never referenced
compiling read_para.c...
source\read_para.c(347): warning:  #167-D: argument of type "unsigned char *" is incompatible with parameter of type "char *"
source\read_para.c(411): warning:  #167-D: argument of type "unsigned char *" is incompatible with parameter of type "char *"
source\read_para.c(520): warning:  #167-D: argument of type "unsigned char *" is incompatible with parameter of type "char *"
source\read_para.c(589): warning:  #167-D: argument of type "unsigned char *" is incompatible with parameter of type "char *"
source\read_para.c(653): warning:  #167-D: argument of type "unsigned char *" is incompatible with parameter of type "char *"
compiling save_flash.c...
source\save_flash.c(476): warning:  #167-D: argument of type "char *" is incompatible with parameter of type "U8 *"
source\save_flash.c(463): warning:  #177-D: variable "numPage" was declared but never referenced
source\save_flash.c(463): warning:  #177-D: variable "modPage" was declared but never referenced
source\save_flash.c(463): warning:  #177-D: variable "index" was declared but never referenced
source\save_flash.c(500): warning:  #167-D: argument of type "char *" is incompatible with parameter of type "U8 *"
source\save_flash.c(490): warning:  #177-D: variable "ptr_add" was declared but never referenced
source\save_flash.c(526): warning:  #177-D: variable "i" was declared but never referenced
compiling stringconvert.c...
compiling variable.c...
compiling m25lc512.c...
source\m25lc512.c(78): warning:  #177-D: variable "k" was declared but never referenced
source\m25lc512.c(93): warning:  #177-D: variable "j" was declared but never referenced
source\m25lc512.c(142): warning:  #188-D: enumerated type mixed with another type
source\m25lc512.c(339): warning:  #188-D: enumerated type mixed with another type
source\m25lc512.c(399): warning:  #177-D: variable "j" was declared but never referenced
source\m25lc512.c(431): warning:  #177-D: variable "j" was declared but never referenced
source\m25lc512.c(475): warning:  #177-D: variable "output_buffer" was declared but never referenced
source\m25lc512.c(477): warning:  #177-D: variable "ucReadData" was declared but never referenced
source\m25lc512.c(477): warning:  #177-D: variable "id" was declared but never referenced
source\m25lc512.c(478): warning:  #177-D: variable "add" was declared but never referenced
source\m25lc512.c(478): warning:  #177-D: variable "buff" was declared but never referenced
source\m25lc512.c(479): warning:  #177-D: variable "data" was declared but never referenced
source\m25lc512.c(479): warning:  #177-D: variable "__buff" was declared but never referenced
source\m25lc512.c(480): warning:  #177-D: variable "r" was declared but never referenced
compiling delay.c...
compiling gpio.c...
compiling iap.c...
compiling init_system.c...
compiling retarget.c...
compiling rtc.c...
compiling timer.c...
compiling uart0.c...
compiling uart1.c...
compiling wdt.c...
compiling spi.c...
assembling Startup.s...
linking...
Program Size: Code=29790 RO-data=570 RW-data=2180 ZI-data=7452  
FromELF: creating hex file...
".\obj\GPRS_Module.axf" - 0 Errors, 32 Warning(s).
Rebuild target 'Target 1'
compiling gprs_com.c...
source\gprs_com.c(422): warning:  #167-D: argument of type "unsigned char *" is incompatible with parameter of type "char *"
source\gprs_com.c(449): warning:  #167-D: argument of type "char *" is incompatible with parameter of type "unsigned char *"
source\gprs_com.c(449): warning:  #167-D: argument of type "char *" is incompatible with parameter of type "unsigned char *"
compiling LPC213x_isr.c...
compiling main.c...
source\main.c(89): warning:  #167-D: argument of type "unsigned char *" is incompatible with parameter of type "char *"
source\main.c(14): warning:  #177-D: variable "temp_var" was declared but never referenced
source\main.c(16): warning:  #177-D: variable "counter_reset_gprs" was declared but never referenced
compiling read_para.c...
source\read_para.c(347): warning:  #167-D: argument of type "unsigned char *" is incompatible with parameter of type "char *"
source\read_para.c(411): warning:  #167-D: argument of type "unsigned char *" is incompatible with parameter of type "char *"
source\read_para.c(520): warning:  #167-D: argument of type "unsigned char *" is incompatible with parameter of type "char *"
source\read_para.c(589): warning:  #167-D: argument of type "unsigned char *" is incompatible with parameter of type "char *"
source\read_para.c(653): warning:  #167-D: argument of type "unsigned char *" is incompatible with parameter of type "char *"
compiling save_flash.c...
source\save_flash.c(476): warning:  #167-D: argument of type "char *" is incompatible with parameter of type "U8 *"
source\save_flash.c(463): warning:  #177-D: variable "numPage" was declared but never referenced
source\save_flash.c(463): warning:  #177-D: variable "modPage" was declared but never referenced
source\save_flash.c(463): warning:  #177-D: variable "index" was declared but never referenced
source\save_flash.c(500): warning:  #167-D: argument of type "char *" is incompatible with parameter of type "U8 *"
source\save_flash.c(490): warning:  #177-D: variable "ptr_add" was declared but never referenced
source\save_flash.c(526): warning:  #177-D: variable "i" was declared but never referenced
compiling stringconvert.c...
compiling variable.c...
compiling m25lc512.c...
source\m25lc512.c(78): warning:  #177-D: variable "k" was declared but never referenced
source\m25lc512.c(93): warning:  #177-D: variable "j" was declared but never referenced
source\m25lc512.c(142): warning:  #188-D: enumerated type mixed with another type
source\m25lc512.c(339): warning:  #188-D: enumerated type mixed with another type
source\m25lc512.c(399): warning:  #177-D: variable "j" was declared but never referenced
source\m25lc512.c(431): warning:  #177-D: variable "j" was declared but never referenced
source\m25lc512.c(475): warning:  #177-D: variable "output_buffer" was declared but never referenced
source\m25lc512.c(477): warning:  #177-D: variable "ucReadData" was declared but never referenced
source\m25lc512.c(477): warning:  #177-D: variable "id" was declared but never referenced
source\m25lc512.c(478): warning:  #177-D: variable "add" was declared but never referenced
source\m25lc512.c(478): warning:  #177-D: variable "buff" was declared but never referenced
source\m25lc512.c(479): warning:  #177-D: variable "data" was declared but never referenced
source\m25lc512.c(479): warning:  #177-D: variable "__buff" was declared but never referenced
source\m25lc512.c(480): warning:  #177-D: variable "r" was declared but never referenced
compiling delay.c...
compiling gpio.c...
compiling iap.c...
compiling init_system.c...
compiling retarget.c...
compiling rtc.c...
compiling timer.c...
compiling uart0.c...
compiling uart1.c...
compiling wdt.c...
compiling spi.c...
assembling Startup.s...
linking...
Program Size: Code=29790 RO-data=570 RW-data=2180 ZI-data=7452  
FromELF: creating hex file...
".\obj\GPRS_Module.axf" - 0 Errors, 32 Warning(s).
Rebuild target 'Target 1'
compiling gprs_com.c...
source\gprs_com.c(422): warning:  #167-D: argument of type "unsigned char *" is incompatible with parameter of type "char *"
source\gprs_com.c(449): warning:  #167-D: argument of type "char *" is incompatible with parameter of type "unsigned char *"
source\gprs_com.c(449): warning:  #167-D: argument of type "char *" is incompatible with parameter of type "unsigned char *"
compiling LPC213x_isr.c...
compiling main.c...
source\main.c(89): warning:  #167-D: argument of type "unsigned char *" is incompatible with parameter of type "char *"
source\main.c(14): warning:  #177-D: variable "temp_var" was declared but never referenced
source\main.c(16): warning:  #177-D: variable "counter_reset_gprs" was declared but never referenced
compiling read_para.c...
source\read_para.c(347): warning:  #167-D: argument of type "unsigned char *" is incompatible with parameter of type "char *"
source\read_para.c(411): warning:  #167-D: argument of type "unsigned char *" is incompatible with parameter of type "char *"
source\read_para.c(520): warning:  #167-D: argument of type "unsigned char *" is incompatible with parameter of type "char *"
source\read_para.c(589): warning:  #167-D: argument of type "unsigned char *" is incompatible with parameter of type "char *"
source\read_para.c(653): warning:  #167-D: argument of type "unsigned char *" is incompatible with parameter of type "char *"
compiling save_flash.c...
source\save_flash.c(476): warning:  #167-D: argument of type "char *" is incompatible with parameter of type "U8 *"
source\save_flash.c(463): warning:  #177-D: variable "numPage" was declared but never referenced
source\save_flash.c(463): warning:  #177-D: variable "modPage" was declared but never referenced
source\save_flash.c(463): warning:  #177-D: variable "index" was declared but never referenced
source\save_flash.c(500): warning:  #167-D: argument of type "char *" is incompatible with parameter of type "U8 *"
source\save_flash.c(490): warning:  #177-D: variable "ptr_add" was declared but never referenced
source\save_flash.c(526): warning:  #177-D: variable "i" was declared but never referenced
compiling stringconvert.c...
compiling variable.c...
compiling m25lc512.c...
source\m25lc512.c(78): warning:  #177-D: variable "k" was declared but never referenced
source\m25lc512.c(93): warning:  #177-D: variable "j" was declared but never referenced
source\m25lc512.c(142): warning:  #188-D: enumerated type mixed with another type
source\m25lc512.c(339): warning:  #188-D: enumerated type mixed with another type
source\m25lc512.c(399): warning:  #177-D: variable "j" was declared but never referenced
source\m25lc512.c(431): warning:  #177-D: variable "j" was declared but never referenced
source\m25lc512.c(475): warning:  #177-D: variable "output_buffer" was declared but never referenced
source\m25lc512.c(477): warning:  #177-D: variable "ucReadData" was declared but never referenced
source\m25lc512.c(477): warning:  #177-D: variable "id" was declared but never referenced
source\m25lc512.c(478): warning:  #177-D: variable "add" was declared but never referenced
source\m25lc512.c(478): warning:  #177-D: variable "buff" was declared but never referenced
source\m25lc512.c(479): warning:  #177-D: variable "data" was declared but never referenced
source\m25lc512.c(479): warning:  #177-D: variable "__buff" was declared but never referenced
source\m25lc512.c(480): warning:  #177-D: variable "r" was declared but never referenced
compiling delay.c...
compiling gpio.c...
compiling iap.c...
compiling init_system.c...
compiling retarget.c...
compiling rtc.c...
compiling timer.c...
compiling uart0.c...
compiling uart1.c...
compiling wdt.c...
compiling spi.c...
assembling Startup.s...
linking...
Program Size: Code=29790 RO-data=570 RW-data=2180 ZI-data=7452  
FromELF: creating hex file...
".\obj\GPRS_Module.axf" - 0 Errors, 32 Warning(s).
Rebuild target 'Target 1'
compiling gprs_com.c...
source\gprs_com.c(422): warning:  #167-D: argument of type "unsigned char *" is incompatible with parameter of type "char *"
source\gprs_com.c(449): warning:  #167-D: argument of type "char *" is incompatible with parameter of type "unsigned char *"
source\gprs_com.c(449): warning:  #167-D: argument of type "char *" is incompatible with parameter of type "unsigned char *"
compiling LPC213x_isr.c...
compiling main.c...
source\main.c(89): warning:  #167-D: argument of type "unsigned char *" is incompatible with parameter of type "char *"
source\main.c(14): warning:  #177-D: variable "temp_var" was declared but never referenced
source\main.c(16): warning:  #177-D: variable "counter_reset_gprs" was declared but never referenced
compiling read_para.c...
source\read_para.c(347): warning:  #167-D: argument of type "unsigned char *" is incompatible with parameter of type "char *"
source\read_para.c(411): warning:  #167-D: argument of type "unsigned char *" is incompatible with parameter of type "char *"
source\read_para.c(520): warning:  #167-D: argument of type "unsigned char *" is incompatible with parameter of type "char *"
source\read_para.c(589): warning:  #167-D: argument of type "unsigned char *" is incompatible with parameter of type "char *"
source\read_para.c(653): warning:  #167-D: argument of type "unsigned char *" is incompatible with parameter of type "char *"
compiling save_flash.c...
source\save_flash.c(476): warning:  #167-D: argument of type "char *" is incompatible with parameter of type "U8 *"
source\save_flash.c(463): warning:  #177-D: variable "numPage" was declared but never referenced
source\save_flash.c(463): warning:  #177-D: variable "modPage" was declared but never referenced
source\save_flash.c(463): warning:  #177-D: variable "index" was declared but never referenced
source\save_flash.c(500): warning:  #167-D: argument of type "char *" is incompatible with parameter of type "U8 *"
source\save_flash.c(490): warning:  #177-D: variable "ptr_add" was declared but never referenced
source\save_flash.c(526): warning:  #177-D: variable "i" was declared but never referenced
compiling stringconvert.c...
compiling variable.c...
compiling m25lc512.c...
source\m25lc512.c(78): warning:  #177-D: variable "k" was declared but never referenced
source\m25lc512.c(93): warning:  #177-D: variable "j" was declared but never referenced
source\m25lc512.c(142): warning:  #188-D: enumerated type mixed with another type
source\m25lc512.c(339): warning:  #188-D: enumerated type mixed with another type
source\m25lc512.c(399): warning:  #177-D: variable "j" was declared but never referenced
source\m25lc512.c(431): warning:  #177-D: variable "j" was declared but never referenced
source\m25lc512.c(475): warning:  #177-D: variable "output_buffer" was declared but never referenced
source\m25lc512.c(477): warning:  #177-D: variable "ucReadData" was declared but never referenced
source\m25lc512.c(477): warning:  #177-D: variable "id" was declared but never referenced
source\m25lc512.c(478): warning:  #177-D: variable "add" was declared but never referenced
source\m25lc512.c(478): warning:  #177-D: variable "buff" was declared but never referenced
source\m25lc512.c(479): warning:  #177-D: variable "data" was declared but never referenced
source\m25lc512.c(479): warning:  #177-D: variable "__buff" was declared but never referenced
source\m25lc512.c(480): warning:  #177-D: variable "r" was declared but never referenced
compiling delay.c...
compiling gpio.c...
compiling iap.c...
compiling init_system.c...
compiling retarget.c...
compiling rtc.c...
compiling timer.c...
compiling uart0.c...
compiling uart1.c...
compiling wdt.c...
compiling spi.c...
assembling Startup.s...
linking...
Program Size: Code=29790 RO-data=570 RW-data=2180 ZI-data=7452  
FromELF: creating hex file...
".\obj\GPRS_Module.axf" - 0 Errors, 32 Warning(s).
Rebuild target 'Target 1'
compiling gprs_com.c...
source\gprs_com.c(424): warning:  #167-D: argument of type "unsigned char *" is incompatible with parameter of type "char *"
source\gprs_com.c(451): warning:  #167-D: argument of type "char *" is incompatible with parameter of type "unsigned char *"
source\gprs_com.c(451): warning:  #167-D: argument of type "char *" is incompatible with parameter of type "unsigned char *"
compiling LPC213x_isr.c...
compiling main.c...
source\main.c(89): warning:  #167-D: argument of type "unsigned char *" is incompatible with parameter of type "char *"
source\main.c(14): warning:  #177-D: variable "temp_var" was declared but never referenced
source\main.c(16): warning:  #177-D: variable "counter_reset_gprs" was declared but never referenced
compiling read_para.c...
source\read_para.c(347): warning:  #167-D: argument of type "unsigned char *" is incompatible with parameter of type "char *"
source\read_para.c(411): warning:  #167-D: argument of type "unsigned char *" is incompatible with parameter of type "char *"
source\read_para.c(520): warning:  #167-D: argument of type "unsigned char *" is incompatible with parameter of type "char *"
source\read_para.c(589): warning:  #167-D: argument of type "unsigned char *" is incompatible with parameter of type "char *"
source\read_para.c(653): warning:  #167-D: argument of type "unsigned char *" is incompatible with parameter of type "char *"
compiling save_flash.c...
source\save_flash.c(476): warning:  #167-D: argument of type "char *" is incompatible with parameter of type "U8 *"
source\save_flash.c(463): warning:  #177-D: variable "numPage" was declared but never referenced
source\save_flash.c(463): warning:  #177-D: variable "modPage" was declared but never referenced
source\save_flash.c(463): warning:  #177-D: variable "index" was declared but never referenced
source\save_flash.c(500): warning:  #167-D: argument of type "char *" is incompatible with parameter of type "U8 *"
source\save_flash.c(490): warning:  #177-D: variable "ptr_add" was declared but never referenced
source\save_flash.c(526): warning:  #177-D: variable "i" was declared but never referenced
compiling stringconvert.c...
compiling variable.c...
compiling m25lc512.c...
source\m25lc512.c(78): warning:  #177-D: variable "k" was declared but never referenced
source\m25lc512.c(93): warning:  #177-D: variable "j" was declared but never referenced
source\m25lc512.c(142): warning:  #188-D: enumerated type mixed with another type
source\m25lc512.c(339): warning:  #188-D: enumerated type mixed with another type
source\m25lc512.c(399): warning:  #177-D: variable "j" was declared but never referenced
source\m25lc512.c(431): warning:  #177-D: variable "j" was declared but never referenced
source\m25lc512.c(475): warning:  #177-D: variable "output_buffer" was declared but never referenced
source\m25lc512.c(477): warning:  #177-D: variable "ucReadData" was declared but never referenced
source\m25lc512.c(477): warning:  #177-D: variable "id" was declared but never referenced
source\m25lc512.c(478): warning:  #177-D: variable "add" was declared but never referenced
source\m25lc512.c(478): warning:  #177-D: variable "buff" was declared but never referenced
source\m25lc512.c(479): warning:  #177-D: variable "data" was declared but never referenced
source\m25lc512.c(479): warning:  #177-D: variable "__buff" was declared but never referenced
source\m25lc512.c(480): warning:  #177-D: variable "r" was declared but never referenced
compiling delay.c...
compiling gpio.c...
compiling iap.c...
compiling init_system.c...
compiling retarget.c...
compiling rtc.c...
compiling timer.c...
compiling uart0.c...
compiling uart1.c...
compiling wdt.c...
compiling spi.c...
assembling Startup.s...
linking...
Program Size: Code=29822 RO-data=570 RW-data=2180 ZI-data=7452  
FromELF: creating hex file...
".\obj\GPRS_Module.axf" - 0 Errors, 32 Warning(s).
Rebuild target 'Target 1'
compiling gprs_com.c...
source\gprs_com.c(424): warning:  #167-D: argument of type "unsigned char *" is incompatible with parameter of type "char *"
source\gprs_com.c(451): warning:  #167-D: argument of type "char *" is incompatible with parameter of type "unsigned char *"
source\gprs_com.c(451): warning:  #167-D: argument of type "char *" is incompatible with parameter of type "unsigned char *"
compiling LPC213x_isr.c...
compiling main.c...
source\main.c(90): warning:  #167-D: argument of type "unsigned char *" is incompatible with parameter of type "char *"
source\main.c(14): warning:  #177-D: variable "temp_var" was declared but never referenced
source\main.c(16): warning:  #177-D: variable "counter_reset_gprs" was declared but never referenced
compiling read_para.c...
source\read_para.c(347): warning:  #167-D: argument of type "unsigned char *" is incompatible with parameter of type "char *"
source\read_para.c(411): warning:  #167-D: argument of type "unsigned char *" is incompatible with parameter of type "char *"
source\read_para.c(520): warning:  #167-D: argument of type "unsigned char *" is incompatible with parameter of type "char *"
source\read_para.c(589): warning:  #167-D: argument of type "unsigned char *" is incompatible with parameter of type "char *"
source\read_para.c(653): warning:  #167-D: argument of type "unsigned char *" is incompatible with parameter of type "char *"
compiling save_flash.c...
source\save_flash.c(476): warning:  #167-D: argument of type "char *" is incompatible with parameter of type "U8 *"
source\save_flash.c(463): warning:  #177-D: variable "numPage" was declared but never referenced
source\save_flash.c(463): warning:  #177-D: variable "modPage" was declared but never referenced
source\save_flash.c(463): warning:  #177-D: variable "index" was declared but never referenced
source\save_flash.c(500): warning:  #167-D: argument of type "char *" is incompatible with parameter of type "U8 *"
source\save_flash.c(490): warning:  #177-D: variable "ptr_add" was declared but never referenced
source\save_flash.c(526): warning:  #177-D: variable "i" was declared but never referenced
compiling stringconvert.c...
compiling variable.c...
compiling m25lc512.c...
source\m25lc512.c(78): warning:  #177-D: variable "k" was declared but never referenced
source\m25lc512.c(93): warning:  #177-D: variable "j" was declared but never referenced
source\m25lc512.c(142): warning:  #188-D: enumerated type mixed with another type
source\m25lc512.c(339): warning:  #188-D: enumerated type mixed with another type
source\m25lc512.c(399): warning:  #177-D: variable "j" was declared but never referenced
source\m25lc512.c(431): warning:  #177-D: variable "j" was declared but never referenced
source\m25lc512.c(475): warning:  #177-D: variable "output_buffer" was declared but never referenced
source\m25lc512.c(477): warning:  #177-D: variable "ucReadData" was declared but never referenced
source\m25lc512.c(477): warning:  #177-D: variable "id" was declared but never referenced
source\m25lc512.c(478): warning:  #177-D: variable "add" was declared but never referenced
source\m25lc512.c(478): warning:  #177-D: variable "buff" was declared but never referenced
source\m25lc512.c(479): warning:  #177-D: variable "data" was declared but never referenced
source\m25lc512.c(479): warning:  #177-D: variable "__buff" was declared but never referenced
source\m25lc512.c(480): warning:  #177-D: variable "r" was declared but never referenced
compiling delay.c...
compiling gpio.c...
compiling iap.c...
compiling init_system.c...
compiling retarget.c...
compiling rtc.c...
compiling timer.c...
compiling uart0.c...
compiling uart1.c...
compiling wdt.c...
compiling spi.c...
assembling Startup.s...
linking...
Program Size: Code=29832 RO-data=568 RW-data=2180 ZI-data=7452  
FromELF: creating hex file...
".\obj\GPRS_Module.axf" - 0 Errors, 32 Warning(s).
Rebuild target 'Target 1'
compiling gprs_com.c...
source\gprs_com.c(424): warning:  #167-D: argument of type "unsigned char *" is incompatible with parameter of type "char *"
source\gprs_com.c(451): warning:  #167-D: argument of type "char *" is incompatible with parameter of type "unsigned char *"
source\gprs_com.c(451): warning:  #167-D: argument of type "char *" is incompatible with parameter of type "unsigned char *"
compiling LPC213x_isr.c...
compiling main.c...
source\main.c(90): warning:  #167-D: argument of type "unsigned char *" is incompatible with parameter of type "char *"
source\main.c(14): warning:  #177-D: variable "temp_var" was declared but never referenced
source\main.c(16): warning:  #177-D: variable "counter_reset_gprs" was declared but never referenced
compiling read_para.c...
source\read_para.c(347): warning:  #167-D: argument of type "unsigned char *" is incompatible with parameter of type "char *"
source\read_para.c(411): warning:  #167-D: argument of type "unsigned char *" is incompatible with parameter of type "char *"
source\read_para.c(520): warning:  #167-D: argument of type "unsigned char *" is incompatible with parameter of type "char *"
source\read_para.c(589): warning:  #167-D: argument of type "unsigned char *" is incompatible with parameter of type "char *"
source\read_para.c(653): warning:  #167-D: argument of type "unsigned char *" is incompatible with parameter of type "char *"
compiling save_flash.c...
source\save_flash.c(476): warning:  #167-D: argument of type "char *" is incompatible with parameter of type "U8 *"
source\save_flash.c(463): warning:  #177-D: variable "numPage" was declared but never referenced
source\save_flash.c(463): warning:  #177-D: variable "modPage" was declared but never referenced
source\save_flash.c(463): warning:  #177-D: variable "index" was declared but never referenced
source\save_flash.c(500): warning:  #167-D: argument of type "char *" is incompatible with parameter of type "U8 *"
source\save_flash.c(490): warning:  #177-D: variable "ptr_add" was declared but never referenced
source\save_flash.c(526): warning:  #177-D: variable "i" was declared but never referenced
compiling stringconvert.c...
compiling variable.c...
compiling m25lc512.c...
source\m25lc512.c(78): warning:  #177-D: variable "k" was declared but never referenced
source\m25lc512.c(93): warning:  #177-D: variable "j" was declared but never referenced
source\m25lc512.c(142): warning:  #188-D: enumerated type mixed with another type
source\m25lc512.c(339): warning:  #188-D: enumerated type mixed with another type
source\m25lc512.c(399): warning:  #177-D: variable "j" was declared but never referenced
source\m25lc512.c(431): warning:  #177-D: variable "j" was declared but never referenced
source\m25lc512.c(475): warning:  #177-D: variable "output_buffer" was declared but never referenced
source\m25lc512.c(477): warning:  #177-D: variable "ucReadData" was declared but never referenced
source\m25lc512.c(477): warning:  #177-D: variable "id" was declared but never referenced
source\m25lc512.c(478): warning:  #177-D: variable "add" was declared but never referenced
source\m25lc512.c(478): warning:  #177-D: variable "buff" was declared but never referenced
source\m25lc512.c(479): warning:  #177-D: variable "data" was declared but never referenced
source\m25lc512.c(479): warning:  #177-D: variable "__buff" was declared but never referenced
source\m25lc512.c(480): warning:  #177-D: variable "r" was declared but never referenced
compiling delay.c...
compiling gpio.c...
compiling iap.c...
compiling init_system.c...
compiling retarget.c...
compiling rtc.c...
compiling timer.c...
compiling uart0.c...
compiling uart1.c...
compiling wdt.c...
compiling spi.c...
assembling Startup.s...
linking...
Program Size: Code=29836 RO-data=568 RW-data=2180 ZI-data=7452  
FromELF: creating hex file...
".\obj\GPRS_Module.axf" - 0 Errors, 32 Warning(s).
Rebuild target 'Target 1'
compiling gprs_com.c...
source\gprs_com.c(424): warning:  #167-D: argument of type "unsigned char *" is incompatible with parameter of type "char *"
source\gprs_com.c(451): warning:  #167-D: argument of type "char *" is incompatible with parameter of type "unsigned char *"
source\gprs_com.c(451): warning:  #167-D: argument of type "char *" is incompatible with parameter of type "unsigned char *"
compiling LPC213x_isr.c...
compiling main.c...
source\main.c(90): warning:  #167-D: argument of type "unsigned char *" is incompatible with parameter of type "char *"
source\main.c(14): warning:  #177-D: variable "temp_var" was declared but never referenced
source\main.c(16): warning:  #177-D: variable "counter_reset_gprs" was declared but never referenced
compiling read_para.c...
source\read_para.c(347): warning:  #167-D: argument of type "unsigned char *" is incompatible with parameter of type "char *"
source\read_para.c(411): warning:  #167-D: argument of type "unsigned char *" is incompatible with parameter of type "char *"
source\read_para.c(520): warning:  #167-D: argument of type "unsigned char *" is incompatible with parameter of type "char *"
source\read_para.c(589): warning:  #167-D: argument of type "unsigned char *" is incompatible with parameter of type "char *"
source\read_para.c(653): warning:  #167-D: argument of type "unsigned char *" is incompatible with parameter of type "char *"
compiling save_flash.c...
source\save_flash.c(476): warning:  #167-D: argument of type "char *" is incompatible with parameter of type "U8 *"
source\save_flash.c(463): warning:  #177-D: variable "numPage" was declared but never referenced
source\save_flash.c(463): warning:  #177-D: variable "modPage" was declared but never referenced
source\save_flash.c(463): warning:  #177-D: variable "index" was declared but never referenced
source\save_flash.c(500): warning:  #167-D: argument of type "char *" is incompatible with parameter of type "U8 *"
source\save_flash.c(490): warning:  #177-D: variable "ptr_add" was declared but never referenced
source\save_flash.c(526): warning:  #177-D: variable "i" was declared but never referenced
compiling stringconvert.c...
compiling variable.c...
compiling m25lc512.c...
source\m25lc512.c(78): warning:  #177-D: variable "k" was declared but never referenced
source\m25lc512.c(93): warning:  #177-D: variable "j" was declared but never referenced
source\m25lc512.c(142): warning:  #188-D: enumerated type mixed with another type
source\m25lc512.c(339): warning:  #188-D: enumerated type mixed with another type
source\m25lc512.c(399): warning:  #177-D: variable "j" was declared but never referenced
source\m25lc512.c(431): warning:  #177-D: variable "j" was declared but never referenced
source\m25lc512.c(475): warning:  #177-D: variable "output_buffer" was declared but never referenced
source\m25lc512.c(477): warning:  #177-D: variable "ucReadData" was declared but never referenced
source\m25lc512.c(477): warning:  #177-D: variable "id" was declared but never referenced
source\m25lc512.c(478): warning:  #177-D: variable "add" was declared but never referenced
source\m25lc512.c(478): warning:  #177-D: variable "buff" was declared but never referenced
source\m25lc512.c(479): warning:  #177-D: variable "data" was declared but never referenced
source\m25lc512.c(479): warning:  #177-D: variable "__buff" was declared but never referenced
source\m25lc512.c(480): warning:  #177-D: variable "r" was declared but never referenced
compiling delay.c...
compiling gpio.c...
compiling iap.c...
compiling init_system.c...
compiling retarget.c...
compiling rtc.c...
compiling timer.c...
compiling uart0.c...
compiling uart1.c...
compiling wdt.c...
compiling spi.c...
assembling Startup.s...
linking...
Program Size: Code=29836 RO-data=568 RW-data=2180 ZI-data=7452  
FromELF: creating hex file...
".\obj\GPRS_Module.axf" - 0 Errors, 32 Warning(s).
Rebuild target 'Target 1'
compiling gprs_com.c...
source\gprs_com.c(424): warning:  #167-D: argument of type "unsigned char *" is incompatible with parameter of type "char *"
source\gprs_com.c(451): warning:  #167-D: argument of type "char *" is incompatible with parameter of type "unsigned char *"
source\gprs_com.c(451): warning:  #167-D: argument of type "char *" is incompatible with parameter of type "unsigned char *"
compiling LPC213x_isr.c...
compiling main.c...
source\main.c(90): warning:  #167-D: argument of type "unsigned char *" is incompatible with parameter of type "char *"
source\main.c(14): warning:  #177-D: variable "temp_var" was declared but never referenced
source\main.c(16): warning:  #177-D: variable "counter_reset_gprs" was declared but never referenced
compiling read_para.c...
source\read_para.c(347): warning:  #167-D: argument of type "unsigned char *" is incompatible with parameter of type "char *"
source\read_para.c(411): warning:  #167-D: argument of type "unsigned char *" is incompatible with parameter of type "char *"
source\read_para.c(520): warning:  #167-D: argument of type "unsigned char *" is incompatible with parameter of type "char *"
source\read_para.c(589): warning:  #167-D: argument of type "unsigned char *" is incompatible with parameter of type "char *"
source\read_para.c(653): warning:  #167-D: argument of type "unsigned char *" is incompatible with parameter of type "char *"
compiling save_flash.c...
source\save_flash.c(476): warning:  #167-D: argument of type "char *" is incompatible with parameter of type "U8 *"
source\save_flash.c(463): warning:  #177-D: variable "numPage" was declared but never referenced
source\save_flash.c(463): warning:  #177-D: variable "modPage" was declared but never referenced
source\save_flash.c(463): warning:  #177-D: variable "index" was declared but never referenced
source\save_flash.c(500): warning:  #167-D: argument of type "char *" is incompatible with parameter of type "U8 *"
source\save_flash.c(490): warning:  #177-D: variable "ptr_add" was declared but never referenced
source\save_flash.c(526): warning:  #177-D: variable "i" was declared but never referenced
compiling stringconvert.c...
compiling variable.c...
compiling m25lc512.c...
source\m25lc512.c(78): warning:  #177-D: variable "k" was declared but never referenced
source\m25lc512.c(93): warning:  #177-D: variable "j" was declared but never referenced
source\m25lc512.c(142): warning:  #188-D: enumerated type mixed with another type
source\m25lc512.c(339): warning:  #188-D: enumerated type mixed with another type
source\m25lc512.c(399): warning:  #177-D: variable "j" was declared but never referenced
source\m25lc512.c(431): warning:  #177-D: variable "j" was declared but never referenced
source\m25lc512.c(475): warning:  #177-D: variable "output_buffer" was declared but never referenced
source\m25lc512.c(477): warning:  #177-D: variable "ucReadData" was declared but never referenced
source\m25lc512.c(477): warning:  #177-D: variable "id" was declared but never referenced
source\m25lc512.c(478): warning:  #177-D: variable "add" was declared but never referenced
source\m25lc512.c(478): warning:  #177-D: variable "buff" was declared but never referenced
source\m25lc512.c(479): warning:  #177-D: variable "data" was declared but never referenced
source\m25lc512.c(479): warning:  #177-D: variable "__buff" was declared but never referenced
source\m25lc512.c(480): warning:  #177-D: variable "r" was declared but never referenced
compiling delay.c...
compiling gpio.c...
compiling iap.c...
compiling init_system.c...
compiling retarget.c...
compiling rtc.c...
compiling timer.c...
compiling uart0.c...
compiling uart1.c...
compiling wdt.c...
compiling spi.c...
assembling Startup.s...
linking...
Program Size: Code=29836 RO-data=568 RW-data=2180 ZI-data=7452  
FromELF: creating hex file...
".\obj\GPRS_Module.axf" - 0 Errors, 32 Warning(s).
Rebuild target 'Target 1'
compiling gprs_com.c...
source\gprs_com.c(424): warning:  #167-D: argument of type "unsigned char *" is incompatible with parameter of type "char *"
source\gprs_com.c(451): warning:  #167-D: argument of type "char *" is incompatible with parameter of type "unsigned char *"
source\gprs_com.c(451): warning:  #167-D: argument of type "char *" is incompatible with parameter of type "unsigned char *"
compiling LPC213x_isr.c...
compiling main.c...
source\main.c(90): warning:  #167-D: argument of type "unsigned char *" is incompatible with parameter of type "char *"
source\main.c(14): warning:  #177-D: variable "temp_var" was declared but never referenced
source\main.c(16): warning:  #177-D: variable "counter_reset_gprs" was declared but never referenced
compiling read_para.c...
source\read_para.c(347): warning:  #167-D: argument of type "unsigned char *" is incompatible with parameter of type "char *"
source\read_para.c(411): warning:  #167-D: argument of type "unsigned char *" is incompatible with parameter of type "char *"
source\read_para.c(520): warning:  #167-D: argument of type "unsigned char *" is incompatible with parameter of type "char *"
source\read_para.c(589): warning:  #167-D: argument of type "unsigned char *" is incompatible with parameter of type "char *"
source\read_para.c(653): warning:  #167-D: argument of type "unsigned char *" is incompatible with parameter of type "char *"
compiling save_flash.c...
source\save_flash.c(476): warning:  #167-D: argument of type "char *" is incompatible with parameter of type "U8 *"
source\save_flash.c(463): warning:  #177-D: variable "numPage" was declared but never referenced
source\save_flash.c(463): warning:  #177-D: variable "modPage" was declared but never referenced
source\save_flash.c(463): warning:  #177-D: variable "index" was declared but never referenced
source\save_flash.c(500): warning:  #167-D: argument of type "char *" is incompatible with parameter of type "U8 *"
source\save_flash.c(490): warning:  #177-D: variable "ptr_add" was declared but never referenced
source\save_flash.c(526): warning:  #177-D: variable "i" was declared but never referenced
compiling stringconvert.c...
compiling variable.c...
compiling m25lc512.c...
source\m25lc512.c(78): warning:  #177-D: variable "k" was declared but never referenced
source\m25lc512.c(93): warning:  #177-D: variable "j" was declared but never referenced
source\m25lc512.c(142): warning:  #188-D: enumerated type mixed with another type
source\m25lc512.c(339): warning:  #188-D: enumerated type mixed with another type
source\m25lc512.c(399): warning:  #177-D: variable "j" was declared but never referenced
source\m25lc512.c(431): warning:  #177-D: variable "j" was declared but never referenced
source\m25lc512.c(475): warning:  #177-D: variable "output_buffer" was declared but never referenced
source\m25lc512.c(477): warning:  #177-D: variable "ucReadData" was declared but never referenced
source\m25lc512.c(477): warning:  #177-D: variable "id" was declared but never referenced
source\m25lc512.c(478): warning:  #177-D: variable "add" was declared but never referenced
source\m25lc512.c(478): warning:  #177-D: variable "buff" was declared but never referenced
source\m25lc512.c(479): warning:  #177-D: variable "data" was declared but never referenced
source\m25lc512.c(479): warning:  #177-D: variable "__buff" was declared but never referenced
source\m25lc512.c(480): warning:  #177-D: variable "r" was declared but never referenced
compiling delay.c...
compiling gpio.c...
compiling iap.c...
compiling init_system.c...
compiling retarget.c...
compiling rtc.c...
compiling timer.c...
compiling uart0.c...
compiling uart1.c...
compiling wdt.c...
compiling spi.c...
assembling Startup.s...
linking...
Program Size: Code=29852 RO-data=572 RW-data=2180 ZI-data=7452  
FromELF: creating hex file...
".\obj\GPRS_Module.axf" - 0 Errors, 32 Warning(s).
Rebuild target 'Target 1'
compiling gprs_com.c...
source\gprs_com.c(424): warning:  #167-D: argument of type "unsigned char *" is incompatible with parameter of type "char *"
source\gprs_com.c(451): warning:  #167-D: argument of type "char *" is incompatible with parameter of type "unsigned char *"
source\gprs_com.c(451): warning:  #167-D: argument of type "char *" is incompatible with parameter of type "unsigned char *"
compiling LPC213x_isr.c...
compiling main.c...
source\main.c(90): warning:  #167-D: argument of type "unsigned char *" is incompatible with parameter of type "char *"
source\main.c(14): warning:  #177-D: variable "temp_var" was declared but never referenced
source\main.c(16): warning:  #177-D: variable "counter_reset_gprs" was declared but never referenced
compiling read_para.c...
source\read_para.c(347): warning:  #167-D: argument of type "unsigned char *" is incompatible with parameter of type "char *"
source\read_para.c(411): warning:  #167-D: argument of type "unsigned char *" is incompatible with parameter of type "char *"
source\read_para.c(521): warning:  #167-D: argument of type "unsigned char *" is incompatible with parameter of type "char *"
source\read_para.c(590): warning:  #167-D: argument of type "unsigned char *" is incompatible with parameter of type "char *"
source\read_para.c(654): warning:  #167-D: argument of type "unsigned char *" is incompatible with parameter of type "char *"
compiling save_flash.c...
source\save_flash.c(476): warning:  #167-D: argument of type "char *" is incompatible with parameter of type "U8 *"
source\save_flash.c(463): warning:  #177-D: variable "numPage" was declared but never referenced
source\save_flash.c(463): warning:  #177-D: variable "modPage" was declared but never referenced
source\save_flash.c(463): warning:  #177-D: variable "index" was declared but never referenced
source\save_flash.c(500): warning:  #167-D: argument of type "char *" is incompatible with parameter of type "U8 *"
source\save_flash.c(490): warning:  #177-D: variable "ptr_add" was declared but never referenced
source\save_flash.c(526): warning:  #177-D: variable "i" was declared but never referenced
compiling stringconvert.c...
compiling variable.c...
compiling m25lc512.c...
source\m25lc512.c(78): warning:  #177-D: variable "k" was declared but never referenced
source\m25lc512.c(93): warning:  #177-D: variable "j" was declared but never referenced
source\m25lc512.c(142): warning:  #188-D: enumerated type mixed with another type
source\m25lc512.c(339): warning:  #188-D: enumerated type mixed with another type
source\m25lc512.c(399): warning:  #177-D: variable "j" was declared but never referenced
source\m25lc512.c(431): warning:  #177-D: variable "j" was declared but never referenced
source\m25lc512.c(475): warning:  #177-D: variable "output_buffer" was declared but never referenced
source\m25lc512.c(477): warning:  #177-D: variable "ucReadData" was declared but never referenced
source\m25lc512.c(477): warning:  #177-D: variable "id" was declared but never referenced
source\m25lc512.c(478): warning:  #177-D: variable "add" was declared but never referenced
source\m25lc512.c(478): warning:  #177-D: variable "buff" was declared but never referenced
source\m25lc512.c(479): warning:  #177-D: variable "data" was declared but never referenced
source\m25lc512.c(479): warning:  #177-D: variable "__buff" was declared but never referenced
source\m25lc512.c(480): warning:  #177-D: variable "r" was declared but never referenced
compiling delay.c...
compiling gpio.c...
compiling iap.c...
compiling init_system.c...
compiling retarget.c...
compiling rtc.c...
compiling timer.c...
compiling uart0.c...
compiling uart1.c...
compiling wdt.c...
compiling spi.c...
assembling Startup.s...
linking...
Program Size: Code=29808 RO-data=568 RW-data=2180 ZI-data=7452  
FromELF: creating hex file...
".\obj\GPRS_Module.axf" - 0 Errors, 32 Warning(s).
Rebuild target 'Target 1'
compiling gprs_com.c...
source\gprs_com.c(424): warning:  #167-D: argument of type "unsigned char *" is incompatible with parameter of type "char *"
source\gprs_com.c(451): warning:  #167-D: argument of type "char *" is incompatible with parameter of type "unsigned char *"
source\gprs_com.c(451): warning:  #167-D: argument of type "char *" is incompatible with parameter of type "unsigned char *"
compiling LPC213x_isr.c...
compiling main.c...
source\main.c(90): warning:  #167-D: argument of type "unsigned char *" is incompatible with parameter of type "char *"
source\main.c(14): warning:  #177-D: variable "temp_var" was declared but never referenced
source\main.c(16): warning:  #177-D: variable "counter_reset_gprs" was declared but never referenced
compiling read_para.c...
source\read_para.c(347): warning:  #167-D: argument of type "unsigned char *" is incompatible with parameter of type "char *"
source\read_para.c(411): warning:  #167-D: argument of type "unsigned char *" is incompatible with parameter of type "char *"
source\read_para.c(521): warning:  #167-D: argument of type "unsigned char *" is incompatible with parameter of type "char *"
source\read_para.c(590): warning:  #167-D: argument of type "unsigned char *" is incompatible with parameter of type "char *"
source\read_para.c(654): warning:  #167-D: argument of type "unsigned char *" is incompatible with parameter of type "char *"
compiling save_flash.c...
source\save_flash.c(476): warning:  #167-D: argument of type "char *" is incompatible with parameter of type "U8 *"
source\save_flash.c(463): warning:  #177-D: variable "numPage" was declared but never referenced
source\save_flash.c(463): warning:  #177-D: variable "modPage" was declared but never referenced
source\save_flash.c(463): warning:  #177-D: variable "index" was declared but never referenced
source\save_flash.c(500): warning:  #167-D: argument of type "char *" is incompatible with parameter of type "U8 *"
source\save_flash.c(490): warning:  #177-D: variable "ptr_add" was declared but never referenced
source\save_flash.c(526): warning:  #177-D: variable "i" was declared but never referenced
compiling stringconvert.c...
compiling variable.c...
compiling m25lc512.c...
source\m25lc512.c(78): warning:  #177-D: variable "k" was declared but never referenced
source\m25lc512.c(93): warning:  #177-D: variable "j" was declared but never referenced
source\m25lc512.c(142): warning:  #188-D: enumerated type mixed with another type
source\m25lc512.c(339): warning:  #188-D: enumerated type mixed with another type
source\m25lc512.c(399): warning:  #177-D: variable "j" was declared but never referenced
source\m25lc512.c(431): warning:  #177-D: variable "j" was declared but never referenced
source\m25lc512.c(475): warning:  #177-D: variable "output_buffer" was declared but never referenced
source\m25lc512.c(477): warning:  #177-D: variable "ucReadData" was declared but never referenced
source\m25lc512.c(477): warning:  #177-D: variable "id" was declared but never referenced
source\m25lc512.c(478): warning:  #177-D: variable "add" was declared but never referenced
source\m25lc512.c(478): warning:  #177-D: variable "buff" was declared but never referenced
source\m25lc512.c(479): warning:  #177-D: variable "data" was declared but never referenced
source\m25lc512.c(479): warning:  #177-D: variable "__buff" was declared but never referenced
source\m25lc512.c(480): warning:  #177-D: variable "r" was declared but never referenced
compiling delay.c...
compiling gpio.c...
compiling iap.c...
compiling init_system.c...
compiling retarget.c...
compiling rtc.c...
compiling timer.c...
compiling uart0.c...
compiling uart1.c...
compiling wdt.c...
compiling spi.c...
assembling Startup.s...
linking...
Program Size: Code=29808 RO-data=568 RW-data=2180 ZI-data=7452  
FromELF: creating hex file...
".\obj\GPRS_Module.axf" - 0 Errors, 32 Warning(s).
Rebuild target 'Target 1'
compiling gprs_com.c...
source\gprs_com.c(424): warning:  #167-D: argument of type "unsigned char *" is incompatible with parameter of type "char *"
source\gprs_com.c(452): warning:  #167-D: argument of type "char *" is incompatible with parameter of type "unsigned char *"
source\gprs_com.c(452): warning:  #167-D: argument of type "char *" is incompatible with parameter of type "unsigned char *"
source\gprs_com.c(471): error:  #142: expression must have pointer-to-object type
source\gprs_com.c(476): error:  #142: expression must have pointer-to-object type
source\gprs_com.c(477): error:  #142: expression must have pointer-to-object type
compiling LPC213x_isr.c...
compiling main.c...
source\main.c(90): warning:  #167-D: argument of type "unsigned char *" is incompatible with parameter of type "char *"
source\main.c(14): warning:  #177-D: variable "temp_var" was declared but never referenced
source\main.c(16): warning:  #177-D: variable "counter_reset_gprs" was declared but never referenced
compiling read_para.c...
source\read_para.c(347): warning:  #167-D: argument of type "unsigned char *" is incompatible with parameter of type "char *"
source\read_para.c(411): warning:  #167-D: argument of type "unsigned char *" is incompatible with parameter of type "char *"
source\read_para.c(521): warning:  #167-D: argument of type "unsigned char *" is incompatible with parameter of type "char *"
source\read_para.c(590): warning:  #167-D: argument of type "unsigned char *" is incompatible with parameter of type "char *"
source\read_para.c(654): warning:  #167-D: argument of type "unsigned char *" is incompatible with parameter of type "char *"
compiling save_flash.c...
source\save_flash.c(476): warning:  #167-D: argument of type "char *" is incompatible with parameter of type "U8 *"
source\save_flash.c(463): warning:  #177-D: variable "numPage" was declared but never referenced
source\save_flash.c(463): warning:  #177-D: variable "modPage" was declared but never referenced
source\save_flash.c(463): warning:  #177-D: variable "index" was declared but never referenced
source\save_flash.c(500): warning:  #167-D: argument of type "char *" is incompatible with parameter of type "U8 *"
source\save_flash.c(490): warning:  #177-D: variable "ptr_add" was declared but never referenced
source\save_flash.c(526): warning:  #177-D: variable "i" was declared but never referenced
compiling stringconvert.c...
compiling variable.c...
compiling m25lc512.c...
source\m25lc512.c(78): warning:  #177-D: variable "k" was declared but never referenced
source\m25lc512.c(93): warning:  #177-D: variable "j" was declared but never referenced
source\m25lc512.c(142): warning:  #188-D: enumerated type mixed with another type
source\m25lc512.c(339): warning:  #188-D: enumerated type mixed with another type
source\m25lc512.c(399): warning:  #177-D: variable "j" was declared but never referenced
source\m25lc512.c(431): warning:  #177-D: variable "j" was declared but never referenced
source\m25lc512.c(475): warning:  #177-D: variable "output_buffer" was declared but never referenced
source\m25lc512.c(477): warning:  #177-D: variable "ucReadData" was declared but never referenced
source\m25lc512.c(477): warning:  #177-D: variable "id" was declared but never referenced
source\m25lc512.c(478): warning:  #177-D: variable "add" was declared but never referenced
source\m25lc512.c(478): warning:  #177-D: variable "buff" was declared but never referenced
source\m25lc512.c(479): warning:  #177-D: variable "data" was declared but never referenced
source\m25lc512.c(479): warning:  #177-D: variable "__buff" was declared but never referenced
source\m25lc512.c(480): warning:  #177-D: variable "r" was declared but never referenced
compiling delay.c...
compiling gpio.c...
compiling iap.c...
compiling init_system.c...
compiling retarget.c...
compiling rtc.c...
compiling timer.c...
compiling uart0.c...
compiling uart1.c...
compiling wdt.c...
compiling spi.c...
assembling Startup.s...
".\obj\GPRS_Module.axf" - 3 Errors, 32 Warning(s).
Target not created
Rebuild target 'Target 1'
compiling gprs_com.c...
source\gprs_com.c(424): warning:  #167-D: argument of type "unsigned char *" is incompatible with parameter of type "char *"
source\gprs_com.c(451): warning:  #167-D: argument of type "char *" is incompatible with parameter of type "unsigned char *"
source\gprs_com.c(451): warning:  #167-D: argument of type "char *" is incompatible with parameter of type "unsigned char *"
source\gprs_com.c(470): error:  #142: expression must have pointer-to-object type
source\gprs_com.c(475): error:  #142: expression must have pointer-to-object type
source\gprs_com.c(476): error:  #142: expression must have pointer-to-object type
compiling LPC213x_isr.c...
compiling main.c...
source\main.c(90): warning:  #167-D: argument of type "unsigned char *" is incompatible with parameter of type "char *"
source\main.c(14): warning:  #177-D: variable "temp_var" was declared but never referenced
source\main.c(16): warning:  #177-D: variable "counter_reset_gprs" was declared but never referenced
compiling read_para.c...
source\read_para.c(347): warning:  #167-D: argument of type "unsigned char *" is incompatible with parameter of type "char *"
source\read_para.c(411): warning:  #167-D: argument of type "unsigned char *" is incompatible with parameter of type "char *"
source\read_para.c(521): warning:  #167-D: argument of type "unsigned char *" is incompatible with parameter of type "char *"
source\read_para.c(590): warning:  #167-D: argument of type "unsigned char *" is incompatible with parameter of type "char *"
source\read_para.c(654): warning:  #167-D: argument of type "unsigned char *" is incompatible with parameter of type "char *"
compiling save_flash.c...
source\save_flash.c(476): warning:  #167-D: argument of type "char *" is incompatible with parameter of type "U8 *"
source\save_flash.c(463): warning:  #177-D: variable "numPage" was declared but never referenced
source\save_flash.c(463): warning:  #177-D: variable "modPage" was declared but never referenced
source\save_flash.c(463): warning:  #177-D: variable "index" was declared but never referenced
source\save_flash.c(500): warning:  #167-D: argument of type "char *" is incompatible with parameter of type "U8 *"
source\save_flash.c(490): warning:  #177-D: variable "ptr_add" was declared but never referenced
source\save_flash.c(526): warning:  #177-D: variable "i" was declared but never referenced
compiling stringconvert.c...
compiling variable.c...
compiling m25lc512.c...
source\m25lc512.c(78): warning:  #177-D: variable "k" was declared but never referenced
source\m25lc512.c(93): warning:  #177-D: variable "j" was declared but never referenced
source\m25lc512.c(142): warning:  #188-D: enumerated type mixed with another type
source\m25lc512.c(339): warning:  #188-D: enumerated type mixed with another type
source\m25lc512.c(399): warning:  #177-D: variable "j" was declared but never referenced
source\m25lc512.c(431): warning:  #177-D: variable "j" was declared but never referenced
source\m25lc512.c(475): warning:  #177-D: variable "output_buffer" was declared but never referenced
source\m25lc512.c(477): warning:  #177-D: variable "ucReadData" was declared but never referenced
source\m25lc512.c(477): warning:  #177-D: variable "id" was declared but never referenced
source\m25lc512.c(478): warning:  #177-D: variable "add" was declared but never referenced
source\m25lc512.c(478): warning:  #177-D: variable "buff" was declared but never referenced
source\m25lc512.c(479): warning:  #177-D: variable "data" was declared but never referenced
source\m25lc512.c(479): warning:  #177-D: variable "__buff" was declared but never referenced
source\m25lc512.c(480): warning:  #177-D: variable "r" was declared but never referenced
compiling delay.c...
compiling gpio.c...
compiling iap.c...
compiling init_system.c...
compiling retarget.c...
compiling rtc.c...
compiling timer.c...
compiling uart0.c...
compiling uart1.c...
compiling wdt.c...
compiling spi.c...
assembling Startup.s...
".\obj\GPRS_Module.axf" - 3 Errors, 32 Warning(s).
Target not created
Rebuild target 'Target 1'
compiling gprs_com.c...
source\gprs_com.c(424): warning:  #167-D: argument of type "unsigned char *" is incompatible with parameter of type "char *"
source\gprs_com.c(411): warning:  #177-D: variable "uTemp" was declared but never referenced
source\gprs_com.c(451): warning:  #167-D: argument of type "char *" is incompatible with parameter of type "unsigned char *"
source\gprs_com.c(451): warning:  #167-D: argument of type "char *" is incompatible with parameter of type "unsigned char *"
source\gprs_com.c(470): error:  #142: expression must have pointer-to-object type
source\gprs_com.c(475): error:  #142: expression must have pointer-to-object type
source\gprs_com.c(476): error:  #142: expression must have pointer-to-object type
compiling LPC213x_isr.c...
compiling main.c...
source\main.c(90): warning:  #167-D: argument of type "unsigned char *" is incompatible with parameter of type "char *"
source\main.c(14): warning:  #177-D: variable "temp_var" was declared but never referenced
source\main.c(16): warning:  #177-D: variable "counter_reset_gprs" was declared but never referenced
compiling read_para.c...
source\read_para.c(347): warning:  #167-D: argument of type "unsigned char *" is incompatible with parameter of type "char *"
source\read_para.c(411): warning:  #167-D: argument of type "unsigned char *" is incompatible with parameter of type "char *"
source\read_para.c(521): warning:  #167-D: argument of type "unsigned char *" is incompatible with parameter of type "char *"
source\read_para.c(590): warning:  #167-D: argument of type "unsigned char *" is incompatible with parameter of type "char *"
source\read_para.c(654): warning:  #167-D: argument of type "unsigned char *" is incompatible with parameter of type "char *"
compiling save_flash.c...
source\save_flash.c(476): warning:  #167-D: argument of type "char *" is incompatible with parameter of type "U8 *"
source\save_flash.c(463): warning:  #177-D: variable "numPage" was declared but never referenced
source\save_flash.c(463): warning:  #177-D: variable "modPage" was declared but never referenced
source\save_flash.c(463): warning:  #177-D: variable "index" was declared but never referenced
source\save_flash.c(500): warning:  #167-D: argument of type "char *" is incompatible with parameter of type "U8 *"
source\save_flash.c(490): warning:  #177-D: variable "ptr_add" was declared but never referenced
source\save_flash.c(526): warning:  #177-D: variable "i" was declared but never referenced
compiling stringconvert.c...
compiling variable.c...
compiling m25lc512.c...
source\m25lc512.c(78): warning:  #177-D: variable "k" was declared but never referenced
source\m25lc512.c(93): warning:  #177-D: variable "j" was declared but never referenced
source\m25lc512.c(142): warning:  #188-D: enumerated type mixed with another type
source\m25lc512.c(339): warning:  #188-D: enumerated type mixed with another type
source\m25lc512.c(399): warning:  #177-D: variable "j" was declared but never referenced
source\m25lc512.c(431): warning:  #177-D: variable "j" was declared but never referenced
source\m25lc512.c(475): warning:  #177-D: variable "output_buffer" was declared but never referenced
source\m25lc512.c(477): warning:  #177-D: variable "ucReadData" was declared but never referenced
source\m25lc512.c(477): warning:  #177-D: variable "id" was declared but never referenced
[...]
source\save_flash.c(504): warning:  #167-D: argument of type "char *" is incompatible with parameter of type "U8 *"
compiling stringconvert.c...
compiling variable.c...
compiling m25lc512.c...
source\main.h(41): warning:  #1295-D: Deprecated declaration vSetupHardware - give arg types
source\m25lc512.c(142): warning:  #188-D: enumerated type mixed with another type
source\m25lc512.c(339): warning:  #188-D: enumerated type mixed with another type
compiling delay.c...
compiling gpio.c...
compiling iap.c...
source\main.h(41): warning:  #1295-D: Deprecated declaration vSetupHardware - give arg types
compiling init_system.c...
compiling retarget.c...
compiling rtc.c...
compiling timer.c...
compiling uart0.c...
compiling uart1.c...
compiling wdt.c...
compiling spi.c...
source\main.h(41): warning:  #1295-D: Deprecated declaration vSetupHardware - give arg types
assembling Startup.s...
linking...
Program Size: Code=28568 RO-data=568 RW-data=2180 ZI-data=7452  
FromELF: creating hex file...
".\obj\GPRS_Module.axf" - 0 Errors, 25 Warning(s).
Rebuild target 'Target 1'
compiling gprs_com.c...
source\main.h(41): warning:  #1295-D: Deprecated declaration vSetupHardware - give arg types
source\gprs_com.c(88): warning:  #177-D: variable "loop" was declared but never referenced
source\gprs_com.c(88): warning:  #177-D: variable "i" was declared but never referenced
source\gprs_com.c(478): warning:  #167-D: argument of type "unsigned char *" is incompatible with parameter of type "char *"
source\gprs_com.c(469): warning:  #177-D: variable "uTemp" was declared but never referenced
source\gprs_com.c(505): warning:  #167-D: argument of type "char *" is incompatible with parameter of type "unsigned char *"
source\gprs_com.c(505): warning:  #167-D: argument of type "char *" is incompatible with parameter of type "unsigned char *"
compiling LPC213x_isr.c...
source\main.h(41): warning:  #1295-D: Deprecated declaration vSetupHardware - give arg types
compiling main.c...
source\main.h(41): warning:  #1295-D: Deprecated declaration vSetupHardware - give arg types
source\main.c(59): warning:  #167-D: argument of type "unsigned char *" is incompatible with parameter of type "char *"
compiling read_para.c...
source\main.h(41): warning:  #1295-D: Deprecated declaration vSetupHardware - give arg types
source\read_para.c(347): warning:  #167-D: argument of type "unsigned char *" is incompatible with parameter of type "char *"
source\read_para.c(411): warning:  #167-D: argument of type "unsigned char *" is incompatible with parameter of type "char *"
source\read_para.c(521): warning:  #167-D: argument of type "unsigned char *" is incompatible with parameter of type "char *"
source\read_para.c(590): warning:  #167-D: argument of type "unsigned char *" is incompatible with parameter of type "char *"
source\read_para.c(654): warning:  #167-D: argument of type "unsigned char *" is incompatible with parameter of type "char *"
compiling save_flash.c...
source\main.h(41): warning:  #1295-D: Deprecated declaration vSetupHardware - give arg types
source\save_flash.c(481): warning:  #167-D: argument of type "char *" is incompatible with parameter of type "U8 *"
source\save_flash.c(468): warning:  #177-D: variable "modPage" was declared but never referenced
source\save_flash.c(504): warning:  #167-D: argument of type "char *" is incompatible with parameter of type "U8 *"
compiling stringconvert.c...
compiling variable.c...
compiling m25lc512.c...
source\main.h(41): warning:  #1295-D: Deprecated declaration vSetupHardware - give arg types
source\m25lc512.c(142): warning:  #188-D: enumerated type mixed with another type
source\m25lc512.c(339): warning:  #188-D: enumerated type mixed with another type
compiling delay.c...
compiling gpio.c...
compiling iap.c...
source\main.h(41): warning:  #1295-D: Deprecated declaration vSetupHardware - give arg types
compiling init_system.c...
compiling retarget.c...
compiling rtc.c...
compiling timer.c...
compiling uart0.c...
compiling uart1.c...
compiling wdt.c...
compiling spi.c...
source\main.h(41): warning:  #1295-D: Deprecated declaration vSetupHardware - give arg types
assembling Startup.s...
linking...
Program Size: Code=28568 RO-data=568 RW-data=2180 ZI-data=7452  
FromELF: creating hex file...
".\obj\GPRS_Module.axf" - 0 Errors, 25 Warning(s).
Rebuild target 'Target 1'
compiling gprs_com.c...
source\gprs_com.c(88): warning:  #177-D: variable "loop" was declared but never referenced
source\gprs_com.c(88): warning:  #177-D: variable "i" was declared but never referenced
source\gprs_com.c(478): warning:  #167-D: argument of type "unsigned char *" is incompatible with parameter of type "char *"
source\gprs_com.c(469): warning:  #177-D: variable "uTemp" was declared but never referenced
source\gprs_com.c(505): warning:  #167-D: argument of type "char *" is incompatible with parameter of type "unsigned char *"
source\gprs_com.c(505): warning:  #167-D: argument of type "char *" is incompatible with parameter of type "unsigned char *"
compiling LPC213x_isr.c...
compiling main.c...
source\main.c(59): warning:  #167-D: argument of type "unsigned char *" is incompatible with parameter of type "char *"
compiling read_para.c...
source\read_para.c(347): warning:  #167-D: argument of type "unsigned char *" is incompatible with parameter of type "char *"
source\read_para.c(411): warning:  #167-D: argument of type "unsigned char *" is incompatible with parameter of type "char *"
source\read_para.c(521): warning:  #167-D: argument of type "unsigned char *" is incompatible with parameter of type "char *"
source\read_para.c(590): warning:  #167-D: argument of type "unsigned char *" is incompatible with parameter of type "char *"
source\read_para.c(654): warning:  #167-D: argument of type "unsigned char *" is incompatible with parameter of type "char *"
compiling save_flash.c...
source\save_flash.c(481): warning:  #167-D: argument of type "char *" is incompatible with parameter of type "U8 *"
source\save_flash.c(468): warning:  #177-D: variable "modPage" was declared but never referenced
source\save_flash.c(504): warning:  #167-D: argument of type "char *" is incompatible with parameter of type "U8 *"
compiling stringconvert.c...
compiling variable.c...
compiling m25lc512.c...
source\m25lc512.c(142): warning:  #188-D: enumerated type mixed with another type
source\m25lc512.c(339): warning:  #188-D: enumerated type mixed with another type
compiling delay.c...
compiling gpio.c...
compiling iap.c...
compiling init_system.c...
compiling retarget.c...
compiling rtc.c...
compiling timer.c...
compiling uart0.c...
compiling uart1.c...
compiling wdt.c...
compiling spi.c...
assembling Startup.s...
linking...
Program Size: Code=28568 RO-data=568 RW-data=2180 ZI-data=7452  
FromELF: creating hex file...
".\obj\GPRS_Module.axf" - 0 Errors, 17 Warning(s).
Rebuild target 'Target 1'
compiling gprs_com.c...
source\gprs_com.c(88): warning:  #177-D: variable "loop" was declared but never referenced
source\gprs_com.c(88): warning:  #177-D: variable "i" was declared but never referenced
source\gprs_com.c(478): warning:  #167-D: argument of type "unsigned char *" is incompatible with parameter of type "char *"
source\gprs_com.c(469): warning:  #177-D: variable "uTemp" was declared but never referenced
source\gprs_com.c(505): warning:  #167-D: argument of type "char *" is incompatible with parameter of type "unsigned char *"
source\gprs_com.c(505): warning:  #167-D: argument of type "char *" is incompatible with parameter of type "unsigned char *"
compiling LPC213x_isr.c...
compiling main.c...
source\main.c(59): warning:  #167-D: argument of type "unsigned char *" is incompatible with parameter of type "char *"
compiling read_para.c...
source\read_para.c(347): warning:  #167-D: argument of type "unsigned char *" is incompatible with parameter of type "char *"
source\read_para.c(411): warning:  #167-D: argument of type "unsigned char *" is incompatible with parameter of type "char *"
source\read_para.c(521): warning:  #167-D: argument of type "unsigned char *" is incompatible with parameter of type "char *"
source\read_para.c(590): warning:  #167-D: argument of type "unsigned char *" is incompatible with parameter of type "char *"
source\read_para.c(654): warning:  #167-D: argument of type "unsigned char *" is incompatible with parameter of type "char *"
compiling save_flash.c...
source\save_flash.c(481): warning:  #167-D: argument of type "char *" is incompatible with parameter of type "U8 *"
source\save_flash.c(468): warning:  #177-D: variable "modPage" was declared but never referenced
source\save_flash.c(504): warning:  #167-D: argument of type "char *" is incompatible with parameter of type "U8 *"
compiling stringconvert.c...
compiling variable.c...
compiling m25lc512.c...
source\m25lc512.c(142): warning:  #188-D: enumerated type mixed with another type
source\m25lc512.c(339): warning:  #188-D: enumerated type mixed with another type
compiling delay.c...
compiling gpio.c...
compiling iap.c...
compiling init_system.c...
compiling retarget.c...
compiling rtc.c...
compiling timer.c...
compiling uart0.c...
compiling uart1.c...
compiling wdt.c...
compiling spi.c...
assembling Startup.s...
linking...
Program Size: Code=28568 RO-data=568 RW-data=2180 ZI-data=7452  
FromELF: creating hex file...
".\obj\GPRS_Module.axf" - 0 Errors, 17 Warning(s).
Rebuild target 'Target 1'
compiling gprs_com.c...
source\gprs_com.c(88): warning:  #177-D: variable "loop" was declared but never referenced
source\gprs_com.c(88): warning:  #177-D: variable "i" was declared but never referenced
source\gprs_com.c(478): warning:  #167-D: argument of type "unsigned char *" is incompatible with parameter of type "char *"
source\gprs_com.c(469): warning:  #177-D: variable "uTemp" was declared but never referenced
source\gprs_com.c(505): warning:  #167-D: argument of type "char *" is incompatible with parameter of type "unsigned char *"
source\gprs_com.c(505): warning:  #167-D: argument of type "char *" is incompatible with parameter of type "unsigned char *"
compiling LPC213x_isr.c...
compiling main.c...
source\main.c(59): warning:  #167-D: argument of type "unsigned char *" is incompatible with parameter of type "char *"
compiling read_para.c...
source\read_para.c(347): warning:  #167-D: argument of type "unsigned char *" is incompatible with parameter of type "char *"
source\read_para.c(411): warning:  #167-D: argument of type "unsigned char *" is incompatible with parameter of type "char *"
source\read_para.c(521): warning:  #167-D: argument of type "unsigned char *" is incompatible with parameter of type "char *"
source\read_para.c(590): warning:  #167-D: argument of type "unsigned char *" is incompatible with parameter of type "char *"
source\read_para.c(654): warning:  #167-D: argument of type "unsigned char *" is incompatible with parameter of type "char *"
compiling save_flash.c...
source\save_flash.c(481): warning:  #167-D: argument of type "char *" is incompatible with parameter of type "U8 *"
source\save_flash.c(468): warning:  #177-D: variable "modPage" was declared but never referenced
source\save_flash.c(504): warning:  #167-D: argument of type "char *" is incompatible with parameter of type "U8 *"
compiling stringconvert.c...
compiling variable.c...
compiling m25lc512.c...
source\m25lc512.c(142): warning:  #188-D: enumerated type mixed with another type
source\m25lc512.c(339): warning:  #188-D: enumerated type mixed with another type
compiling delay.c...
compiling gpio.c...
compiling iap.c...
compiling init_system.c...
compiling retarget.c...
compiling rtc.c...
compiling timer.c...
compiling uart0.c...
compiling uart1.c...
compiling wdt.c...
compiling spi.c...
assembling Startup.s...
linking...
Program Size: Code=28568 RO-data=568 RW-data=2180 ZI-data=7452  
FromELF: creating hex file...
".\obj\GPRS_Module.axf" - 0 Errors, 17 Warning(s).
Rebuild target 'Target 1'
compiling gprs_com.c...
source\gprs_com.c(88): warning:  #177-D: variable "loop" was declared but never referenced
source\gprs_com.c(88): warning:  #177-D: variable "i" was declared but never referenced
source\gprs_com.c(478): warning:  #167-D: argument of type "unsigned char *" is incompatible with parameter of type "char *"
source\gprs_com.c(469): warning:  #177-D: variable "uTemp" was declared but never referenced
source\gprs_com.c(505): warning:  #167-D: argument of type "char *" is incompatible with parameter of type "unsigned char *"
source\gprs_com.c(505): warning:  #167-D: argument of type "char *" is incompatible with parameter of type "unsigned char *"
compiling LPC213x_isr.c...
compiling main.c...
source\main.c(59): warning:  #167-D: argument of type "unsigned char *" is incompatible with parameter of type "char *"
compiling read_para.c...
source\read_para.c(347): warning:  #167-D: argument of type "unsigned char *" is incompatible with parameter of type "char *"
source\read_para.c(411): warning:  #167-D: argument of type "unsigned char *" is incompatible with parameter of type "char *"
source\read_para.c(521): warning:  #167-D: argument of type "unsigned char *" is incompatible with parameter of type "char *"
source\read_para.c(590): warning:  #167-D: argument of type "unsigned char *" is incompatible with parameter of type "char *"
source\read_para.c(654): warning:  #167-D: argument of type "unsigned char *" is incompatible with parameter of type "char *"
compiling save_flash.c...
source\save_flash.c(481): warning:  #167-D: argument of type "char *" is incompatible with parameter of type "U8 *"
source\save_flash.c(468): warning:  #177-D: variable "modPage" was declared but never referenced
source\save_flash.c(504): warning:  #167-D: argument of type "char *" is incompatible with parameter of type "U8 *"
compiling stringconvert.c...
compiling variable.c...
compiling m25lc512.c...
source\m25lc512.c(142): warning:  #188-D: enumerated type mixed with another type
source\m25lc512.c(339): warning:  #188-D: enumerated type mixed with another type
compiling delay.c...
compiling gpio.c...
compiling iap.c...
compiling init_system.c...
compiling retarget.c...
compiling rtc.c...
compiling timer.c...
compiling uart0.c...
compiling uart1.c...
compiling wdt.c...
compiling spi.c...
assembling Startup.s...
linking...
Program Size: Code=28568 RO-data=568 RW-data=2180 ZI-data=7452  
FromELF: creating hex file...
".\obj\GPRS_Module.axf" - 0 Errors, 17 Warning(s).
Build target 'Target 1'
compiling main.c...
source\main.c(59): warning:  #167-D: argument of type "unsigned char *" is incompatible with parameter of type "char *"
linking...
Program Size: Code=28568 RO-data=568 RW-data=2180 ZI-data=7452  
FromELF: creating hex file...
".\obj\GPRS_Module.axf" - 0 Errors, 1 Warning(s).
Rebuild target 'Target 1'
compiling gprs_com.c...
source\gprs_com.c(88): warning:  #177-D: variable "loop" was declared but never referenced
source\gprs_com.c(88): warning:  #177-D: variable "i" was declared but never referenced
source\gprs_com.c(478): warning:  #167-D: argument of type "unsigned char *" is incompatible with parameter of type "char *"
source\gprs_com.c(469): warning:  #177-D: variable "uTemp" was declared but never referenced
source\gprs_com.c(505): warning:  #167-D: argument of type "char *" is incompatible with parameter of type "unsigned char *"
source\gprs_com.c(505): warning:  #167-D: argument of type "char *" is incompatible with parameter of type "unsigned char *"
compiling LPC213x_isr.c...
compiling main.c...
source\main.c(59): warning:  #167-D: argument of type "unsigned char *" is incompatible with parameter of type "char *"
compiling read_para.c...
source\read_para.c(347): warning:  #167-D: argument of type "unsigned char *" is incompatible with parameter of type "char *"
source\read_para.c(411): warning:  #167-D: argument of type "unsigned char *" is incompatible with parameter of type "char *"
source\read_para.c(521): warning:  #167-D: argument of type "unsigned char *" is incompatible with parameter of type "char *"
source\read_para.c(590): warning:  #167-D: argument of type "unsigned char *" is incompatible with parameter of type "char *"
source\read_para.c(654): warning:  #167-D: argument of type "unsigned char *" is incompatible with parameter of type "char *"
compiling save_flash.c...
source\save_flash.c(481): warning:  #167-D: argument of type "char *" is incompatible with parameter of type "U8 *"
source\save_flash.c(468): warning:  #177-D: variable "modPage" was declared but never referenced
source\save_flash.c(504): warning:  #167-D: argument of type "char *" is incompatible with parameter of type "U8 *"
compiling stringconvert.c...
compiling variable.c...
compiling m25lc512.c...
source\m25lc512.c(142): warning:  #188-D: enumerated type mixed with another type
source\m25lc512.c(339): warning:  #188-D: enumerated type mixed with another type
compiling delay.c...
compiling gpio.c...
compiling iap.c...
compiling init_system.c...
compiling retarget.c...
compiling rtc.c...
compiling timer.c...
compiling uart0.c...
compiling uart1.c...
compiling wdt.c...
compiling spi.c...
assembling Startup.s...
linking...
Program Size: Code=28568 RO-data=568 RW-data=2180 ZI-data=7452  
FromELF: creating hex file...
".\obj\GPRS_Module.axf" - 0 Errors, 17 Warning(s).
Build target 'Target 1'
linking...
Program Size: Code=28568 RO-data=568 RW-data=2180 ZI-data=7452  
FromELF: creating hex file...
".\obj\GPRS_Module.axf" - 0 Errors, 0 Warning(s).
Rebuild target 'Target 1'
compiling gprs_com.c...
source\gprs_com.c(88): warning:  #177-D: variable "loop" was declared but never referenced
source\gprs_com.c(88): warning:  #177-D: variable "i" was declared but never referenced
source\gprs_com.c(478): warning:  #167-D: argument of type "unsigned char *" is incompatible with parameter of type "char *"
source\gprs_com.c(469): warning:  #177-D: variable "uTemp" was declared but never referenced
source\gprs_com.c(505): warning:  #167-D: argument of type "char *" is incompatible with parameter of type "unsigned char *"
source\gprs_com.c(505): warning:  #167-D: argument of type "char *" is incompatible with parameter of type "unsigned char *"
compiling LPC213x_isr.c...
compiling main.c...
source\main.c(59): warning:  #167-D: argument of type "unsigned char *" is incompatible with parameter of type "char *"
compiling read_para.c...
source\read_para.c(347): warning:  #167-D: argument of type "unsigned char *" is incompatible with parameter of type "char *"
source\read_para.c(411): warning:  #167-D: argument of type "unsigned char *" is incompatible with parameter of type "char *"
source\read_para.c(521): warning:  #167-D: argument of type "unsigned char *" is incompatible with parameter of type "char *"
source\read_para.c(590): warning:  #167-D: argument of type "unsigned char *" is incompatible with parameter of type "char *"
source\read_para.c(654): warning:  #167-D: argument of type "unsigned char *" is incompatible with parameter of type "char *"
compiling save_flash.c...
source\save_flash.c(481): warning:  #167-D: argument of type "char *" is incompatible with parameter of type "U8 *"
source\save_flash.c(468): warning:  #177-D: variable "modPage" was declared but never referenced
source\save_flash.c(504): warning:  #167-D: argument of type "char *" is incompatible with parameter of type "U8 *"
compiling stringconvert.c...
compiling variable.c...
compiling m25lc512.c...
source\m25lc512.c(142): warning:  #188-D: enumerated type mixed with another type
source\m25lc512.c(339): warning:  #188-D: enumerated type mixed with another type
compiling delay.c...
compiling gpio.c...
compiling iap.c...
compiling init_system.c...
compiling retarget.c...
compiling rtc.c...
compiling timer.c...
compiling uart0.c...
compiling uart1.c...
compiling wdt.c...
compiling spi.c...
assembling Startup.s...
linking...
Program Size: Code=28568 RO-data=568 RW-data=2180 ZI-data=7452  
FromELF: creating hex file...
".\obj\GPRS_Module.axf" - 0 Errors, 17 Warning(s).
