<html>
<body>
<pre>
<h1>µVision Build Log</h1>
<h2>Project:</h2>
E:\WORKSPACE_GIT\GPRS_1Pha_SIM800C_07032016\GPRS-OFFICIAL-V1_0\GPRS_Module.uvproj
Project File Date:  11/26/2015

<h2>Output:</h2>
Rebuild target 'Target 1'
compiling gprs_com.c...
source\gprs_com.c(297): warning:  #177-D: variable "length" was declared but never referenced
source\gprs_com.c(328): warning:  #177-D: variable "length" was declared but never referenced
source\gprs_com.c(328): warning:  #177-D: variable "j" was declared but never referenced
source\gprs_com.c(329): warning:  #177-D: variable "byte_send" was declared but never referenced
source\gprs_com.c(330): warning:  #177-D: variable "a" was declared but never referenced
source\gprs_com.c(330): warning:  #177-D: variable "b" was declared but never referenced
source\gprs_com.c(562): warning:  #167-D: argument of type "unsigned char *" is incompatible with parameter of type "char *"
compiling LPC213x_isr.c...
compiling main.c...
source\main.c(113): warning:  #167-D: argument of type "unsigned char *" is incompatible with parameter of type "char *"
compiling read_para.c...
source\read_para.c(339): warning:  #167-D: argument of type "unsigned char *" is incompatible with parameter of type "char *"
source\read_para.c(403): warning:  #167-D: argument of type "unsigned char *" is incompatible with parameter of type "char *"
source\read_para.c(512): warning:  #167-D: argument of type "unsigned char *" is incompatible with parameter of type "char *"
source\read_para.c(581): warning:  #167-D: argument of type "unsigned char *" is incompatible with parameter of type "char *"
source\read_para.c(644): warning:  #167-D: argument of type "unsigned char *" is incompatible with parameter of type "char *"
compiling save_flash.c...
compiling stringconvert.c...
compiling variable.c...
compiling delay.c...
compiling gpio.c...
compiling iap.c...
source\iap.c(535): warning:  #186-D: pointless comparison of unsigned integer with zero
compiling init_system.c...
compiling retarget.c...
compiling rtc.c...
compiling timer.c...
compiling uart0.c...
compiling uart1.c...
compiling wdt.c...
assembling Startup.s...
linking...
Program Size: Code=26964 RO-data=364 RW-data=2220 ZI-data=7444  
FromELF: creating hex file...
".\obj\GPRS_Module.axf" - 0 Errors, 14 Warning(s).
Rebuild target 'Target 1'
compiling gprs_com.c...
source\gprs_com.c(297): warning:  #177-D: variable "length" was declared but never referenced
source\gprs_com.c(328): warning:  #177-D: variable "length" was declared but never referenced
source\gprs_com.c(328): warning:  #177-D: variable "j" was declared but never referenced
source\gprs_com.c(329): warning:  #177-D: variable "byte_send" was declared but never referenced
source\gprs_com.c(330): warning:  #177-D: variable "a" was declared but never referenced
source\gprs_com.c(330): warning:  #177-D: variable "b" was declared but never referenced
source\gprs_com.c(562): warning:  #167-D: argument of type "unsigned char *" is incompatible with parameter of type "char *"
compiling LPC213x_isr.c...
compiling main.c...
source\main.c(113): warning:  #167-D: argument of type "unsigned char *" is incompatible with parameter of type "char *"
compiling read_para.c...
source\read_para.c(339): warning:  #167-D: argument of type "unsigned char *" is incompatible with parameter of type "char *"
source\read_para.c(403): warning:  #167-D: argument of type "unsigned char *" is incompatible with parameter of type "char *"
source\read_para.c(512): warning:  #167-D: argument of type "unsigned char *" is incompatible with parameter of type "char *"
source\read_para.c(581): warning:  #167-D: argument of type "unsigned char *" is incompatible with parameter of type "char *"
source\read_para.c(644): warning:  #167-D: argument of type "unsigned char *" is incompatible with parameter of type "char *"
compiling save_flash.c...
compiling stringconvert.c...
compiling variable.c...
compiling delay.c...
compiling gpio.c...
compiling iap.c...
source\iap.c(535): warning:  #186-D: pointless comparison of unsigned integer with zero
compiling init_system.c...
compiling retarget.c...
compiling rtc.c...
compiling timer.c...
compiling uart0.c...
compiling uart1.c...
compiling wdt.c...
assembling Startup.s...
linking...
Program Size: Code=26940 RO-data=364 RW-data=2220 ZI-data=7444  
FromELF: creating hex file...
".\obj\GPRS_Module.axf" - 0 Errors, 14 Warning(s).
Rebuild target 'Target 1'
compiling gprs_com.c...
source\gprs_com.c(297): warning:  #177-D: variable "length" was declared but never referenced
source\gprs_com.c(328): warning:  #177-D: variable "length" was declared but never referenced
source\gprs_com.c(328): warning:  #177-D: variable "j" was declared but never referenced
source\gprs_com.c(329): warning:  #177-D: variable "byte_send" was declared but never referenced
source\gprs_com.c(330): warning:  #177-D: variable "a" was declared but never referenced
source\gprs_com.c(330): warning:  #177-D: variable "b" was declared but never referenced
source\gprs_com.c(562): warning:  #167-D: argument of type "unsigned char *" is incompatible with parameter of type "char *"
compiling LPC213x_isr.c...
compiling main.c...
source\main.c(113): warning:  #167-D: argument of type "unsigned char *" is incompatible with parameter of type "char *"
compiling read_para.c...
source\read_para.c(339): warning:  #167-D: argument of type "unsigned char *" is incompatible with parameter of type "char *"
source\read_para.c(403): warning:  #167-D: argument of type "unsigned char *" is incompatible with parameter of type "char *"
source\read_para.c(512): warning:  #167-D: argument of type "unsigned char *" is incompatible with parameter of type "char *"
source\read_para.c(581): warning:  #167-D: argument of type "unsigned char *" is incompatible with parameter of type "char *"
source\read_para.c(644): warning:  #167-D: argument of type "unsigned char *" is incompatible with parameter of type "char *"
compiling save_flash.c...
compiling stringconvert.c...
compiling variable.c...
compiling delay.c...
compiling gpio.c...
compiling iap.c...
source\iap.c(535): warning:  #186-D: pointless comparison of unsigned integer with zero
compiling init_system.c...
compiling retarget.c...
compiling rtc.c...
compiling timer.c...
compiling uart0.c...
compiling uart1.c...
compiling wdt.c...
assembling Startup.s...
linking...
Program Size: Code=26940 RO-data=364 RW-data=2220 ZI-data=7444  
FromELF: creating hex file...
".\obj\GPRS_Module.axf" - 0 Errors, 14 Warning(s).
