<!doctype html public "-//w3c//dtd html 4.0 transitional//en">
<html><head>
<title>Static Call Graph - [.\obj\GPRS_Module.axf]</title></head>
<body><HR>
<H1>Static Call Graph for image .\obj\GPRS_Module.axf</H1><HR>
<BR><P>#&#060CALLGRAPH&#062# ARM Linker, 5.03 [Build 76]: Last Updated: Fri Apr 15 08:48:05 2016
<BR><P>
<H3>Maximum Stack Usage =        376 bytes + Unknown(Functions without stacksize, Cycles, Untraceable Function Pointers)</H3><H3>
Call chain for Maximum Stack Depth:</H3>
main &rArr; get_command_from_server &rArr; process_data_rx_from_server &rArr; process_server_write_mode &rArr; write_data_metter &rArr; write_data &rArr; load_data_meter &rArr; __2sprintf &rArr; _printf_char_common &rArr; __printf
<P>
<H3>
Functions with no stack information
</H3><UL>
 <LI><a href="#[3]">Reset_Handler</a>
 <LI><a href="#[dc]">__user_initial_stackheap</a>
 <LI><a href="#[4]">Undef_Handler</a>
 <LI><a href="#[5]">SWI_Handler</a>
 <LI><a href="#[6]">PAbt_Handler</a>
 <LI><a href="#[7]">DAbt_Handler</a>
 <LI><a href="#[8]">IRQ_Handler</a>
 <LI><a href="#[9]">FIQ_Handler</a>
</UL>
</UL>
<P>
<H3>
Mutually Recursive functions
</H3> <LI><a href="#[4]">Undef_Handler</a>&nbsp;&nbsp;&nbsp;&rArr;&nbsp;&nbsp;&nbsp;<a href="#[4]">Undef_Handler</a><BR>
 <LI><a href="#[5]">SWI_Handler</a>&nbsp;&nbsp;&nbsp;&rArr;&nbsp;&nbsp;&nbsp;<a href="#[5]">SWI_Handler</a><BR>
 <LI><a href="#[6]">PAbt_Handler</a>&nbsp;&nbsp;&nbsp;&rArr;&nbsp;&nbsp;&nbsp;<a href="#[6]">PAbt_Handler</a><BR>
 <LI><a href="#[7]">DAbt_Handler</a>&nbsp;&nbsp;&nbsp;&rArr;&nbsp;&nbsp;&nbsp;<a href="#[7]">DAbt_Handler</a><BR>
 <LI><a href="#[8]">IRQ_Handler</a>&nbsp;&nbsp;&nbsp;&rArr;&nbsp;&nbsp;&nbsp;<a href="#[8]">IRQ_Handler</a><BR>
 <LI><a href="#[9]">FIQ_Handler</a>&nbsp;&nbsp;&nbsp;&rArr;&nbsp;&nbsp;&nbsp;<a href="#[9]">FIQ_Handler</a><BR>
</UL>
<P>
<H3>
Function Pointers
</H3><UL>
 <LI><a href="#[7]">DAbt_Handler</a> from startup.o(RESET) referenced from startup.o(RESET)
 <LI><a href="#[c]">DefaultVICHandler</a> from lpc213x_isr.o(.text) referenced from main.o(.text)
 <LI><a href="#[9]">FIQ_Handler</a> from startup.o(RESET) referenced from startup.o(RESET)
 <LI><a href="#[8]">IRQ_Handler</a> from startup.o(RESET) referenced from startup.o(RESET)
 <LI><a href="#[6]">PAbt_Handler</a> from startup.o(RESET) referenced from startup.o(RESET)
 <LI><a href="#[bb]">RTCHandler</a> from rtc.o(.text) referenced from rtc.o(.text)
 <LI><a href="#[3]">Reset_Handler</a> from startup.o(RESET) referenced from startup.o(RESET)
 <LI><a href="#[5]">SWI_Handler</a> from startup.o(RESET) referenced from startup.o(RESET)
 <LI><a href="#[4]">Undef_Handler</a> from startup.o(RESET) referenced from startup.o(RESET)
 <LI><a href="#[15]">__main</a> from __main.o(!!!main) referenced from startup.o(RESET)
 <LI><a href="#[12]">_get_lc_ctype</a> from lc_ctype_c.o(locale$$code) referenced from rt_ctype_table.o(.text)
 <LI><a href="#[13]">_printf_input_char</a> from _printf_char_common.o(.text) referenced from _printf_char_common.o(.text)
 <LI><a href="#[11]">_sputc</a> from _sputc.o(.text) referenced from noretval__2sprintf.o(.text)
 <LI><a href="#[14]">fputc</a> from retarget.o(.text) referenced from _printf_char_file.o(.text)
 <LI><a href="#[b]">main</a> from main.o(.text) referenced from rtentry2.o(.ARM.Collect$$rtentry$$0000000D)
 <LI><a href="#[d]">myTimer0_ISR</a> from lpc213x_isr.o(.text) referenced from timer.o(.text)
 <LI><a href="#[e]">myTimer1_ISR</a> from lpc213x_isr.o(.text) referenced from timer.o(.text)
 <LI><a href="#[f]">myUart0_ISR</a> from lpc213x_isr.o(.text) referenced from uart0.o(.text)
 <LI><a href="#[10]">myUart1_ISR</a> from lpc213x_isr.o(.text) referenced from uart1.o(.text)
</UL>
<P>
<H3>
Global Symbols
</H3>
<P><STRONG><a name="[3]"></a>Reset_Handler</STRONG> (ARM, 0 bytes, Stack size unknown bytes, startup.o(RESET))
<BR>[Address Reference Count : 1]<UL><LI> startup.o(RESET)
</UL>
<P><STRONG><a name="[15]"></a>__main</STRONG> (ARM, 8 bytes, Stack size 0 bytes, __main.o(!!!main))
<BR><BR>[Calls]<UL><LI><a href="#[17]">&gt;&gt;</a>&nbsp;&nbsp;&nbsp;__rt_entry
<LI><a href="#[16]">&gt;&gt;</a>&nbsp;&nbsp;&nbsp;__scatterload
</UL>

<P><STRONG><a name="[16]"></a>__scatterload</STRONG> (ARM, 0 bytes, Stack size unknown bytes, __scatter.o(!!!scatter))
<BR><BR>[Called By]<UL><LI><a href="#[15]">&gt;&gt;</a>&nbsp;&nbsp;&nbsp;__main
</UL>

<P><STRONG><a name="[18]"></a>__scatterload_rt2</STRONG> (ARM, 52 bytes, Stack size unknown bytes, __scatter.o(!!!scatter), UNUSED)
<BR><BR>[Calls]<UL><LI><a href="#[17]">&gt;&gt;</a>&nbsp;&nbsp;&nbsp;__rt_entry
</UL>

<P><STRONG><a name="[e4]"></a>__scatterload_null</STRONG> (ARM, 0 bytes, Stack size unknown bytes, __scatter.o(!!!scatter), UNUSED)

<P><STRONG><a name="[e5]"></a>__decompress</STRONG> (ARM, 92 bytes, Stack size unknown bytes, __dczerorl2.o(!!dczerorl2), UNUSED)

<P><STRONG><a name="[e6]"></a>__decompress1</STRONG> (ARM, 0 bytes, Stack size unknown bytes, __dczerorl2.o(!!dczerorl2), UNUSED)

<P><STRONG><a name="[e7]"></a>__scatterload_zeroinit</STRONG> (ARM, 44 bytes, Stack size unknown bytes, __scatter_zi.o(!!handler_zi), UNUSED)

<P><STRONG><a name="[cd]"></a>_printf_percent</STRONG> (ARM, 0 bytes, Stack size unknown bytes, _printf_percent.o(.ARM.Collect$$_printf_percent$$00000000))
<BR><BR>[Called By]<UL><LI><a href="#[ca]">&gt;&gt;</a>&nbsp;&nbsp;&nbsp;__printf (via Veneer)
</UL>

<P><STRONG><a name="[19]"></a>_printf_u</STRONG> (ARM, 0 bytes, Stack size unknown bytes, _printf_u.o(.ARM.Collect$$_printf_percent$$0000000A))
<BR><BR>[Stack]<UL><LI>Max Depth = 88 + Unknown Stack Size
<LI>Call Chain = _printf_u &rArr; _printf_int_dec &rArr; _printf_int_common &rArr; _printf_post_padding
</UL>
<BR>[Calls]<UL><LI><a href="#[1a]">&gt;&gt;</a>&nbsp;&nbsp;&nbsp;_printf_int_dec (via Veneer)
</UL>

<P><STRONG><a name="[1b]"></a>_printf_x</STRONG> (ARM, 0 bytes, Stack size unknown bytes, _printf_x.o(.ARM.Collect$$_printf_percent$$0000000C))
<BR><BR>[Stack]<UL><LI>Max Depth = 72 + Unknown Stack Size
<LI>Call Chain = _printf_x &rArr; _printf_int_hex &rArr; _printf_int_common &rArr; _printf_post_padding
</UL>
<BR>[Calls]<UL><LI><a href="#[1c]">&gt;&gt;</a>&nbsp;&nbsp;&nbsp;_printf_int_hex (via Veneer)
</UL>

<P><STRONG><a name="[1d]"></a>_printf_c</STRONG> (ARM, 0 bytes, Stack size unknown bytes, _printf_c.o(.ARM.Collect$$_printf_percent$$00000013))
<BR><BR>[Stack]<UL><LI>Max Depth = 40 + Unknown Stack Size
<LI>Call Chain = _printf_c &rArr; _printf_char &rArr; _printf_cs_common &rArr; _printf_str &rArr; _printf_post_padding
</UL>
<BR>[Calls]<UL><LI><a href="#[1e]">&gt;&gt;</a>&nbsp;&nbsp;&nbsp;_printf_char (via Veneer)
</UL>

<P><STRONG><a name="[1f]"></a>_printf_s</STRONG> (ARM, 0 bytes, Stack size unknown bytes, _printf_s.o(.ARM.Collect$$_printf_percent$$00000014))
<BR><BR>[Stack]<UL><LI>Max Depth = 40 + Unknown Stack Size
<LI>Call Chain = _printf_s &rArr; _printf_string &rArr; _printf_cs_common &rArr; _printf_str &rArr; _printf_post_padding
</UL>
<BR>[Calls]<UL><LI><a href="#[20]">&gt;&gt;</a>&nbsp;&nbsp;&nbsp;_printf_string (via Veneer)
</UL>

<P><STRONG><a name="[e8]"></a>_printf_percent_end</STRONG> (ARM, 0 bytes, Stack size unknown bytes, _printf_percent_end.o(.ARM.Collect$$_printf_percent$$00000017))

<P><STRONG><a name="[27]"></a>__rt_lib_init</STRONG> (Thumb, 0 bytes, Stack size unknown bytes, libinit.o(.ARM.Collect$$libinit$$00000000))
<BR><BR>[Called By]<UL><LI><a href="#[26]">&gt;&gt;</a>&nbsp;&nbsp;&nbsp;__rt_entry_li (via Veneer)
</UL>

<P><STRONG><a name="[e9]"></a>__rt_lib_init_fp_1</STRONG> (Thumb, 0 bytes, Stack size unknown bytes, libinit2.o(.ARM.Collect$$libinit$$00000002))

<P><STRONG><a name="[ea]"></a>__rt_lib_init_heap_1</STRONG> (Thumb, 0 bytes, Stack size unknown bytes, libinit2.o(.ARM.Collect$$libinit$$00000008))

<P><STRONG><a name="[21]"></a>__rt_lib_init_lc_common</STRONG> (Thumb, 0 bytes, Stack size unknown bytes, libinit2.o(.ARM.Collect$$libinit$$0000000D))
<BR><BR>[Calls]<UL><LI><a href="#[22]">&gt;&gt;</a>&nbsp;&nbsp;&nbsp;__rt_locale (via Veneer)
</UL>

<P><STRONG><a name="[eb]"></a>__rt_lib_init_rand_1</STRONG> (Thumb, 0 bytes, Stack size unknown bytes, libinit2.o(.ARM.Collect$$libinit$$0000000C))

<P><STRONG><a name="[ec]"></a>__rt_lib_init_user_alloc_1</STRONG> (Thumb, 0 bytes, Stack size unknown bytes, libinit2.o(.ARM.Collect$$libinit$$0000000A))

<P><STRONG><a name="[ed]"></a>__rt_lib_init_lc_collate_1</STRONG> (Thumb, 0 bytes, Stack size unknown bytes, libinit2.o(.ARM.Collect$$libinit$$0000000F))

<P><STRONG><a name="[23]"></a>__rt_lib_init_lc_ctype_2</STRONG> (Thumb, 0 bytes, Stack size unknown bytes, libinit2.o(.ARM.Collect$$libinit$$00000010))
<BR><BR>[Stack]<UL><LI>Max Depth = 12 + Unknown Stack Size
<LI>Call Chain = __rt_lib_init_lc_ctype_2 &rArr; _get_lc_ctype &rArr; strcmp
</UL>
<BR>[Calls]<UL><LI><a href="#[12]">&gt;&gt;</a>&nbsp;&nbsp;&nbsp;_get_lc_ctype (via Veneer)
</UL>

<P><STRONG><a name="[ee]"></a>__rt_lib_init_alloca_1</STRONG> (Thumb, 0 bytes, Stack size unknown bytes, libinit2.o(.ARM.Collect$$libinit$$0000002C))

<P><STRONG><a name="[ef]"></a>__rt_lib_init_argv_1</STRONG> (Thumb, 0 bytes, Stack size unknown bytes, libinit2.o(.ARM.Collect$$libinit$$0000002A))

<P><STRONG><a name="[f0]"></a>__rt_lib_init_atexit_1</STRONG> (Thumb, 0 bytes, Stack size unknown bytes, libinit2.o(.ARM.Collect$$libinit$$00000019))

<P><STRONG><a name="[f1]"></a>__rt_lib_init_clock_1</STRONG> (Thumb, 0 bytes, Stack size unknown bytes, libinit2.o(.ARM.Collect$$libinit$$0000001F))

<P><STRONG><a name="[f2]"></a>__rt_lib_init_cpp_1</STRONG> (Thumb, 0 bytes, Stack size unknown bytes, libinit2.o(.ARM.Collect$$libinit$$00000030))

<P><STRONG><a name="[f3]"></a>__rt_lib_init_exceptions_1</STRONG> (Thumb, 0 bytes, Stack size unknown bytes, libinit2.o(.ARM.Collect$$libinit$$0000002E))

<P><STRONG><a name="[f4]"></a>__rt_lib_init_fp_trap_1</STRONG> (Thumb, 0 bytes, Stack size unknown bytes, libinit2.o(.ARM.Collect$$libinit$$0000001D))

<P><STRONG><a name="[f5]"></a>__rt_lib_init_getenv_1</STRONG> (Thumb, 0 bytes, Stack size unknown bytes, libinit2.o(.ARM.Collect$$libinit$$00000021))

<P><STRONG><a name="[f6]"></a>__rt_lib_init_lc_ctype_1</STRONG> (Thumb, 0 bytes, Stack size unknown bytes, libinit2.o(.ARM.Collect$$libinit$$00000011))

<P><STRONG><a name="[f7]"></a>__rt_lib_init_lc_monetary_1</STRONG> (Thumb, 0 bytes, Stack size unknown bytes, libinit2.o(.ARM.Collect$$libinit$$00000013))

<P><STRONG><a name="[f8]"></a>__rt_lib_init_lc_numeric_1</STRONG> (Thumb, 0 bytes, Stack size unknown bytes, libinit2.o(.ARM.Collect$$libinit$$00000015))

<P><STRONG><a name="[f9]"></a>__rt_lib_init_lc_time_1</STRONG> (Thumb, 0 bytes, Stack size unknown bytes, libinit2.o(.ARM.Collect$$libinit$$00000017))

<P><STRONG><a name="[fa]"></a>__rt_lib_init_return</STRONG> (Thumb, 0 bytes, Stack size unknown bytes, libinit2.o(.ARM.Collect$$libinit$$00000031))

<P><STRONG><a name="[fb]"></a>__rt_lib_init_signal_1</STRONG> (Thumb, 0 bytes, Stack size unknown bytes, libinit2.o(.ARM.Collect$$libinit$$0000001B))

<P><STRONG><a name="[fc]"></a>__rt_lib_init_stdio_1</STRONG> (Thumb, 0 bytes, Stack size unknown bytes, libinit2.o(.ARM.Collect$$libinit$$00000023))

<P><STRONG><a name="[2b]"></a>__rt_lib_shutdown</STRONG> (Thumb, 0 bytes, Stack size unknown bytes, libshutdown.o(.ARM.Collect$$libshutdown$$00000000))
<BR><BR>[Called By]<UL><LI><a href="#[2a]">&gt;&gt;</a>&nbsp;&nbsp;&nbsp;__rt_exit_ls (via Veneer)
</UL>

<P><STRONG><a name="[fd]"></a>__rt_lib_shutdown_fp_trap_1</STRONG> (Thumb, 0 bytes, Stack size unknown bytes, libshutdown2.o(.ARM.Collect$$libshutdown$$00000006))

<P><STRONG><a name="[fe]"></a>__rt_lib_shutdown_heap_1</STRONG> (Thumb, 0 bytes, Stack size unknown bytes, libshutdown2.o(.ARM.Collect$$libshutdown$$0000000E))

<P><STRONG><a name="[ff]"></a>__rt_lib_shutdown_return</STRONG> (Thumb, 0 bytes, Stack size unknown bytes, libshutdown2.o(.ARM.Collect$$libshutdown$$0000000F))

<P><STRONG><a name="[100]"></a>__rt_lib_shutdown_signal_1</STRONG> (Thumb, 0 bytes, Stack size unknown bytes, libshutdown2.o(.ARM.Collect$$libshutdown$$00000009))

<P><STRONG><a name="[101]"></a>__rt_lib_shutdown_stdio_1</STRONG> (Thumb, 0 bytes, Stack size unknown bytes, libshutdown2.o(.ARM.Collect$$libshutdown$$00000003))

<P><STRONG><a name="[102]"></a>__rt_lib_shutdown_user_alloc_1</STRONG> (Thumb, 0 bytes, Stack size unknown bytes, libshutdown2.o(.ARM.Collect$$libshutdown$$0000000B))

<P><STRONG><a name="[17]"></a>__rt_entry</STRONG> (ARM, 0 bytes, Stack size unknown bytes, rtentry.o(.ARM.Collect$$rtentry$$00000000))
<BR><BR>[Called By]<UL><LI><a href="#[15]">&gt;&gt;</a>&nbsp;&nbsp;&nbsp;__main
<LI><a href="#[18]">&gt;&gt;</a>&nbsp;&nbsp;&nbsp;__scatterload_rt2
</UL>

<P><STRONG><a name="[103]"></a>__rt_entry_presh_1</STRONG> (ARM, 0 bytes, Stack size unknown bytes, rtentry2.o(.ARM.Collect$$rtentry$$00000002))

<P><STRONG><a name="[24]"></a>__rt_entry_sh</STRONG> (ARM, 0 bytes, Stack size unknown bytes, rtentry4.o(.ARM.Collect$$rtentry$$00000004))
<BR><BR>[Stack]<UL><LI>Max Depth = 8 + Unknown Stack Size
<LI>Call Chain = __rt_entry_sh &rArr; __user_setup_stackheap
</UL>
<BR>[Calls]<UL><LI><a href="#[25]">&gt;&gt;</a>&nbsp;&nbsp;&nbsp;__user_setup_stackheap
</UL>

<P><STRONG><a name="[26]"></a>__rt_entry_li</STRONG> (ARM, 0 bytes, Stack size unknown bytes, rtentry2.o(.ARM.Collect$$rtentry$$0000000A))
<BR><BR>[Calls]<UL><LI><a href="#[27]">&gt;&gt;</a>&nbsp;&nbsp;&nbsp;__rt_lib_init (via Veneer)
</UL>

<P><STRONG><a name="[104]"></a>__rt_entry_postsh_1</STRONG> (ARM, 0 bytes, Stack size unknown bytes, rtentry2.o(.ARM.Collect$$rtentry$$00000009))

<P><STRONG><a name="[28]"></a>__rt_entry_main</STRONG> (ARM, 0 bytes, Stack size unknown bytes, rtentry2.o(.ARM.Collect$$rtentry$$0000000D))
<BR><BR>[Calls]<UL><LI><a href="#[29]">&gt;&gt;</a>&nbsp;&nbsp;&nbsp;exit (via BX)
</UL>

<P><STRONG><a name="[105]"></a>__rt_entry_postli_1</STRONG> (ARM, 0 bytes, Stack size unknown bytes, rtentry2.o(.ARM.Collect$$rtentry$$0000000C))

<P><STRONG><a name="[de]"></a>__rt_exit</STRONG> (ARM, 0 bytes, Stack size unknown bytes, rtexit.o(.ARM.Collect$$rtexit$$00000000))
<BR><BR>[Called By]<UL><LI><a href="#[29]">&gt;&gt;</a>&nbsp;&nbsp;&nbsp;exit (via Veneer)
</UL>

<P><STRONG><a name="[2a]"></a>__rt_exit_ls</STRONG> (ARM, 0 bytes, Stack size unknown bytes, rtexit2.o(.ARM.Collect$$rtexit$$00000003))
<BR><BR>[Calls]<UL><LI><a href="#[2b]">&gt;&gt;</a>&nbsp;&nbsp;&nbsp;__rt_lib_shutdown (via Veneer)
</UL>

<P><STRONG><a name="[106]"></a>__rt_exit_prels_1</STRONG> (ARM, 0 bytes, Stack size unknown bytes, rtexit2.o(.ARM.Collect$$rtexit$$00000002))

<P><STRONG><a name="[2c]"></a>__rt_exit_exit</STRONG> (ARM, 0 bytes, Stack size unknown bytes, rtexit2.o(.ARM.Collect$$rtexit$$00000004))
<BR><BR>[Calls]<UL><LI><a href="#[2d]">&gt;&gt;</a>&nbsp;&nbsp;&nbsp;_sys_exit
</UL>

<P><STRONG><a name="[107]"></a>convert_array_hex2string</STRONG> (ARM, 148 bytes, Stack size 12 bytes, gprs_com.o(.text), UNUSED)

<P><STRONG><a name="[2e]"></a>check_responde_SIM800</STRONG> (ARM, 152 bytes, Stack size 24 bytes, gprs_com.o(.text))
<BR><BR>[Stack]<UL><LI>Max Depth = 32<LI>Call Chain = check_responde_SIM800 &rArr; strstr
</UL>
<BR>[Calls]<UL><LI><a href="#[2f]">&gt;&gt;</a>&nbsp;&nbsp;&nbsp;strstr (via Veneer)
<LI><a href="#[30]">&gt;&gt;</a>&nbsp;&nbsp;&nbsp;delay_n50ms
</UL>
<BR>[Called By]<UL><LI><a href="#[3b]">&gt;&gt;</a>&nbsp;&nbsp;&nbsp;establishTCPClient
<LI><a href="#[33]">&gt;&gt;</a>&nbsp;&nbsp;&nbsp;get_RSSI_signal
</UL>

<P><STRONG><a name="[32]"></a>clear_array</STRONG> (ARM, 36 bytes, Stack size 0 bytes, gprs_com.o(.text))
<BR><BR>[Called By]<UL><LI><a href="#[3a]">&gt;&gt;</a>&nbsp;&nbsp;&nbsp;ON_OFF_mudule_GPRS
<LI><a href="#[31]">&gt;&gt;</a>&nbsp;&nbsp;&nbsp;prepare_command_gprs
</UL>

<P><STRONG><a name="[31]"></a>prepare_command_gprs</STRONG> (ARM, 88 bytes, Stack size 12 bytes, gprs_com.o(.text))
<BR><BR>[Stack]<UL><LI>Max Depth = 12<LI>Call Chain = prepare_command_gprs
</UL>
<BR>[Calls]<UL><LI><a href="#[32]">&gt;&gt;</a>&nbsp;&nbsp;&nbsp;clear_array
</UL>
<BR>[Called By]<UL><LI><a href="#[41]">&gt;&gt;</a>&nbsp;&nbsp;&nbsp;trans_data_server
<LI><a href="#[40]">&gt;&gt;</a>&nbsp;&nbsp;&nbsp;prepare_trans_data
<LI><a href="#[3e]">&gt;&gt;</a>&nbsp;&nbsp;&nbsp;prepare_trans_data_test
<LI><a href="#[3c]">&gt;&gt;</a>&nbsp;&nbsp;&nbsp;connectToServerNow
<LI><a href="#[3b]">&gt;&gt;</a>&nbsp;&nbsp;&nbsp;establishTCPClient
<LI><a href="#[39]">&gt;&gt;</a>&nbsp;&nbsp;&nbsp;onOffModuleGprs
<LI><a href="#[35]">&gt;&gt;</a>&nbsp;&nbsp;&nbsp;checkPowerOnOffGPRS
<LI><a href="#[33]">&gt;&gt;</a>&nbsp;&nbsp;&nbsp;get_RSSI_signal
</UL>

<P><STRONG><a name="[33]"></a>get_RSSI_signal</STRONG> (ARM, 136 bytes, Stack size 8 bytes, gprs_com.o(.text))
<BR><BR>[Stack]<UL><LI>Max Depth = 144 + Unknown Stack Size
<LI>Call Chain = get_RSSI_signal &rArr; __2printf &rArr; _printf_char_file &rArr; _printf_char_common &rArr; __printf
</UL>
<BR>[Calls]<UL><LI><a href="#[2f]">&gt;&gt;</a>&nbsp;&nbsp;&nbsp;strstr (via Veneer)
<LI><a href="#[34]">&gt;&gt;</a>&nbsp;&nbsp;&nbsp;__2printf (via Veneer)
<LI><a href="#[31]">&gt;&gt;</a>&nbsp;&nbsp;&nbsp;prepare_command_gprs
<LI><a href="#[2e]">&gt;&gt;</a>&nbsp;&nbsp;&nbsp;check_responde_SIM800
</UL>
<BR>[Called By]<UL><LI><a href="#[71]">&gt;&gt;</a>&nbsp;&nbsp;&nbsp;process_commands
</UL>

<P><STRONG><a name="[35]"></a>checkPowerOnOffGPRS</STRONG> (ARM, 232 bytes, Stack size 16 bytes, gprs_com.o(.text))
<BR><BR>[Stack]<UL><LI>Max Depth = 152 + Unknown Stack Size
<LI>Call Chain = checkPowerOnOffGPRS &rArr; __2printf &rArr; _printf_char_file &rArr; _printf_char_common &rArr; __printf
</UL>
<BR>[Calls]<UL><LI><a href="#[2f]">&gt;&gt;</a>&nbsp;&nbsp;&nbsp;strstr (via Veneer)
<LI><a href="#[34]">&gt;&gt;</a>&nbsp;&nbsp;&nbsp;__2printf (via Veneer)
<LI><a href="#[30]">&gt;&gt;</a>&nbsp;&nbsp;&nbsp;delay_n50ms
<LI><a href="#[31]">&gt;&gt;</a>&nbsp;&nbsp;&nbsp;prepare_command_gprs
</UL>
<BR>[Called By]<UL><LI><a href="#[b]">&gt;&gt;</a>&nbsp;&nbsp;&nbsp;main
</UL>

<P><STRONG><a name="[36]"></a>offModuleGprs</STRONG> (ARM, 72 bytes, Stack size 8 bytes, gprs_com.o(.text))
<BR><BR>[Stack]<UL><LI>Max Depth = 8<LI>Call Chain = offModuleGprs
</UL>
<BR>[Calls]<UL><LI><a href="#[38]">&gt;&gt;</a>&nbsp;&nbsp;&nbsp;delay_nsecond
<LI><a href="#[37]">&gt;&gt;</a>&nbsp;&nbsp;&nbsp;GPIO_WriteBit
</UL>
<BR>[Called By]<UL><LI><a href="#[b]">&gt;&gt;</a>&nbsp;&nbsp;&nbsp;main
</UL>

<P><STRONG><a name="[39]"></a>onOffModuleGprs</STRONG> (ARM, 228 bytes, Stack size 16 bytes, gprs_com.o(.text))
<BR><BR>[Stack]<UL><LI>Max Depth = 152 + Unknown Stack Size
<LI>Call Chain = onOffModuleGprs &rArr; __2printf &rArr; _printf_char_file &rArr; _printf_char_common &rArr; __printf
</UL>
<BR>[Calls]<UL><LI><a href="#[2f]">&gt;&gt;</a>&nbsp;&nbsp;&nbsp;strstr (via Veneer)
<LI><a href="#[34]">&gt;&gt;</a>&nbsp;&nbsp;&nbsp;__2printf (via Veneer)
<LI><a href="#[38]">&gt;&gt;</a>&nbsp;&nbsp;&nbsp;delay_nsecond
<LI><a href="#[30]">&gt;&gt;</a>&nbsp;&nbsp;&nbsp;delay_n50ms
<LI><a href="#[37]">&gt;&gt;</a>&nbsp;&nbsp;&nbsp;GPIO_WriteBit
<LI><a href="#[31]">&gt;&gt;</a>&nbsp;&nbsp;&nbsp;prepare_command_gprs
</UL>
<BR>[Called By]<UL><LI><a href="#[b]">&gt;&gt;</a>&nbsp;&nbsp;&nbsp;main
</UL>

<P><STRONG><a name="[3a]"></a>ON_OFF_mudule_GPRS</STRONG> (ARM, 228 bytes, Stack size 16 bytes, gprs_com.o(.text), UNUSED)
<BR><BR>[Calls]<UL><LI><a href="#[2f]">&gt;&gt;</a>&nbsp;&nbsp;&nbsp;strstr (via Veneer)
<LI><a href="#[34]">&gt;&gt;</a>&nbsp;&nbsp;&nbsp;__2printf (via Veneer)
<LI><a href="#[38]">&gt;&gt;</a>&nbsp;&nbsp;&nbsp;delay_nsecond
<LI><a href="#[37]">&gt;&gt;</a>&nbsp;&nbsp;&nbsp;GPIO_WriteBit
<LI><a href="#[32]">&gt;&gt;</a>&nbsp;&nbsp;&nbsp;clear_array
</UL>

<P><STRONG><a name="[3b]"></a>establishTCPClient</STRONG> (ARM, 488 bytes, Stack size 16 bytes, gprs_com.o(.text))
<BR><BR>[Stack]<UL><LI>Max Depth = 152 + Unknown Stack Size
<LI>Call Chain = establishTCPClient &rArr; __2printf &rArr; _printf_char_file &rArr; _printf_char_common &rArr; __printf
</UL>
<BR>[Calls]<UL><LI><a href="#[2f]">&gt;&gt;</a>&nbsp;&nbsp;&nbsp;strstr (via Veneer)
<LI><a href="#[34]">&gt;&gt;</a>&nbsp;&nbsp;&nbsp;__2printf (via Veneer)
<LI><a href="#[38]">&gt;&gt;</a>&nbsp;&nbsp;&nbsp;delay_nsecond
<LI><a href="#[30]">&gt;&gt;</a>&nbsp;&nbsp;&nbsp;delay_n50ms
<LI><a href="#[31]">&gt;&gt;</a>&nbsp;&nbsp;&nbsp;prepare_command_gprs
<LI><a href="#[2e]">&gt;&gt;</a>&nbsp;&nbsp;&nbsp;check_responde_SIM800
</UL>
<BR>[Called By]<UL><LI><a href="#[b]">&gt;&gt;</a>&nbsp;&nbsp;&nbsp;main
</UL>

<P><STRONG><a name="[3c]"></a>connectToServerNow</STRONG> (ARM, 288 bytes, Stack size 32 bytes, gprs_com.o(.text))
<BR><BR>[Stack]<UL><LI>Max Depth = 168 + Unknown Stack Size
<LI>Call Chain = connectToServerNow &rArr; __2printf &rArr; _printf_char_file &rArr; _printf_char_common &rArr; __printf
</UL>
<BR>[Calls]<UL><LI><a href="#[3d]">&gt;&gt;</a>&nbsp;&nbsp;&nbsp;strcpy (via Veneer)
<LI><a href="#[2f]">&gt;&gt;</a>&nbsp;&nbsp;&nbsp;strstr (via Veneer)
<LI><a href="#[34]">&gt;&gt;</a>&nbsp;&nbsp;&nbsp;__2printf (via Veneer)
<LI><a href="#[30]">&gt;&gt;</a>&nbsp;&nbsp;&nbsp;delay_n50ms
<LI><a href="#[31]">&gt;&gt;</a>&nbsp;&nbsp;&nbsp;prepare_command_gprs
</UL>
<BR>[Called By]<UL><LI><a href="#[b]">&gt;&gt;</a>&nbsp;&nbsp;&nbsp;main
</UL>

<P><STRONG><a name="[3e]"></a>prepare_trans_data_test</STRONG> (ARM, 372 bytes, Stack size 16 bytes, gprs_com.o(.text), UNUSED)
<BR><BR>[Calls]<UL><LI><a href="#[3f]">&gt;&gt;</a>&nbsp;&nbsp;&nbsp;strlen (via Veneer)
<LI><a href="#[2f]">&gt;&gt;</a>&nbsp;&nbsp;&nbsp;strstr (via Veneer)
<LI><a href="#[34]">&gt;&gt;</a>&nbsp;&nbsp;&nbsp;__2printf (via Veneer)
<LI><a href="#[38]">&gt;&gt;</a>&nbsp;&nbsp;&nbsp;delay_nsecond
<LI><a href="#[30]">&gt;&gt;</a>&nbsp;&nbsp;&nbsp;delay_n50ms
<LI><a href="#[31]">&gt;&gt;</a>&nbsp;&nbsp;&nbsp;prepare_command_gprs
</UL>

<P><STRONG><a name="[40]"></a>prepare_trans_data</STRONG> (ARM, 168 bytes, Stack size 16 bytes, gprs_com.o(.text))
<BR><BR>[Stack]<UL><LI>Max Depth = 152 + Unknown Stack Size
<LI>Call Chain = prepare_trans_data &rArr; __2printf &rArr; _printf_char_file &rArr; _printf_char_common &rArr; __printf
</UL>
<BR>[Calls]<UL><LI><a href="#[2f]">&gt;&gt;</a>&nbsp;&nbsp;&nbsp;strstr (via Veneer)
<LI><a href="#[34]">&gt;&gt;</a>&nbsp;&nbsp;&nbsp;__2printf (via Veneer)
<LI><a href="#[30]">&gt;&gt;</a>&nbsp;&nbsp;&nbsp;delay_n50ms
<LI><a href="#[31]">&gt;&gt;</a>&nbsp;&nbsp;&nbsp;prepare_command_gprs
</UL>
<BR>[Called By]<UL><LI><a href="#[41]">&gt;&gt;</a>&nbsp;&nbsp;&nbsp;trans_data_server
</UL>

<P><STRONG><a name="[41]"></a>trans_data_server</STRONG> (ARM, 232 bytes, Stack size 16 bytes, gprs_com.o(.text))
<BR><BR>[Stack]<UL><LI>Max Depth = 168 + Unknown Stack Size
<LI>Call Chain = trans_data_server &rArr; prepare_trans_data &rArr; __2printf &rArr; _printf_char_file &rArr; _printf_char_common &rArr; __printf
</UL>
<BR>[Calls]<UL><LI><a href="#[2f]">&gt;&gt;</a>&nbsp;&nbsp;&nbsp;strstr (via Veneer)
<LI><a href="#[30]">&gt;&gt;</a>&nbsp;&nbsp;&nbsp;delay_n50ms
<LI><a href="#[42]">&gt;&gt;</a>&nbsp;&nbsp;&nbsp;UART1_send_HEX
<LI><a href="#[40]">&gt;&gt;</a>&nbsp;&nbsp;&nbsp;prepare_trans_data
<LI><a href="#[31]">&gt;&gt;</a>&nbsp;&nbsp;&nbsp;prepare_command_gprs
</UL>
<BR>[Called By]<UL><LI><a href="#[b]">&gt;&gt;</a>&nbsp;&nbsp;&nbsp;main
</UL>

<P><STRONG><a name="[43]"></a>send_command_to_server</STRONG> (ARM, 212 bytes, Stack size 32 bytes, gprs_com.o(.text))
<BR><BR>[Stack]<UL><LI>Max Depth = 72<LI>Call Chain = send_command_to_server &rArr; StringToHex &rArr; strlen
</UL>
<BR>[Calls]<UL><LI><a href="#[44]">&gt;&gt;</a>&nbsp;&nbsp;&nbsp;StringToHex
</UL>
<BR>[Called By]<UL><LI><a href="#[b]">&gt;&gt;</a>&nbsp;&nbsp;&nbsp;main
<LI><a href="#[4e]">&gt;&gt;</a>&nbsp;&nbsp;&nbsp;send_data_to_server
</UL>

<P><STRONG><a name="[45]"></a>process_data_rx_from_server</STRONG> (ARM, 420 bytes, Stack size 24 bytes, gprs_com.o(.text))
<BR><BR>[Stack]<UL><LI>Max Depth = 360 + Unknown Stack Size
<LI>Call Chain = process_data_rx_from_server &rArr; process_server_write_mode &rArr; write_data_metter &rArr; write_data &rArr; load_data_meter &rArr; __2sprintf &rArr; _printf_char_common &rArr; __printf
</UL>
<BR>[Calls]<UL><LI><a href="#[47]">&gt;&gt;</a>&nbsp;&nbsp;&nbsp;process_server_write_mode
<LI><a href="#[49]">&gt;&gt;</a>&nbsp;&nbsp;&nbsp;process_server_syntime_module
<LI><a href="#[4a]">&gt;&gt;</a>&nbsp;&nbsp;&nbsp;process_server_readtime_module
<LI><a href="#[46]">&gt;&gt;</a>&nbsp;&nbsp;&nbsp;process_server_reading_direct
<LI><a href="#[48]">&gt;&gt;</a>&nbsp;&nbsp;&nbsp;process_server_reading_data_save
</UL>
<BR>[Called By]<UL><LI><a href="#[4d]">&gt;&gt;</a>&nbsp;&nbsp;&nbsp;get_command_from_server
</UL>

<P><STRONG><a name="[4b]"></a>check_data_rx_server</STRONG> (ARM, 288 bytes, Stack size 32 bytes, gprs_com.o(.text))
<BR><BR>[Stack]<UL><LI>Max Depth = 72<LI>Call Chain = check_data_rx_server &rArr; StringToHex &rArr; strlen
</UL>
<BR>[Calls]<UL><LI><a href="#[4c]">&gt;&gt;</a>&nbsp;&nbsp;&nbsp;swap_byte
<LI><a href="#[44]">&gt;&gt;</a>&nbsp;&nbsp;&nbsp;StringToHex
</UL>
<BR>[Called By]<UL><LI><a href="#[4d]">&gt;&gt;</a>&nbsp;&nbsp;&nbsp;get_command_from_server
</UL>

<P><STRONG><a name="[4d]"></a>get_command_from_server</STRONG> (ARM, 84 bytes, Stack size 16 bytes, gprs_com.o(.text))
<BR><BR>[Stack]<UL><LI>Max Depth = 376 + Unknown Stack Size
<LI>Call Chain = get_command_from_server &rArr; process_data_rx_from_server &rArr; process_server_write_mode &rArr; write_data_metter &rArr; write_data &rArr; load_data_meter &rArr; __2sprintf &rArr; _printf_char_common &rArr; __printf
</UL>
<BR>[Calls]<UL><LI><a href="#[4b]">&gt;&gt;</a>&nbsp;&nbsp;&nbsp;check_data_rx_server
<LI><a href="#[45]">&gt;&gt;</a>&nbsp;&nbsp;&nbsp;process_data_rx_from_server
</UL>
<BR>[Called By]<UL><LI><a href="#[b]">&gt;&gt;</a>&nbsp;&nbsp;&nbsp;main
</UL>

<P><STRONG><a name="[4e]"></a>send_data_to_server</STRONG> (ARM, 112 bytes, Stack size 8 bytes, gprs_com.o(.text), UNUSED)
<BR><BR>[Calls]<UL><LI><a href="#[43]">&gt;&gt;</a>&nbsp;&nbsp;&nbsp;send_command_to_server
</UL>

<P><STRONG><a name="[4f]"></a>restart_gprs</STRONG> (ARM, 52 bytes, Stack size 8 bytes, gprs_com.o(.text), UNUSED)
<BR><BR>[Calls]<UL><LI><a href="#[38]">&gt;&gt;</a>&nbsp;&nbsp;&nbsp;delay_nsecond
<LI><a href="#[37]">&gt;&gt;</a>&nbsp;&nbsp;&nbsp;GPIO_WriteBit
</UL>

<P><STRONG><a name="[d]"></a>myTimer0_ISR</STRONG> (ARM, 264 bytes, Stack size 32 bytes, lpc213x_isr.o(.text))
<BR><BR>[Stack]<UL><LI>Max Depth = 32<LI>Call Chain = myTimer0_ISR
</UL>
<BR>[Calls]<UL><LI><a href="#[50]">&gt;&gt;</a>&nbsp;&nbsp;&nbsp;GPIO_Toggled
</UL>
<BR>[Address Reference Count : 1]<UL><LI> timer.o(.text)
</UL>
<P><STRONG><a name="[e]"></a>myTimer1_ISR</STRONG> (ARM, 32 bytes, Stack size 12 bytes, lpc213x_isr.o(.text))
<BR><BR>[Stack]<UL><LI>Max Depth = 12<LI>Call Chain = myTimer1_ISR
</UL>
<BR>[Address Reference Count : 1]<UL><LI> timer.o(.text)
</UL>
<P><STRONG><a name="[f]"></a>myUart0_ISR</STRONG> (ARM, 304 bytes, Stack size 24 bytes, lpc213x_isr.o(.text))
<BR><BR>[Stack]<UL><LI>Max Depth = 24<LI>Call Chain = myUart0_ISR
</UL>
<BR>[Address Reference Count : 1]<UL><LI> uart0.o(.text)
</UL>
<P><STRONG><a name="[10]"></a>myUart1_ISR</STRONG> (ARM, 464 bytes, Stack size 20 bytes, lpc213x_isr.o(.text))
<BR><BR>[Stack]<UL><LI>Max Depth = 20<LI>Call Chain = myUart1_ISR
</UL>
<BR>[Address Reference Count : 1]<UL><LI> uart1.o(.text)
</UL>
<P><STRONG><a name="[c]"></a>DefaultVICHandler</STRONG> (ARM, 20 bytes, Stack size 8 bytes, lpc213x_isr.o(.text))
<BR><BR>[Stack]<UL><LI>Max Depth = 8<LI>Call Chain = DefaultVICHandler
</UL>
<BR>[Address Reference Count : 1]<UL><LI> main.o(.text)
</UL>
<P><STRONG><a name="[59]"></a>var_start</STRONG> (ARM, 88 bytes, Stack size 0 bytes, main.o(.text))
<BR><BR>[Called By]<UL><LI><a href="#[53]">&gt;&gt;</a>&nbsp;&nbsp;&nbsp;vSetupHardware
</UL>

<P><STRONG><a name="[51]"></a>gpio_config</STRONG> (ARM, 156 bytes, Stack size 8 bytes, main.o(.text))
<BR><BR>[Stack]<UL><LI>Max Depth = 8<LI>Call Chain = gpio_config
</UL>
<BR>[Calls]<UL><LI><a href="#[52]">&gt;&gt;</a>&nbsp;&nbsp;&nbsp;GPIO_Output
<LI><a href="#[37]">&gt;&gt;</a>&nbsp;&nbsp;&nbsp;GPIO_WriteBit
</UL>
<BR>[Called By]<UL><LI><a href="#[53]">&gt;&gt;</a>&nbsp;&nbsp;&nbsp;vSetupHardware
</UL>

<P><STRONG><a name="[54]"></a>init_VIC</STRONG> (ARM, 36 bytes, Stack size 0 bytes, main.o(.text))
<BR><BR>[Called By]<UL><LI><a href="#[53]">&gt;&gt;</a>&nbsp;&nbsp;&nbsp;vSetupHardware
</UL>

<P><STRONG><a name="[53]"></a>vSetupHardware</STRONG> (ARM, 60 bytes, Stack size 8 bytes, main.o(.text))
<BR><BR>[Stack]<UL><LI>Max Depth = 240 + Unknown Stack Size
<LI>Call Chain = vSetupHardware &rArr; set_time_from_rtc &rArr; sign_in &rArr; __2sprintf &rArr; _printf_char_common &rArr; __printf
</UL>
<BR>[Calls]<UL><LI><a href="#[5b]">&gt;&gt;</a>&nbsp;&nbsp;&nbsp;set_time_from_rtc
<LI><a href="#[55]">&gt;&gt;</a>&nbsp;&nbsp;&nbsp;init_PLL
<LI><a href="#[58]">&gt;&gt;</a>&nbsp;&nbsp;&nbsp;initUart1
<LI><a href="#[57]">&gt;&gt;</a>&nbsp;&nbsp;&nbsp;initUart0
<LI><a href="#[56]">&gt;&gt;</a>&nbsp;&nbsp;&nbsp;initTimer0
<LI><a href="#[5c]">&gt;&gt;</a>&nbsp;&nbsp;&nbsp;RTC_start
<LI><a href="#[5a]">&gt;&gt;</a>&nbsp;&nbsp;&nbsp;RTC_init
<LI><a href="#[54]">&gt;&gt;</a>&nbsp;&nbsp;&nbsp;init_VIC
<LI><a href="#[51]">&gt;&gt;</a>&nbsp;&nbsp;&nbsp;gpio_config
<LI><a href="#[59]">&gt;&gt;</a>&nbsp;&nbsp;&nbsp;var_start
</UL>
<BR>[Called By]<UL><LI><a href="#[b]">&gt;&gt;</a>&nbsp;&nbsp;&nbsp;main
</UL>

<P><STRONG><a name="[b]"></a>main</STRONG> (ARM, 416 bytes, Stack size 0 bytes, main.o(.text))
<BR><BR>[Stack]<UL><LI>Max Depth = 376 + Unknown Stack Size
<LI>Call Chain = main &rArr; get_command_from_server &rArr; process_data_rx_from_server &rArr; process_server_write_mode &rArr; write_data_metter &rArr; write_data &rArr; load_data_meter &rArr; __2sprintf &rArr; _printf_char_common &rArr; __printf
</UL>
<BR>[Calls]<UL><LI><a href="#[34]">&gt;&gt;</a>&nbsp;&nbsp;&nbsp;__2printf (via Veneer)
<LI><a href="#[5f]">&gt;&gt;</a>&nbsp;&nbsp;&nbsp;vSaveTimeLostConnect
<LI><a href="#[5e]">&gt;&gt;</a>&nbsp;&nbsp;&nbsp;read_para
<LI><a href="#[5d]">&gt;&gt;</a>&nbsp;&nbsp;&nbsp;check_id
<LI><a href="#[60]">&gt;&gt;</a>&nbsp;&nbsp;&nbsp;check_freeze_data
<LI><a href="#[53]">&gt;&gt;</a>&nbsp;&nbsp;&nbsp;vSetupHardware
<LI><a href="#[4d]">&gt;&gt;</a>&nbsp;&nbsp;&nbsp;get_command_from_server
<LI><a href="#[43]">&gt;&gt;</a>&nbsp;&nbsp;&nbsp;send_command_to_server
<LI><a href="#[41]">&gt;&gt;</a>&nbsp;&nbsp;&nbsp;trans_data_server
<LI><a href="#[3c]">&gt;&gt;</a>&nbsp;&nbsp;&nbsp;connectToServerNow
<LI><a href="#[3b]">&gt;&gt;</a>&nbsp;&nbsp;&nbsp;establishTCPClient
<LI><a href="#[39]">&gt;&gt;</a>&nbsp;&nbsp;&nbsp;onOffModuleGprs
<LI><a href="#[36]">&gt;&gt;</a>&nbsp;&nbsp;&nbsp;offModuleGprs
<LI><a href="#[35]">&gt;&gt;</a>&nbsp;&nbsp;&nbsp;checkPowerOnOffGPRS
</UL>
<BR>[Address Reference Count : 1]<UL><LI> rtentry2.o(.ARM.Collect$$rtentry$$0000000D)
</UL>
<P><STRONG><a name="[61]"></a>enable_ext_wdt</STRONG> (ARM, 28 bytes, Stack size 8 bytes, main.o(.text), UNUSED)
<BR><BR>[Calls]<UL><LI><a href="#[37]">&gt;&gt;</a>&nbsp;&nbsp;&nbsp;GPIO_WriteBit
</UL>

<P><STRONG><a name="[63]"></a>clear_para</STRONG> (ARM, 84 bytes, Stack size 4 bytes, read_para.o(.text))
<BR><BR>[Stack]<UL><LI>Max Depth = 4<LI>Call Chain = clear_para
</UL>
<BR>[Called By]<UL><LI><a href="#[76]">&gt;&gt;</a>&nbsp;&nbsp;&nbsp;load_data_meter
<LI><a href="#[68]">&gt;&gt;</a>&nbsp;&nbsp;&nbsp;return_data
<LI><a href="#[62]">&gt;&gt;</a>&nbsp;&nbsp;&nbsp;sign_in
<LI><a href="#[5b]">&gt;&gt;</a>&nbsp;&nbsp;&nbsp;set_time_from_rtc
</UL>

<P><STRONG><a name="[62]"></a>sign_in</STRONG> (ARM, 328 bytes, Stack size 16 bytes, read_para.o(.text))
<BR><BR>[Stack]<UL><LI>Max Depth = 144 + Unknown Stack Size
<LI>Call Chain = sign_in &rArr; __2sprintf &rArr; _printf_char_common &rArr; __printf
</UL>
<BR>[Calls]<UL><LI><a href="#[64]">&gt;&gt;</a>&nbsp;&nbsp;&nbsp;__2sprintf (via Veneer)
<LI><a href="#[66]">&gt;&gt;</a>&nbsp;&nbsp;&nbsp;delay_ms
<LI><a href="#[65]">&gt;&gt;</a>&nbsp;&nbsp;&nbsp;UART0_Send
<LI><a href="#[63]">&gt;&gt;</a>&nbsp;&nbsp;&nbsp;clear_para
</UL>
<BR>[Called By]<UL><LI><a href="#[7d]">&gt;&gt;</a>&nbsp;&nbsp;&nbsp;prepare_freeze_frame
<LI><a href="#[5b]">&gt;&gt;</a>&nbsp;&nbsp;&nbsp;set_time_from_rtc
<LI><a href="#[5e]">&gt;&gt;</a>&nbsp;&nbsp;&nbsp;read_para
<LI><a href="#[60]">&gt;&gt;</a>&nbsp;&nbsp;&nbsp;check_freeze_data
<LI><a href="#[47]">&gt;&gt;</a>&nbsp;&nbsp;&nbsp;process_server_write_mode
<LI><a href="#[46]">&gt;&gt;</a>&nbsp;&nbsp;&nbsp;process_server_reading_direct
</UL>

<P><STRONG><a name="[5b]"></a>set_time_from_rtc</STRONG> (ARM, 584 bytes, Stack size 88 bytes, read_para.o(.text))
<BR><BR>[Stack]<UL><LI>Max Depth = 232 + Unknown Stack Size
<LI>Call Chain = set_time_from_rtc &rArr; sign_in &rArr; __2sprintf &rArr; _printf_char_common &rArr; __printf
</UL>
<BR>[Calls]<UL><LI><a href="#[64]">&gt;&gt;</a>&nbsp;&nbsp;&nbsp;__2sprintf (via Veneer)
<LI><a href="#[66]">&gt;&gt;</a>&nbsp;&nbsp;&nbsp;delay_ms
<LI><a href="#[67]">&gt;&gt;</a>&nbsp;&nbsp;&nbsp;check_buffer
<LI><a href="#[65]">&gt;&gt;</a>&nbsp;&nbsp;&nbsp;UART0_Send
<LI><a href="#[62]">&gt;&gt;</a>&nbsp;&nbsp;&nbsp;sign_in
<LI><a href="#[63]">&gt;&gt;</a>&nbsp;&nbsp;&nbsp;clear_para
</UL>
<BR>[Called By]<UL><LI><a href="#[53]">&gt;&gt;</a>&nbsp;&nbsp;&nbsp;vSetupHardware
</UL>

<P><STRONG><a name="[68]"></a>return_data</STRONG> (ARM, 232 bytes, Stack size 32 bytes, read_para.o(.text))
<BR><BR>[Stack]<UL><LI>Max Depth = 160 + Unknown Stack Size
<LI>Call Chain = return_data &rArr; __2sprintf &rArr; _printf_char_common &rArr; __printf
</UL>
<BR>[Calls]<UL><LI><a href="#[69]">&gt;&gt;</a>&nbsp;&nbsp;&nbsp;strcat (via Veneer)
<LI><a href="#[3f]">&gt;&gt;</a>&nbsp;&nbsp;&nbsp;strlen (via Veneer)
<LI><a href="#[64]">&gt;&gt;</a>&nbsp;&nbsp;&nbsp;__2sprintf (via Veneer)
<LI><a href="#[66]">&gt;&gt;</a>&nbsp;&nbsp;&nbsp;delay_ms
<LI><a href="#[67]">&gt;&gt;</a>&nbsp;&nbsp;&nbsp;check_buffer
<LI><a href="#[65]">&gt;&gt;</a>&nbsp;&nbsp;&nbsp;UART0_Send
<LI><a href="#[63]">&gt;&gt;</a>&nbsp;&nbsp;&nbsp;clear_para
</UL>
<BR>[Called By]<UL><LI><a href="#[7b]">&gt;&gt;</a>&nbsp;&nbsp;&nbsp;read_data_meter
<LI><a href="#[5e]">&gt;&gt;</a>&nbsp;&nbsp;&nbsp;read_para
</UL>

<P><STRONG><a name="[5e]"></a>read_para</STRONG> (ARM, 264 bytes, Stack size 40 bytes, read_para.o(.text))
<BR><BR>[Stack]<UL><LI>Max Depth = 200 + Unknown Stack Size
<LI>Call Chain = read_para &rArr; return_data &rArr; __2sprintf &rArr; _printf_char_common &rArr; __printf
</UL>
<BR>[Calls]<UL><LI><a href="#[6a]">&gt;&gt;</a>&nbsp;&nbsp;&nbsp;strtol (via Veneer)
<LI><a href="#[64]">&gt;&gt;</a>&nbsp;&nbsp;&nbsp;__2sprintf (via Veneer)
<LI><a href="#[65]">&gt;&gt;</a>&nbsp;&nbsp;&nbsp;UART0_Send
<LI><a href="#[68]">&gt;&gt;</a>&nbsp;&nbsp;&nbsp;return_data
<LI><a href="#[62]">&gt;&gt;</a>&nbsp;&nbsp;&nbsp;sign_in
<LI><a href="#[44]">&gt;&gt;</a>&nbsp;&nbsp;&nbsp;StringToHex
</UL>
<BR>[Called By]<UL><LI><a href="#[b]">&gt;&gt;</a>&nbsp;&nbsp;&nbsp;main
</UL>

<P><STRONG><a name="[6b]"></a>caculate_checksum</STRONG> (ARM, 464 bytes, Stack size 24 bytes, read_para.o(.text), UNUSED)
<BR><BR>[Calls]<UL><LI><a href="#[3f]">&gt;&gt;</a>&nbsp;&nbsp;&nbsp;strlen (via Veneer)
<LI><a href="#[6c]">&gt;&gt;</a>&nbsp;&nbsp;&nbsp;convert_string2hex
</UL>

<P><STRONG><a name="[48]"></a>process_server_reading_data_save</STRONG> (ARM, 560 bytes, Stack size 56 bytes, read_para.o(.text))
<BR><BR>[Stack]<UL><LI>Max Depth = 224 + Unknown Stack Size
<LI>Call Chain = process_server_reading_data_save &rArr; read_freeze_frame &rArr; __2sprintf &rArr; _printf_char_common &rArr; __printf
</UL>
<BR>[Calls]<UL><LI><a href="#[6e]">&gt;&gt;</a>&nbsp;&nbsp;&nbsp;__aeabi_memcpy
<LI><a href="#[3f]">&gt;&gt;</a>&nbsp;&nbsp;&nbsp;strlen (via Veneer)
<LI><a href="#[6f]">&gt;&gt;</a>&nbsp;&nbsp;&nbsp;read_freeze_frame
<LI><a href="#[6d]">&gt;&gt;</a>&nbsp;&nbsp;&nbsp;bcd2hex
<LI><a href="#[44]">&gt;&gt;</a>&nbsp;&nbsp;&nbsp;StringToHex
</UL>
<BR>[Called By]<UL><LI><a href="#[45]">&gt;&gt;</a>&nbsp;&nbsp;&nbsp;process_data_rx_from_server
</UL>

<P><STRONG><a name="[70]"></a>process_syntime</STRONG> (ARM, 248 bytes, Stack size 16 bytes, read_para.o(.text))
<BR><BR>[Stack]<UL><LI>Max Depth = 16<LI>Call Chain = process_syntime
</UL>
<BR>[Calls]<UL><LI><a href="#[69]">&gt;&gt;</a>&nbsp;&nbsp;&nbsp;strcat (via Veneer)
<LI><a href="#[6d]">&gt;&gt;</a>&nbsp;&nbsp;&nbsp;bcd2hex
</UL>
<BR>[Called By]<UL><LI><a href="#[49]">&gt;&gt;</a>&nbsp;&nbsp;&nbsp;process_server_syntime_module
</UL>

<P><STRONG><a name="[49]"></a>process_server_syntime_module</STRONG> (ARM, 332 bytes, Stack size 32 bytes, read_para.o(.text))
<BR><BR>[Stack]<UL><LI>Max Depth = 72<LI>Call Chain = process_server_syntime_module &rArr; StringToHex &rArr; strlen
</UL>
<BR>[Calls]<UL><LI><a href="#[3f]">&gt;&gt;</a>&nbsp;&nbsp;&nbsp;strlen (via Veneer)
<LI><a href="#[70]">&gt;&gt;</a>&nbsp;&nbsp;&nbsp;process_syntime
<LI><a href="#[44]">&gt;&gt;</a>&nbsp;&nbsp;&nbsp;StringToHex
</UL>
<BR>[Called By]<UL><LI><a href="#[45]">&gt;&gt;</a>&nbsp;&nbsp;&nbsp;process_data_rx_from_server
</UL>

<P><STRONG><a name="[71]"></a>process_commands</STRONG> (ARM, 812 bytes, Stack size 40 bytes, read_para.o(.text))
<BR><BR>[Stack]<UL><LI>Max Depth = 192 + Unknown Stack Size
<LI>Call Chain = process_commands &rArr; read_time_offline &rArr; __2sprintf &rArr; _printf_char_common &rArr; __printf
</UL>
<BR>[Calls]<UL><LI><a href="#[74]">&gt;&gt;</a>&nbsp;&nbsp;&nbsp;__aeabi_idivmod
<LI><a href="#[72]">&gt;&gt;</a>&nbsp;&nbsp;&nbsp;strncpy
<LI><a href="#[69]">&gt;&gt;</a>&nbsp;&nbsp;&nbsp;strcat (via Veneer)
<LI><a href="#[3f]">&gt;&gt;</a>&nbsp;&nbsp;&nbsp;strlen (via Veneer)
<LI><a href="#[2f]">&gt;&gt;</a>&nbsp;&nbsp;&nbsp;strstr (via Veneer)
<LI><a href="#[73]">&gt;&gt;</a>&nbsp;&nbsp;&nbsp;strncat (via Veneer)
<LI><a href="#[75]">&gt;&gt;</a>&nbsp;&nbsp;&nbsp;read_time_offline
<LI><a href="#[33]">&gt;&gt;</a>&nbsp;&nbsp;&nbsp;get_RSSI_signal
</UL>
<BR>[Called By]<UL><LI><a href="#[4a]">&gt;&gt;</a>&nbsp;&nbsp;&nbsp;process_server_readtime_module
</UL>

<P><STRONG><a name="[4a]"></a>process_server_readtime_module</STRONG> (ARM, 348 bytes, Stack size 40 bytes, read_para.o(.text))
<BR><BR>[Stack]<UL><LI>Max Depth = 232 + Unknown Stack Size
<LI>Call Chain = process_server_readtime_module &rArr; process_commands &rArr; read_time_offline &rArr; __2sprintf &rArr; _printf_char_common &rArr; __printf
</UL>
<BR>[Calls]<UL><LI><a href="#[69]">&gt;&gt;</a>&nbsp;&nbsp;&nbsp;strcat (via Veneer)
<LI><a href="#[3f]">&gt;&gt;</a>&nbsp;&nbsp;&nbsp;strlen (via Veneer)
<LI><a href="#[64]">&gt;&gt;</a>&nbsp;&nbsp;&nbsp;__2sprintf (via Veneer)
<LI><a href="#[71]">&gt;&gt;</a>&nbsp;&nbsp;&nbsp;process_commands
<LI><a href="#[44]">&gt;&gt;</a>&nbsp;&nbsp;&nbsp;StringToHex
</UL>
<BR>[Called By]<UL><LI><a href="#[45]">&gt;&gt;</a>&nbsp;&nbsp;&nbsp;process_data_rx_from_server
</UL>

<P><STRONG><a name="[76]"></a>load_data_meter</STRONG> (ARM, 316 bytes, Stack size 40 bytes, read_para.o(.text))
<BR><BR>[Stack]<UL><LI>Max Depth = 168 + Unknown Stack Size
<LI>Call Chain = load_data_meter &rArr; __2sprintf &rArr; _printf_char_common &rArr; __printf
</UL>
<BR>[Calls]<UL><LI><a href="#[69]">&gt;&gt;</a>&nbsp;&nbsp;&nbsp;strcat (via Veneer)
<LI><a href="#[3f]">&gt;&gt;</a>&nbsp;&nbsp;&nbsp;strlen (via Veneer)
<LI><a href="#[64]">&gt;&gt;</a>&nbsp;&nbsp;&nbsp;__2sprintf (via Veneer)
<LI><a href="#[66]">&gt;&gt;</a>&nbsp;&nbsp;&nbsp;delay_ms
<LI><a href="#[65]">&gt;&gt;</a>&nbsp;&nbsp;&nbsp;UART0_Send
<LI><a href="#[63]">&gt;&gt;</a>&nbsp;&nbsp;&nbsp;clear_para
</UL>
<BR>[Called By]<UL><LI><a href="#[77]">&gt;&gt;</a>&nbsp;&nbsp;&nbsp;write_data
</UL>

<P><STRONG><a name="[77]"></a>write_data</STRONG> (ARM, 204 bytes, Stack size 80 bytes, read_para.o(.text))
<BR><BR>[Stack]<UL><LI>Max Depth = 248 + Unknown Stack Size
<LI>Call Chain = write_data &rArr; load_data_meter &rArr; __2sprintf &rArr; _printf_char_common &rArr; __printf
</UL>
<BR>[Calls]<UL><LI><a href="#[72]">&gt;&gt;</a>&nbsp;&nbsp;&nbsp;strncpy
<LI><a href="#[69]">&gt;&gt;</a>&nbsp;&nbsp;&nbsp;strcat (via Veneer)
<LI><a href="#[3f]">&gt;&gt;</a>&nbsp;&nbsp;&nbsp;strlen (via Veneer)
<LI><a href="#[73]">&gt;&gt;</a>&nbsp;&nbsp;&nbsp;strncat (via Veneer)
<LI><a href="#[76]">&gt;&gt;</a>&nbsp;&nbsp;&nbsp;load_data_meter
</UL>
<BR>[Called By]<UL><LI><a href="#[78]">&gt;&gt;</a>&nbsp;&nbsp;&nbsp;write_data_metter
</UL>

<P><STRONG><a name="[78]"></a>write_data_metter</STRONG> (ARM, 700 bytes, Stack size 48 bytes, read_para.o(.text))
<BR><BR>[Stack]<UL><LI>Max Depth = 296 + Unknown Stack Size
<LI>Call Chain = write_data_metter &rArr; write_data &rArr; load_data_meter &rArr; __2sprintf &rArr; _printf_char_common &rArr; __printf
</UL>
<BR>[Calls]<UL><LI><a href="#[72]">&gt;&gt;</a>&nbsp;&nbsp;&nbsp;strncpy
<LI><a href="#[79]">&gt;&gt;</a>&nbsp;&nbsp;&nbsp;strncmp (via Veneer)
<LI><a href="#[64]">&gt;&gt;</a>&nbsp;&nbsp;&nbsp;__2sprintf (via Veneer)
<LI><a href="#[65]">&gt;&gt;</a>&nbsp;&nbsp;&nbsp;UART0_Send
<LI><a href="#[77]">&gt;&gt;</a>&nbsp;&nbsp;&nbsp;write_data
</UL>
<BR>[Called By]<UL><LI><a href="#[47]">&gt;&gt;</a>&nbsp;&nbsp;&nbsp;process_server_write_mode
</UL>

<P><STRONG><a name="[47]"></a>process_server_write_mode</STRONG> (ARM, 408 bytes, Stack size 40 bytes, read_para.o(.text))
<BR><BR>[Stack]<UL><LI>Max Depth = 336 + Unknown Stack Size
<LI>Call Chain = process_server_write_mode &rArr; write_data_metter &rArr; write_data &rArr; load_data_meter &rArr; __2sprintf &rArr; _printf_char_common &rArr; __printf
</UL>
<BR>[Calls]<UL><LI><a href="#[69]">&gt;&gt;</a>&nbsp;&nbsp;&nbsp;strcat (via Veneer)
<LI><a href="#[3f]">&gt;&gt;</a>&nbsp;&nbsp;&nbsp;strlen (via Veneer)
<LI><a href="#[64]">&gt;&gt;</a>&nbsp;&nbsp;&nbsp;__2sprintf (via Veneer)
<LI><a href="#[78]">&gt;&gt;</a>&nbsp;&nbsp;&nbsp;write_data_metter
<LI><a href="#[62]">&gt;&gt;</a>&nbsp;&nbsp;&nbsp;sign_in
<LI><a href="#[44]">&gt;&gt;</a>&nbsp;&nbsp;&nbsp;StringToHex
</UL>
<BR>[Called By]<UL><LI><a href="#[45]">&gt;&gt;</a>&nbsp;&nbsp;&nbsp;process_data_rx_from_server
</UL>

<P><STRONG><a name="[7a]"></a>convert_data</STRONG> (ARM, 76 bytes, Stack size 24 bytes, read_para.o(.text))
<BR><BR>[Stack]<UL><LI>Max Depth = 28<LI>Call Chain = convert_data &rArr; strncat
</UL>
<BR>[Calls]<UL><LI><a href="#[73]">&gt;&gt;</a>&nbsp;&nbsp;&nbsp;strncat (via Veneer)
</UL>
<BR>[Called By]<UL><LI><a href="#[7b]">&gt;&gt;</a>&nbsp;&nbsp;&nbsp;read_data_meter
</UL>

<P><STRONG><a name="[7b]"></a>read_data_meter</STRONG> (ARM, 728 bytes, Stack size 56 bytes, read_para.o(.text))
<BR><BR>[Stack]<UL><LI>Max Depth = 216 + Unknown Stack Size
<LI>Call Chain = read_data_meter &rArr; return_data &rArr; __2sprintf &rArr; _printf_char_common &rArr; __printf
</UL>
<BR>[Calls]<UL><LI><a href="#[3f]">&gt;&gt;</a>&nbsp;&nbsp;&nbsp;strlen (via Veneer)
<LI><a href="#[73]">&gt;&gt;</a>&nbsp;&nbsp;&nbsp;strncat (via Veneer)
<LI><a href="#[64]">&gt;&gt;</a>&nbsp;&nbsp;&nbsp;__2sprintf (via Veneer)
<LI><a href="#[7a]">&gt;&gt;</a>&nbsp;&nbsp;&nbsp;convert_data
<LI><a href="#[68]">&gt;&gt;</a>&nbsp;&nbsp;&nbsp;return_data
</UL>
<BR>[Called By]<UL><LI><a href="#[7d]">&gt;&gt;</a>&nbsp;&nbsp;&nbsp;prepare_freeze_frame
<LI><a href="#[7c]">&gt;&gt;</a>&nbsp;&nbsp;&nbsp;read_metter_directmode
<LI><a href="#[60]">&gt;&gt;</a>&nbsp;&nbsp;&nbsp;check_freeze_data
</UL>

<P><STRONG><a name="[7c]"></a>read_metter_directmode</STRONG> (ARM, 144 bytes, Stack size 48 bytes, read_para.o(.text))
<BR><BR>[Stack]<UL><LI>Max Depth = 264 + Unknown Stack Size
<LI>Call Chain = read_metter_directmode &rArr; read_data_meter &rArr; return_data &rArr; __2sprintf &rArr; _printf_char_common &rArr; __printf
</UL>
<BR>[Calls]<UL><LI><a href="#[64]">&gt;&gt;</a>&nbsp;&nbsp;&nbsp;__2sprintf (via Veneer)
<LI><a href="#[65]">&gt;&gt;</a>&nbsp;&nbsp;&nbsp;UART0_Send
<LI><a href="#[7b]">&gt;&gt;</a>&nbsp;&nbsp;&nbsp;read_data_meter
</UL>
<BR>[Called By]<UL><LI><a href="#[46]">&gt;&gt;</a>&nbsp;&nbsp;&nbsp;process_server_reading_direct
</UL>

<P><STRONG><a name="[46]"></a>process_server_reading_direct</STRONG> (ARM, 312 bytes, Stack size 40 bytes, read_para.o(.text))
<BR><BR>[Stack]<UL><LI>Max Depth = 304 + Unknown Stack Size
<LI>Call Chain = process_server_reading_direct &rArr; read_metter_directmode &rArr; read_data_meter &rArr; return_data &rArr; __2sprintf &rArr; _printf_char_common &rArr; __printf
</UL>
<BR>[Calls]<UL><LI><a href="#[3f]">&gt;&gt;</a>&nbsp;&nbsp;&nbsp;strlen (via Veneer)
<LI><a href="#[7c]">&gt;&gt;</a>&nbsp;&nbsp;&nbsp;read_metter_directmode
<LI><a href="#[62]">&gt;&gt;</a>&nbsp;&nbsp;&nbsp;sign_in
<LI><a href="#[44]">&gt;&gt;</a>&nbsp;&nbsp;&nbsp;StringToHex
</UL>
<BR>[Called By]<UL><LI><a href="#[45]">&gt;&gt;</a>&nbsp;&nbsp;&nbsp;process_data_rx_from_server
</UL>

<P><STRONG><a name="[7d]"></a>prepare_freeze_frame</STRONG> (ARM, 372 bytes, Stack size 40 bytes, save_flash.o(.text))
<BR><BR>[Stack]<UL><LI>Max Depth = 256 + Unknown Stack Size
<LI>Call Chain = prepare_freeze_frame &rArr; read_data_meter &rArr; return_data &rArr; __2sprintf &rArr; _printf_char_common &rArr; __printf
</UL>
<BR>[Calls]<UL><LI><a href="#[72]">&gt;&gt;</a>&nbsp;&nbsp;&nbsp;strncpy
<LI><a href="#[69]">&gt;&gt;</a>&nbsp;&nbsp;&nbsp;strcat (via Veneer)
<LI><a href="#[3f]">&gt;&gt;</a>&nbsp;&nbsp;&nbsp;strlen (via Veneer)
<LI><a href="#[6a]">&gt;&gt;</a>&nbsp;&nbsp;&nbsp;strtol (via Veneer)
<LI><a href="#[64]">&gt;&gt;</a>&nbsp;&nbsp;&nbsp;__2sprintf (via Veneer)
<LI><a href="#[65]">&gt;&gt;</a>&nbsp;&nbsp;&nbsp;UART0_Send
<LI><a href="#[7b]">&gt;&gt;</a>&nbsp;&nbsp;&nbsp;read_data_meter
<LI><a href="#[62]">&gt;&gt;</a>&nbsp;&nbsp;&nbsp;sign_in
<LI><a href="#[44]">&gt;&gt;</a>&nbsp;&nbsp;&nbsp;StringToHex
</UL>
<BR>[Called By]<UL><LI><a href="#[8a]">&gt;&gt;</a>&nbsp;&nbsp;&nbsp;eepromSaveFrame
<LI><a href="#[81]">&gt;&gt;</a>&nbsp;&nbsp;&nbsp;freeze_frame
</UL>

<P><STRONG><a name="[7e]"></a>check_add_free</STRONG> (ARM, 120 bytes, Stack size 16 bytes, save_flash.o(.text))
<BR><BR>[Stack]<UL><LI>Max Depth = 80<LI>Call Chain = check_add_free &rArr; iap_Erase &rArr; Erase_Sectors &rArr; iap
</UL>
<BR>[Calls]<UL><LI><a href="#[80]">&gt;&gt;</a>&nbsp;&nbsp;&nbsp;iap_Erase_sector
<LI><a href="#[7f]">&gt;&gt;</a>&nbsp;&nbsp;&nbsp;iap_Erase
</UL>
<BR>[Called By]<UL><LI><a href="#[81]">&gt;&gt;</a>&nbsp;&nbsp;&nbsp;freeze_frame
</UL>

<P><STRONG><a name="[81]"></a>freeze_frame</STRONG> (ARM, 44 bytes, Stack size 8 bytes, save_flash.o(.text))
<BR><BR>[Stack]<UL><LI>Max Depth = 264 + Unknown Stack Size
<LI>Call Chain = freeze_frame &rArr; prepare_freeze_frame &rArr; read_data_meter &rArr; return_data &rArr; __2sprintf &rArr; _printf_char_common &rArr; __printf
</UL>
<BR>[Calls]<UL><LI><a href="#[82]">&gt;&gt;</a>&nbsp;&nbsp;&nbsp;iap_Write
<LI><a href="#[7e]">&gt;&gt;</a>&nbsp;&nbsp;&nbsp;check_add_free
<LI><a href="#[7d]">&gt;&gt;</a>&nbsp;&nbsp;&nbsp;prepare_freeze_frame
</UL>
<BR>[Called By]<UL><LI><a href="#[60]">&gt;&gt;</a>&nbsp;&nbsp;&nbsp;check_freeze_data
</UL>

<P><STRONG><a name="[60]"></a>check_freeze_data</STRONG> (ARM, 204 bytes, Stack size 8 bytes, save_flash.o(.text))
<BR><BR>[Stack]<UL><LI>Max Depth = 272 + Unknown Stack Size
<LI>Call Chain = check_freeze_data &rArr; freeze_frame &rArr; prepare_freeze_frame &rArr; read_data_meter &rArr; return_data &rArr; __2sprintf &rArr; _printf_char_common &rArr; __printf
</UL>
<BR>[Calls]<UL><LI><a href="#[81]">&gt;&gt;</a>&nbsp;&nbsp;&nbsp;freeze_frame
<LI><a href="#[7b]">&gt;&gt;</a>&nbsp;&nbsp;&nbsp;read_data_meter
<LI><a href="#[62]">&gt;&gt;</a>&nbsp;&nbsp;&nbsp;sign_in
</UL>
<BR>[Called By]<UL><LI><a href="#[b]">&gt;&gt;</a>&nbsp;&nbsp;&nbsp;main
</UL>

<P><STRONG><a name="[85]"></a>compare_date</STRONG> (ARM, 160 bytes, Stack size 16 bytes, save_flash.o(.text), UNUSED)
<BR><BR>[Called By]<UL><LI><a href="#[83]">&gt;&gt;</a>&nbsp;&nbsp;&nbsp;errase_day_old
</UL>

<P><STRONG><a name="[84]"></a>check_day_ok</STRONG> (ARM, 76 bytes, Stack size 0 bytes, save_flash.o(.text), UNUSED)
<BR><BR>[Called By]<UL><LI><a href="#[83]">&gt;&gt;</a>&nbsp;&nbsp;&nbsp;errase_day_old
</UL>

<P><STRONG><a name="[83]"></a>errase_day_old</STRONG> (ARM, 372 bytes, Stack size 56 bytes, save_flash.o(.text), UNUSED)
<BR><BR>[Calls]<UL><LI><a href="#[80]">&gt;&gt;</a>&nbsp;&nbsp;&nbsp;iap_Erase_sector
<LI><a href="#[84]">&gt;&gt;</a>&nbsp;&nbsp;&nbsp;check_day_ok
<LI><a href="#[85]">&gt;&gt;</a>&nbsp;&nbsp;&nbsp;compare_date
</UL>
<BR>[Called By]<UL><LI><a href="#[86]">&gt;&gt;</a>&nbsp;&nbsp;&nbsp;check_sector_current
</UL>

<P><STRONG><a name="[86]"></a>check_sector_current</STRONG> (ARM, 736 bytes, Stack size 8 bytes, save_flash.o(.text), UNUSED)
<BR><BR>[Calls]<UL><LI><a href="#[82]">&gt;&gt;</a>&nbsp;&nbsp;&nbsp;iap_Write
<LI><a href="#[80]">&gt;&gt;</a>&nbsp;&nbsp;&nbsp;iap_Erase_sector
<LI><a href="#[83]">&gt;&gt;</a>&nbsp;&nbsp;&nbsp;errase_day_old
</UL>

<P><STRONG><a name="[87]"></a>check_add_current</STRONG> (ARM, 144 bytes, Stack size 12 bytes, save_flash.o(.text))
<BR><BR>[Stack]<UL><LI>Max Depth = 12<LI>Call Chain = check_add_current
</UL>
<BR>[Called By]<UL><LI><a href="#[6f]">&gt;&gt;</a>&nbsp;&nbsp;&nbsp;read_freeze_frame
</UL>

<P><STRONG><a name="[75]"></a>read_time_offline</STRONG> (ARM, 160 bytes, Stack size 24 bytes, save_flash.o(.text))
<BR><BR>[Stack]<UL><LI>Max Depth = 152 + Unknown Stack Size
<LI>Call Chain = read_time_offline &rArr; __2sprintf &rArr; _printf_char_common &rArr; __printf
</UL>
<BR>[Calls]<UL><LI><a href="#[69]">&gt;&gt;</a>&nbsp;&nbsp;&nbsp;strcat (via Veneer)
<LI><a href="#[64]">&gt;&gt;</a>&nbsp;&nbsp;&nbsp;__2sprintf (via Veneer)
</UL>
<BR>[Called By]<UL><LI><a href="#[71]">&gt;&gt;</a>&nbsp;&nbsp;&nbsp;process_commands
</UL>

<P><STRONG><a name="[6f]"></a>read_freeze_frame</STRONG> (ARM, 200 bytes, Stack size 40 bytes, save_flash.o(.text))
<BR><BR>[Stack]<UL><LI>Max Depth = 168 + Unknown Stack Size
<LI>Call Chain = read_freeze_frame &rArr; __2sprintf &rArr; _printf_char_common &rArr; __printf
</UL>
<BR>[Calls]<UL><LI><a href="#[69]">&gt;&gt;</a>&nbsp;&nbsp;&nbsp;strcat (via Veneer)
<LI><a href="#[64]">&gt;&gt;</a>&nbsp;&nbsp;&nbsp;__2sprintf (via Veneer)
<LI><a href="#[88]">&gt;&gt;</a>&nbsp;&nbsp;&nbsp;iap_Read
<LI><a href="#[87]">&gt;&gt;</a>&nbsp;&nbsp;&nbsp;check_add_current
</UL>
<BR>[Called By]<UL><LI><a href="#[48]">&gt;&gt;</a>&nbsp;&nbsp;&nbsp;process_server_reading_data_save
</UL>

<P><STRONG><a name="[5d]"></a>check_id</STRONG> (ARM, 264 bytes, Stack size 32 bytes, save_flash.o(.text))
<BR><BR>[Stack]<UL><LI>Max Depth = 112<LI>Call Chain = check_id &rArr; iap_Write &rArr; Copy_RAM_To_Flash &rArr; iap
</UL>
<BR>[Calls]<UL><LI><a href="#[82]">&gt;&gt;</a>&nbsp;&nbsp;&nbsp;iap_Write
<LI><a href="#[80]">&gt;&gt;</a>&nbsp;&nbsp;&nbsp;iap_Erase_sector
<LI><a href="#[44]">&gt;&gt;</a>&nbsp;&nbsp;&nbsp;StringToHex
</UL>
<BR>[Called By]<UL><LI><a href="#[b]">&gt;&gt;</a>&nbsp;&nbsp;&nbsp;main
</UL>

<P><STRONG><a name="[89]"></a>save_time_offline</STRONG> (ARM, 260 bytes, Stack size 16 bytes, save_flash.o(.text))
<BR><BR>[Stack]<UL><LI>Max Depth = 96<LI>Call Chain = save_time_offline &rArr; iap_Write &rArr; Copy_RAM_To_Flash &rArr; iap
</UL>
<BR>[Calls]<UL><LI><a href="#[82]">&gt;&gt;</a>&nbsp;&nbsp;&nbsp;iap_Write
<LI><a href="#[7f]">&gt;&gt;</a>&nbsp;&nbsp;&nbsp;iap_Erase
<LI><a href="#[44]">&gt;&gt;</a>&nbsp;&nbsp;&nbsp;StringToHex
</UL>
<BR>[Called By]<UL><LI><a href="#[5f]">&gt;&gt;</a>&nbsp;&nbsp;&nbsp;vSaveTimeLostConnect
</UL>

<P><STRONG><a name="[5f]"></a>vSaveTimeLostConnect</STRONG> (ARM, 96 bytes, Stack size 32 bytes, save_flash.o(.text))
<BR><BR>[Stack]<UL><LI>Max Depth = 160 + Unknown Stack Size
<LI>Call Chain = vSaveTimeLostConnect &rArr; __2sprintf &rArr; _printf_char_common &rArr; __printf
</UL>
<BR>[Calls]<UL><LI><a href="#[64]">&gt;&gt;</a>&nbsp;&nbsp;&nbsp;__2sprintf (via Veneer)
<LI><a href="#[89]">&gt;&gt;</a>&nbsp;&nbsp;&nbsp;save_time_offline
</UL>
<BR>[Called By]<UL><LI><a href="#[b]">&gt;&gt;</a>&nbsp;&nbsp;&nbsp;main
</UL>

<P><STRONG><a name="[8a]"></a>eepromSaveFrame</STRONG> (ARM, 112 bytes, Stack size 16 bytes, save_flash.o(.text), UNUSED)
<BR><BR>[Calls]<UL><LI><a href="#[8b]">&gt;&gt;</a>&nbsp;&nbsp;&nbsp;writeEEPROM
<LI><a href="#[7d]">&gt;&gt;</a>&nbsp;&nbsp;&nbsp;prepare_freeze_frame
</UL>
<BR>[Called By]<UL><LI><a href="#[ac]">&gt;&gt;</a>&nbsp;&nbsp;&nbsp;test_fram
</UL>

<P><STRONG><a name="[8c]"></a>checkHaveDataFreeze</STRONG> (ARM, 164 bytes, Stack size 32 bytes, save_flash.o(.text), UNUSED)
<BR><BR>[Calls]<UL><LI><a href="#[8d]">&gt;&gt;</a>&nbsp;&nbsp;&nbsp;readEEPROM
</UL>
<BR>[Called By]<UL><LI><a href="#[8e]">&gt;&gt;</a>&nbsp;&nbsp;&nbsp;readFreezeFrame
</UL>

<P><STRONG><a name="[8e]"></a>readFreezeFrame</STRONG> (ARM, 228 bytes, Stack size 40 bytes, save_flash.o(.text), UNUSED)
<BR><BR>[Calls]<UL><LI><a href="#[69]">&gt;&gt;</a>&nbsp;&nbsp;&nbsp;strcat (via Veneer)
<LI><a href="#[64]">&gt;&gt;</a>&nbsp;&nbsp;&nbsp;__2sprintf (via Veneer)
<LI><a href="#[8d]">&gt;&gt;</a>&nbsp;&nbsp;&nbsp;readEEPROM
<LI><a href="#[8c]">&gt;&gt;</a>&nbsp;&nbsp;&nbsp;checkHaveDataFreeze
</UL>
<BR>[Called By]<UL><LI><a href="#[ac]">&gt;&gt;</a>&nbsp;&nbsp;&nbsp;test_fram
</UL>

<P><STRONG><a name="[6d]"></a>bcd2hex</STRONG> (ARM, 32 bytes, Stack size 0 bytes, stringconvert.o(.text))
<BR><BR>[Called By]<UL><LI><a href="#[70]">&gt;&gt;</a>&nbsp;&nbsp;&nbsp;process_syntime
<LI><a href="#[48]">&gt;&gt;</a>&nbsp;&nbsp;&nbsp;process_server_reading_data_save
</UL>

<P><STRONG><a name="[44]"></a>StringToHex</STRONG> (ARM, 216 bytes, Stack size 32 bytes, stringconvert.o(.text))
<BR><BR>[Stack]<UL><LI>Max Depth = 40<LI>Call Chain = StringToHex &rArr; strlen
</UL>
<BR>[Calls]<UL><LI><a href="#[3f]">&gt;&gt;</a>&nbsp;&nbsp;&nbsp;strlen (via Veneer)
</UL>
<BR>[Called By]<UL><LI><a href="#[89]">&gt;&gt;</a>&nbsp;&nbsp;&nbsp;save_time_offline
<LI><a href="#[7d]">&gt;&gt;</a>&nbsp;&nbsp;&nbsp;prepare_freeze_frame
<LI><a href="#[5e]">&gt;&gt;</a>&nbsp;&nbsp;&nbsp;read_para
<LI><a href="#[5d]">&gt;&gt;</a>&nbsp;&nbsp;&nbsp;check_id
<LI><a href="#[47]">&gt;&gt;</a>&nbsp;&nbsp;&nbsp;process_server_write_mode
<LI><a href="#[49]">&gt;&gt;</a>&nbsp;&nbsp;&nbsp;process_server_syntime_module
<LI><a href="#[4a]">&gt;&gt;</a>&nbsp;&nbsp;&nbsp;process_server_readtime_module
<LI><a href="#[46]">&gt;&gt;</a>&nbsp;&nbsp;&nbsp;process_server_reading_direct
<LI><a href="#[48]">&gt;&gt;</a>&nbsp;&nbsp;&nbsp;process_server_reading_data_save
<LI><a href="#[4b]">&gt;&gt;</a>&nbsp;&nbsp;&nbsp;check_data_rx_server
<LI><a href="#[43]">&gt;&gt;</a>&nbsp;&nbsp;&nbsp;send_command_to_server
</UL>

<P><STRONG><a name="[6c]"></a>convert_string2hex</STRONG> (ARM, 276 bytes, Stack size 0 bytes, stringconvert.o(.text), UNUSED)
<BR><BR>[Called By]<UL><LI><a href="#[6b]">&gt;&gt;</a>&nbsp;&nbsp;&nbsp;caculate_checksum
</UL>

<P><STRONG><a name="[67]"></a>check_buffer</STRONG> (ARM, 168 bytes, Stack size 32 bytes, stringconvert.o(.text))
<BR><BR>[Stack]<UL><LI>Max Depth = 40<LI>Call Chain = check_buffer &rArr; strncpy
</UL>
<BR>[Calls]<UL><LI><a href="#[72]">&gt;&gt;</a>&nbsp;&nbsp;&nbsp;strncpy
<LI><a href="#[3f]">&gt;&gt;</a>&nbsp;&nbsp;&nbsp;strlen (via Veneer)
</UL>
<BR>[Called By]<UL><LI><a href="#[68]">&gt;&gt;</a>&nbsp;&nbsp;&nbsp;return_data
<LI><a href="#[5b]">&gt;&gt;</a>&nbsp;&nbsp;&nbsp;set_time_from_rtc
</UL>

<P><STRONG><a name="[108]"></a>convert_1byte_string2hex</STRONG> (ARM, 36 bytes, Stack size 0 bytes, stringconvert.o(.text), UNUSED)

<P><STRONG><a name="[4c]"></a>swap_byte</STRONG> (ARM, 20 bytes, Stack size 0 bytes, stringconvert.o(.text))
<BR><BR>[Called By]<UL><LI><a href="#[4b]">&gt;&gt;</a>&nbsp;&nbsp;&nbsp;check_data_rx_server
</UL>

<P><STRONG><a name="[91]"></a>m25lc512StatusRead</STRONG> (ARM, 64 bytes, Stack size 8 bytes, m25lc512.o(.text), UNUSED)
<BR><BR>[Calls]<UL><LI><a href="#[90]">&gt;&gt;</a>&nbsp;&nbsp;&nbsp;spiPut
</UL>
<BR>[Called By]<UL><LI><a href="#[96]">&gt;&gt;</a>&nbsp;&nbsp;&nbsp;m25lc512CheckWriteEnabled
<LI><a href="#[92]">&gt;&gt;</a>&nbsp;&nbsp;&nbsp;m25lc512CheckWriteInProgress
</UL>

<P><STRONG><a name="[97]"></a>m25lc512Init</STRONG> (ARM, 16 bytes, Stack size 8 bytes, m25lc512.o(.text), UNUSED)
<BR><BR>[Calls]<UL><LI><a href="#[98]">&gt;&gt;</a>&nbsp;&nbsp;&nbsp;spiInit
</UL>

<P><STRONG><a name="[109]"></a>m25lc512Strerror</STRONG> (ARM, 84 bytes, Stack size 0 bytes, m25lc512.o(.text), UNUSED)

<P><STRONG><a name="[99]"></a>m25lc512ReadID</STRONG> (ARM, 128 bytes, Stack size 16 bytes, m25lc512.o(.text), UNUSED)
<BR><BR>[Calls]<UL><LI><a href="#[90]">&gt;&gt;</a>&nbsp;&nbsp;&nbsp;spiPut
<LI><a href="#[94]">&gt;&gt;</a>&nbsp;&nbsp;&nbsp;m25lc512WaitNotWriting
</UL>

<P><STRONG><a name="[9a]"></a>m25lc512DeepPowerDown</STRONG> (ARM, 20 bytes, Stack size 8 bytes, m25lc512.o(.text), UNUSED)
<BR><BR>[Calls]<UL><LI><a href="#[95]">&gt;&gt;</a>&nbsp;&nbsp;&nbsp;m25lc512SendByteEx
</UL>

<P><STRONG><a name="[9b]"></a>ReadSR</STRONG> (ARM, 60 bytes, Stack size 8 bytes, m25lc512.o(.text), UNUSED)
<BR><BR>[Calls]<UL><LI><a href="#[90]">&gt;&gt;</a>&nbsp;&nbsp;&nbsp;spiPut
</UL>

<P><STRONG><a name="[9c]"></a>m25lc512StatusWrite</STRONG> (ARM, 80 bytes, Stack size 16 bytes, m25lc512.o(.text), UNUSED)
<BR><BR>[Calls]<UL><LI><a href="#[90]">&gt;&gt;</a>&nbsp;&nbsp;&nbsp;spiPut
<LI><a href="#[94]">&gt;&gt;</a>&nbsp;&nbsp;&nbsp;m25lc512WaitNotWriting
</UL>

<P><STRONG><a name="[9d]"></a>m25lc512WriteEnable</STRONG> (ARM, 20 bytes, Stack size 8 bytes, m25lc512.o(.text), UNUSED)
<BR><BR>[Calls]<UL><LI><a href="#[95]">&gt;&gt;</a>&nbsp;&nbsp;&nbsp;m25lc512SendByteEx
</UL>
<BR>[Called By]<UL><LI><a href="#[a7]">&gt;&gt;</a>&nbsp;&nbsp;&nbsp;m25lc512FillAddressCommon
</UL>

<P><STRONG><a name="[9e]"></a>m25lc512WriteDisable</STRONG> (ARM, 20 bytes, Stack size 8 bytes, m25lc512.o(.text), UNUSED)
<BR><BR>[Calls]<UL><LI><a href="#[95]">&gt;&gt;</a>&nbsp;&nbsp;&nbsp;m25lc512SendByteEx
</UL>

<P><STRONG><a name="[9f]"></a>m25lc512ErasePage</STRONG> (ARM, 92 bytes, Stack size 8 bytes, m25lc512.o(.text), UNUSED)
<BR><BR>[Calls]<UL><LI><a href="#[90]">&gt;&gt;</a>&nbsp;&nbsp;&nbsp;spiPut
</UL>

<P><STRONG><a name="[a0]"></a>m25lc512EraseSector</STRONG> (ARM, 92 bytes, Stack size 8 bytes, m25lc512.o(.text), UNUSED)
<BR><BR>[Calls]<UL><LI><a href="#[90]">&gt;&gt;</a>&nbsp;&nbsp;&nbsp;spiPut
</UL>

<P><STRONG><a name="[a1]"></a>m25lc512EraseChip</STRONG> (ARM, 20 bytes, Stack size 8 bytes, m25lc512.o(.text), UNUSED)
<BR><BR>[Calls]<UL><LI><a href="#[95]">&gt;&gt;</a>&nbsp;&nbsp;&nbsp;m25lc512SendByteEx
</UL>

<P><STRONG><a name="[a4]"></a>m25lc512SetAddress</STRONG> (ARM, 36 bytes, Stack size 0 bytes, m25lc512.o(.text), UNUSED)
<BR><BR>[Called By]<UL><LI><a href="#[a7]">&gt;&gt;</a>&nbsp;&nbsp;&nbsp;m25lc512FillAddressCommon
<LI><a href="#[a6]">&gt;&gt;</a>&nbsp;&nbsp;&nbsp;m25lc512WriteAddress
<LI><a href="#[a3]">&gt;&gt;</a>&nbsp;&nbsp;&nbsp;m25lc512ReadAddress
</UL>

<P><STRONG><a name="[10a]"></a>m25lc512GetAddress</STRONG> (ARM, 12 bytes, Stack size 0 bytes, m25lc512.o(.text), UNUSED)

<P><STRONG><a name="[a2]"></a>m25lc512Read</STRONG> (ARM, 160 bytes, Stack size 24 bytes, m25lc512.o(.text), UNUSED)
<BR><BR>[Calls]<UL><LI><a href="#[90]">&gt;&gt;</a>&nbsp;&nbsp;&nbsp;spiPut
<LI><a href="#[94]">&gt;&gt;</a>&nbsp;&nbsp;&nbsp;m25lc512WaitNotWriting
</UL>
<BR>[Called By]<UL><LI><a href="#[a3]">&gt;&gt;</a>&nbsp;&nbsp;&nbsp;m25lc512ReadAddress
</UL>

<P><STRONG><a name="[a3]"></a>m25lc512ReadAddress</STRONG> (ARM, 60 bytes, Stack size 24 bytes, m25lc512.o(.text), UNUSED)
<BR><BR>[Calls]<UL><LI><a href="#[a2]">&gt;&gt;</a>&nbsp;&nbsp;&nbsp;m25lc512Read
<LI><a href="#[a4]">&gt;&gt;</a>&nbsp;&nbsp;&nbsp;m25lc512SetAddress
</UL>
<BR>[Called By]<UL><LI><a href="#[8b]">&gt;&gt;</a>&nbsp;&nbsp;&nbsp;writeEEPROM
<LI><a href="#[8d]">&gt;&gt;</a>&nbsp;&nbsp;&nbsp;readEEPROM
</UL>

<P><STRONG><a name="[a5]"></a>m25lc512Write</STRONG> (ARM, 172 bytes, Stack size 24 bytes, m25lc512.o(.text), UNUSED)
<BR><BR>[Calls]<UL><LI><a href="#[90]">&gt;&gt;</a>&nbsp;&nbsp;&nbsp;spiPut
<LI><a href="#[93]">&gt;&gt;</a>&nbsp;&nbsp;&nbsp;delay_ns
<LI><a href="#[94]">&gt;&gt;</a>&nbsp;&nbsp;&nbsp;m25lc512WaitNotWriting
<LI><a href="#[8f]">&gt;&gt;</a>&nbsp;&nbsp;&nbsp;m25lc512SendByte
</UL>
<BR>[Called By]<UL><LI><a href="#[a7]">&gt;&gt;</a>&nbsp;&nbsp;&nbsp;m25lc512FillAddressCommon
<LI><a href="#[a6]">&gt;&gt;</a>&nbsp;&nbsp;&nbsp;m25lc512WriteAddress
</UL>

<P><STRONG><a name="[a6]"></a>m25lc512WriteAddress</STRONG> (ARM, 60 bytes, Stack size 24 bytes, m25lc512.o(.text), UNUSED)
<BR><BR>[Calls]<UL><LI><a href="#[a5]">&gt;&gt;</a>&nbsp;&nbsp;&nbsp;m25lc512Write
<LI><a href="#[a4]">&gt;&gt;</a>&nbsp;&nbsp;&nbsp;m25lc512SetAddress
</UL>
<BR>[Called By]<UL><LI><a href="#[8b]">&gt;&gt;</a>&nbsp;&nbsp;&nbsp;writeEEPROM
</UL>

<P><STRONG><a name="[a7]"></a>m25lc512FillAddressCommon</STRONG> (ARM, 72 bytes, Stack size 24 bytes, m25lc512.o(.text), UNUSED)
<BR><BR>[Calls]<UL><LI><a href="#[a5]">&gt;&gt;</a>&nbsp;&nbsp;&nbsp;m25lc512Write
<LI><a href="#[a4]">&gt;&gt;</a>&nbsp;&nbsp;&nbsp;m25lc512SetAddress
<LI><a href="#[9d]">&gt;&gt;</a>&nbsp;&nbsp;&nbsp;m25lc512WriteEnable
</UL>
<BR>[Called By]<UL><LI><a href="#[a8]">&gt;&gt;</a>&nbsp;&nbsp;&nbsp;m25lc512FillAddress
</UL>

<P><STRONG><a name="[a8]"></a>m25lc512FillAddress</STRONG> (ARM, 308 bytes, Stack size 160 bytes, m25lc512.o(.text), UNUSED)
<BR><BR>[Calls]<UL><LI><a href="#[a9]">&gt;&gt;</a>&nbsp;&nbsp;&nbsp;__aeabi_memset
<LI><a href="#[a7]">&gt;&gt;</a>&nbsp;&nbsp;&nbsp;m25lc512FillAddressCommon
<LI><a href="#[96]">&gt;&gt;</a>&nbsp;&nbsp;&nbsp;m25lc512CheckWriteEnabled
</UL>

<P><STRONG><a name="[8b]"></a>writeEEPROM</STRONG> (ARM, 216 bytes, Stack size 88 bytes, m25lc512.o(.text), UNUSED)
<BR><BR>[Calls]<UL><LI><a href="#[aa]">&gt;&gt;</a>&nbsp;&nbsp;&nbsp;memcmp (via Veneer)
<LI><a href="#[34]">&gt;&gt;</a>&nbsp;&nbsp;&nbsp;__2printf (via Veneer)
<LI><a href="#[a6]">&gt;&gt;</a>&nbsp;&nbsp;&nbsp;m25lc512WriteAddress
<LI><a href="#[a3]">&gt;&gt;</a>&nbsp;&nbsp;&nbsp;m25lc512ReadAddress
</UL>
<BR>[Called By]<UL><LI><a href="#[8a]">&gt;&gt;</a>&nbsp;&nbsp;&nbsp;eepromSaveFrame
</UL>

<P><STRONG><a name="[8d]"></a>readEEPROM</STRONG> (ARM, 216 bytes, Stack size 88 bytes, m25lc512.o(.text), UNUSED)
<BR><BR>[Calls]<UL><LI><a href="#[aa]">&gt;&gt;</a>&nbsp;&nbsp;&nbsp;memcmp (via Veneer)
<LI><a href="#[34]">&gt;&gt;</a>&nbsp;&nbsp;&nbsp;__2printf (via Veneer)
<LI><a href="#[a3]">&gt;&gt;</a>&nbsp;&nbsp;&nbsp;m25lc512ReadAddress
</UL>
<BR>[Called By]<UL><LI><a href="#[8e]">&gt;&gt;</a>&nbsp;&nbsp;&nbsp;readFreezeFrame
<LI><a href="#[8c]">&gt;&gt;</a>&nbsp;&nbsp;&nbsp;checkHaveDataFreeze
</UL>

<P><STRONG><a name="[ab]"></a>DF_ReadID</STRONG> (ARM, 84 bytes, Stack size 8 bytes, m25lc512.o(.text), UNUSED)
<BR><BR>[Calls]<UL><LI><a href="#[90]">&gt;&gt;</a>&nbsp;&nbsp;&nbsp;spiPut
</UL>

<P><STRONG><a name="[ac]"></a>test_fram</STRONG> (ARM, 284 bytes, Stack size 16 bytes, m25lc512.o(.text), UNUSED)
<BR><BR>[Calls]<UL><LI><a href="#[34]">&gt;&gt;</a>&nbsp;&nbsp;&nbsp;__2printf (via Veneer)
<LI><a href="#[98]">&gt;&gt;</a>&nbsp;&nbsp;&nbsp;spiInit
<LI><a href="#[8e]">&gt;&gt;</a>&nbsp;&nbsp;&nbsp;readFreezeFrame
<LI><a href="#[8a]">&gt;&gt;</a>&nbsp;&nbsp;&nbsp;eepromSaveFrame
</UL>

<P><STRONG><a name="[30]"></a>delay_n50ms</STRONG> (ARM, 52 bytes, Stack size 0 bytes, delay.o(.text))
<BR><BR>[Called By]<UL><LI><a href="#[41]">&gt;&gt;</a>&nbsp;&nbsp;&nbsp;trans_data_server
<LI><a href="#[40]">&gt;&gt;</a>&nbsp;&nbsp;&nbsp;prepare_trans_data
<LI><a href="#[3e]">&gt;&gt;</a>&nbsp;&nbsp;&nbsp;prepare_trans_data_test
<LI><a href="#[3c]">&gt;&gt;</a>&nbsp;&nbsp;&nbsp;connectToServerNow
<LI><a href="#[3b]">&gt;&gt;</a>&nbsp;&nbsp;&nbsp;establishTCPClient
<LI><a href="#[39]">&gt;&gt;</a>&nbsp;&nbsp;&nbsp;onOffModuleGprs
<LI><a href="#[35]">&gt;&gt;</a>&nbsp;&nbsp;&nbsp;checkPowerOnOffGPRS
<LI><a href="#[2e]">&gt;&gt;</a>&nbsp;&nbsp;&nbsp;check_responde_SIM800
</UL>

<P><STRONG><a name="[38]"></a>delay_nsecond</STRONG> (ARM, 44 bytes, Stack size 0 bytes, delay.o(.text))
<BR><BR>[Called By]<UL><LI><a href="#[4f]">&gt;&gt;</a>&nbsp;&nbsp;&nbsp;restart_gprs
<LI><a href="#[3e]">&gt;&gt;</a>&nbsp;&nbsp;&nbsp;prepare_trans_data_test
<LI><a href="#[3b]">&gt;&gt;</a>&nbsp;&nbsp;&nbsp;establishTCPClient
<LI><a href="#[3a]">&gt;&gt;</a>&nbsp;&nbsp;&nbsp;ON_OFF_mudule_GPRS
<LI><a href="#[39]">&gt;&gt;</a>&nbsp;&nbsp;&nbsp;onOffModuleGprs
<LI><a href="#[36]">&gt;&gt;</a>&nbsp;&nbsp;&nbsp;offModuleGprs
</UL>

<P><STRONG><a name="[93]"></a>delay_ns</STRONG> (ARM, 24 bytes, Stack size 0 bytes, delay.o(.text), UNUSED)
<BR><BR>[Called By]<UL><LI><a href="#[a5]">&gt;&gt;</a>&nbsp;&nbsp;&nbsp;m25lc512Write
<LI><a href="#[94]">&gt;&gt;</a>&nbsp;&nbsp;&nbsp;m25lc512WaitNotWriting
<LI><a href="#[92]">&gt;&gt;</a>&nbsp;&nbsp;&nbsp;m25lc512CheckWriteInProgress
</UL>

<P><STRONG><a name="[52]"></a>GPIO_Output</STRONG> (ARM, 56 bytes, Stack size 0 bytes, gpio.o(.text))
<BR><BR>[Called By]<UL><LI><a href="#[51]">&gt;&gt;</a>&nbsp;&nbsp;&nbsp;gpio_config
</UL>

<P><STRONG><a name="[10b]"></a>GPIO_Input</STRONG> (ARM, 96 bytes, Stack size 0 bytes, gpio.o(.text), UNUSED)

<P><STRONG><a name="[37]"></a>GPIO_WriteBit</STRONG> (ARM, 120 bytes, Stack size 0 bytes, gpio.o(.text))
<BR><BR>[Called By]<UL><LI><a href="#[61]">&gt;&gt;</a>&nbsp;&nbsp;&nbsp;enable_ext_wdt
<LI><a href="#[51]">&gt;&gt;</a>&nbsp;&nbsp;&nbsp;gpio_config
<LI><a href="#[4f]">&gt;&gt;</a>&nbsp;&nbsp;&nbsp;restart_gprs
<LI><a href="#[3a]">&gt;&gt;</a>&nbsp;&nbsp;&nbsp;ON_OFF_mudule_GPRS
<LI><a href="#[39]">&gt;&gt;</a>&nbsp;&nbsp;&nbsp;onOffModuleGprs
<LI><a href="#[36]">&gt;&gt;</a>&nbsp;&nbsp;&nbsp;offModuleGprs
</UL>

<P><STRONG><a name="[50]"></a>GPIO_Toggled</STRONG> (ARM, 156 bytes, Stack size 0 bytes, gpio.o(.text))
<BR><BR>[Called By]<UL><LI><a href="#[d]">&gt;&gt;</a>&nbsp;&nbsp;&nbsp;myTimer0_ISR
</UL>

<P><STRONG><a name="[ad]"></a>Read_Boot_Code_Version</STRONG> (ARM, 40 bytes, Stack size 8 bytes, iap.o(.text), UNUSED)
<BR><BR>[Calls]<UL><LI><a href="#[ae]">&gt;&gt;</a>&nbsp;&nbsp;&nbsp;iap
</UL>
<BR>[Called By]<UL><LI><a href="#[af]">&gt;&gt;</a>&nbsp;&nbsp;&nbsp;iap_BootLoaderVersion
</UL>

<P><STRONG><a name="[af]"></a>iap_BootLoaderVersion</STRONG> (ARM, 48 bytes, Stack size 8 bytes, iap.o(.text), UNUSED)
<BR><BR>[Calls]<UL><LI><a href="#[ad]">&gt;&gt;</a>&nbsp;&nbsp;&nbsp;Read_Boot_Code_Version
</UL>

<P><STRONG><a name="[88]"></a>iap_Read</STRONG> (ARM, 48 bytes, Stack size 4 bytes, iap.o(.text))
<BR><BR>[Stack]<UL><LI>Max Depth = 4<LI>Call Chain = iap_Read
</UL>
<BR>[Called By]<UL><LI><a href="#[6f]">&gt;&gt;</a>&nbsp;&nbsp;&nbsp;read_freeze_frame
</UL>

<P><STRONG><a name="[b0]"></a>Compare</STRONG> (ARM, 52 bytes, Stack size 24 bytes, iap.o(.text))
<BR><BR>[Stack]<UL><LI>Max Depth = 48<LI>Call Chain = Compare &rArr; iap
</UL>
<BR>[Calls]<UL><LI><a href="#[ae]">&gt;&gt;</a>&nbsp;&nbsp;&nbsp;iap
</UL>
<BR>[Called By]<UL><LI><a href="#[82]">&gt;&gt;</a>&nbsp;&nbsp;&nbsp;iap_Write
</UL>

<P><STRONG><a name="[b1]"></a>Copy_RAM_To_Flash</STRONG> (ARM, 52 bytes, Stack size 24 bytes, iap.o(.text))
<BR><BR>[Stack]<UL><LI>Max Depth = 48<LI>Call Chain = Copy_RAM_To_Flash &rArr; iap
</UL>
<BR>[Calls]<UL><LI><a href="#[ae]">&gt;&gt;</a>&nbsp;&nbsp;&nbsp;iap
</UL>
<BR>[Called By]<UL><LI><a href="#[82]">&gt;&gt;</a>&nbsp;&nbsp;&nbsp;iap_Write
</UL>

<P><STRONG><a name="[b4]"></a>Get_Sec_Num</STRONG> (ARM, 228 bytes, Stack size 0 bytes, iap.o(.text))
<BR><BR>[Called By]<UL><LI><a href="#[82]">&gt;&gt;</a>&nbsp;&nbsp;&nbsp;iap_Write
<LI><a href="#[7f]">&gt;&gt;</a>&nbsp;&nbsp;&nbsp;iap_Erase
</UL>

<P><STRONG><a name="[b2]"></a>Prepare_Sectors</STRONG> (ARM, 48 bytes, Stack size 16 bytes, iap.o(.text))
<BR><BR>[Stack]<UL><LI>Max Depth = 40<LI>Call Chain = Prepare_Sectors &rArr; iap
</UL>
<BR>[Calls]<UL><LI><a href="#[ae]">&gt;&gt;</a>&nbsp;&nbsp;&nbsp;iap
</UL>
<BR>[Called By]<UL><LI><a href="#[82]">&gt;&gt;</a>&nbsp;&nbsp;&nbsp;iap_Write
<LI><a href="#[80]">&gt;&gt;</a>&nbsp;&nbsp;&nbsp;iap_Erase_sector
<LI><a href="#[7f]">&gt;&gt;</a>&nbsp;&nbsp;&nbsp;iap_Erase
</UL>

<P><STRONG><a name="[b3]"></a>Blank_Check_Sector</STRONG> (ARM, 48 bytes, Stack size 16 bytes, iap.o(.text))
<BR><BR>[Stack]<UL><LI>Max Depth = 40<LI>Call Chain = Blank_Check_Sector &rArr; iap
</UL>
<BR>[Calls]<UL><LI><a href="#[ae]">&gt;&gt;</a>&nbsp;&nbsp;&nbsp;iap
</UL>
<BR>[Called By]<UL><LI><a href="#[82]">&gt;&gt;</a>&nbsp;&nbsp;&nbsp;iap_Write
<LI><a href="#[80]">&gt;&gt;</a>&nbsp;&nbsp;&nbsp;iap_Erase_sector
<LI><a href="#[7f]">&gt;&gt;</a>&nbsp;&nbsp;&nbsp;iap_Erase
</UL>

<P><STRONG><a name="[82]"></a>iap_Write</STRONG> (ARM, 212 bytes, Stack size 32 bytes, iap.o(.text))
<BR><BR>[Stack]<UL><LI>Max Depth = 80<LI>Call Chain = iap_Write &rArr; Copy_RAM_To_Flash &rArr; iap
</UL>
<BR>[Calls]<UL><LI><a href="#[b3]">&gt;&gt;</a>&nbsp;&nbsp;&nbsp;Blank_Check_Sector
<LI><a href="#[b2]">&gt;&gt;</a>&nbsp;&nbsp;&nbsp;Prepare_Sectors
<LI><a href="#[b4]">&gt;&gt;</a>&nbsp;&nbsp;&nbsp;Get_Sec_Num
<LI><a href="#[b1]">&gt;&gt;</a>&nbsp;&nbsp;&nbsp;Copy_RAM_To_Flash
<LI><a href="#[b0]">&gt;&gt;</a>&nbsp;&nbsp;&nbsp;Compare
</UL>
<BR>[Called By]<UL><LI><a href="#[89]">&gt;&gt;</a>&nbsp;&nbsp;&nbsp;save_time_offline
<LI><a href="#[86]">&gt;&gt;</a>&nbsp;&nbsp;&nbsp;check_sector_current
<LI><a href="#[81]">&gt;&gt;</a>&nbsp;&nbsp;&nbsp;freeze_frame
<LI><a href="#[5d]">&gt;&gt;</a>&nbsp;&nbsp;&nbsp;check_id
</UL>

<P><STRONG><a name="[b5]"></a>Erase_Sectors</STRONG> (ARM, 48 bytes, Stack size 16 bytes, iap.o(.text))
<BR><BR>[Stack]<UL><LI>Max Depth = 40<LI>Call Chain = Erase_Sectors &rArr; iap
</UL>
<BR>[Calls]<UL><LI><a href="#[ae]">&gt;&gt;</a>&nbsp;&nbsp;&nbsp;iap
</UL>
<BR>[Called By]<UL><LI><a href="#[80]">&gt;&gt;</a>&nbsp;&nbsp;&nbsp;iap_Erase_sector
<LI><a href="#[7f]">&gt;&gt;</a>&nbsp;&nbsp;&nbsp;iap_Erase
</UL>

<P><STRONG><a name="[80]"></a>iap_Erase_sector</STRONG> (ARM, 196 bytes, Stack size 16 bytes, iap.o(.text))
<BR><BR>[Stack]<UL><LI>Max Depth = 56<LI>Call Chain = iap_Erase_sector &rArr; Erase_Sectors &rArr; iap
</UL>
<BR>[Calls]<UL><LI><a href="#[b5]">&gt;&gt;</a>&nbsp;&nbsp;&nbsp;Erase_Sectors
<LI><a href="#[b3]">&gt;&gt;</a>&nbsp;&nbsp;&nbsp;Blank_Check_Sector
<LI><a href="#[b2]">&gt;&gt;</a>&nbsp;&nbsp;&nbsp;Prepare_Sectors
</UL>
<BR>[Called By]<UL><LI><a href="#[86]">&gt;&gt;</a>&nbsp;&nbsp;&nbsp;check_sector_current
<LI><a href="#[83]">&gt;&gt;</a>&nbsp;&nbsp;&nbsp;errase_day_old
<LI><a href="#[7e]">&gt;&gt;</a>&nbsp;&nbsp;&nbsp;check_add_free
<LI><a href="#[5d]">&gt;&gt;</a>&nbsp;&nbsp;&nbsp;check_id
</UL>

<P><STRONG><a name="[7f]"></a>iap_Erase</STRONG> (ARM, 272 bytes, Stack size 24 bytes, iap.o(.text))
<BR><BR>[Stack]<UL><LI>Max Depth = 64<LI>Call Chain = iap_Erase &rArr; Erase_Sectors &rArr; iap
</UL>
<BR>[Calls]<UL><LI><a href="#[b5]">&gt;&gt;</a>&nbsp;&nbsp;&nbsp;Erase_Sectors
<LI><a href="#[b3]">&gt;&gt;</a>&nbsp;&nbsp;&nbsp;Blank_Check_Sector
<LI><a href="#[b2]">&gt;&gt;</a>&nbsp;&nbsp;&nbsp;Prepare_Sectors
<LI><a href="#[b4]">&gt;&gt;</a>&nbsp;&nbsp;&nbsp;Get_Sec_Num
</UL>
<BR>[Called By]<UL><LI><a href="#[89]">&gt;&gt;</a>&nbsp;&nbsp;&nbsp;save_time_offline
<LI><a href="#[7e]">&gt;&gt;</a>&nbsp;&nbsp;&nbsp;check_add_free
</UL>

<P><STRONG><a name="[b6]"></a>pll_off</STRONG> (ARM, 28 bytes, Stack size 8 bytes, iap.o(.text), UNUSED)
<BR><BR>[Calls]<UL><LI><a href="#[b7]">&gt;&gt;</a>&nbsp;&nbsp;&nbsp;pll_feed
</UL>

<P><STRONG><a name="[b8]"></a>pll_on</STRONG> (ARM, 64 bytes, Stack size 8 bytes, iap.o(.text), UNUSED)
<BR><BR>[Calls]<UL><LI><a href="#[b7]">&gt;&gt;</a>&nbsp;&nbsp;&nbsp;pll_feed
</UL>

<P><STRONG><a name="[55]"></a>init_PLL</STRONG> (ARM, 96 bytes, Stack size 0 bytes, init_system.o(.text))
<BR><BR>[Called By]<UL><LI><a href="#[53]">&gt;&gt;</a>&nbsp;&nbsp;&nbsp;vSetupHardware
</UL>

<P><STRONG><a name="[b9]"></a>sendchar</STRONG> (ARM, 80 bytes, Stack size 0 bytes, retarget.o(.text))
<BR><BR>[Called By]<UL><LI><a href="#[ba]">&gt;&gt;</a>&nbsp;&nbsp;&nbsp;_ttywrch
<LI><a href="#[14]">&gt;&gt;</a>&nbsp;&nbsp;&nbsp;fputc
</UL>

<P><STRONG><a name="[14]"></a>fputc</STRONG> (ARM, 28 bytes, Stack size 8 bytes, retarget.o(.text))
<BR><BR>[Stack]<UL><LI>Max Depth = 8<LI>Call Chain = fputc
</UL>
<BR>[Calls]<UL><LI><a href="#[b9]">&gt;&gt;</a>&nbsp;&nbsp;&nbsp;sendchar
</UL>
<BR>[Address Reference Count : 1]<UL><LI> _printf_char_file.o(.text)
</UL>
<P><STRONG><a name="[d7]"></a>ferror</STRONG> (ARM, 12 bytes, Stack size 0 bytes, retarget.o(.text))
<BR><BR>[Called By]<UL><LI><a href="#[c0]">&gt;&gt;</a>&nbsp;&nbsp;&nbsp;_printf_char_file (via Veneer)
</UL>

<P><STRONG><a name="[ba]"></a>_ttywrch</STRONG> (ARM, 24 bytes, Stack size 4 bytes, retarget.o(.text), UNUSED)
<BR><BR>[Calls]<UL><LI><a href="#[b9]">&gt;&gt;</a>&nbsp;&nbsp;&nbsp;sendchar
</UL>

<P><STRONG><a name="[2d]"></a>_sys_exit</STRONG> (ARM, 8 bytes, Stack size 0 bytes, retarget.o(.text))
<BR><BR>[Called By]<UL><LI><a href="#[2c]">&gt;&gt;</a>&nbsp;&nbsp;&nbsp;__rt_exit_exit
</UL>

<P><STRONG><a name="[bb]"></a>RTCHandler</STRONG> (ARM, 260 bytes, Stack size 8 bytes, rtc.o(.text))
<BR><BR>[Stack]<UL><LI>Max Depth = 8<LI>Call Chain = RTCHandler
</UL>
<BR>[Address Reference Count : 1]<UL><LI> rtc.o(.text)
</UL>
<P><STRONG><a name="[5a]"></a>RTC_init</STRONG> (ARM, 108 bytes, Stack size 0 bytes, rtc.o(.text))
<BR><BR>[Called By]<UL><LI><a href="#[53]">&gt;&gt;</a>&nbsp;&nbsp;&nbsp;vSetupHardware
</UL>

<P><STRONG><a name="[5c]"></a>RTC_start</STRONG> (ARM, 24 bytes, Stack size 0 bytes, rtc.o(.text))
<BR><BR>[Called By]<UL><LI><a href="#[53]">&gt;&gt;</a>&nbsp;&nbsp;&nbsp;vSetupHardware
</UL>

<P><STRONG><a name="[10c]"></a>RTC_stop</STRONG> (ARM, 24 bytes, Stack size 0 bytes, rtc.o(.text), UNUSED)

<P><STRONG><a name="[10d]"></a>RTC_CTCReset</STRONG> (ARM, 24 bytes, Stack size 0 bytes, rtc.o(.text), UNUSED)

<P><STRONG><a name="[10e]"></a>RTC_SetTime</STRONG> (ARM, 72 bytes, Stack size 12 bytes, rtc.o(.text), UNUSED)

<P><STRONG><a name="[10f]"></a>RTC_SetAlarm</STRONG> (ARM, 80 bytes, Stack size 12 bytes, rtc.o(.text), UNUSED)

<P><STRONG><a name="[110]"></a>RTC_SetAlarmMask</STRONG> (ARM, 12 bytes, Stack size 0 bytes, rtc.o(.text), UNUSED)

<P><STRONG><a name="[56]"></a>initTimer0</STRONG> (ARM, 96 bytes, Stack size 0 bytes, timer.o(.text))
<BR><BR>[Called By]<UL><LI><a href="#[53]">&gt;&gt;</a>&nbsp;&nbsp;&nbsp;vSetupHardware
</UL>

<P><STRONG><a name="[111]"></a>initTimer1</STRONG> (ARM, 96 bytes, Stack size 0 bytes, timer.o(.text), UNUSED)

<P><STRONG><a name="[66]"></a>delay_ms</STRONG> (ARM, 36 bytes, Stack size 0 bytes, timer.o(.text))
<BR><BR>[Called By]<UL><LI><a href="#[76]">&gt;&gt;</a>&nbsp;&nbsp;&nbsp;load_data_meter
<LI><a href="#[68]">&gt;&gt;</a>&nbsp;&nbsp;&nbsp;return_data
<LI><a href="#[62]">&gt;&gt;</a>&nbsp;&nbsp;&nbsp;sign_in
<LI><a href="#[5b]">&gt;&gt;</a>&nbsp;&nbsp;&nbsp;set_time_from_rtc
</UL>

<P><STRONG><a name="[57]"></a>initUart0</STRONG> (ARM, 180 bytes, Stack size 16 bytes, uart0.o(.text))
<BR><BR>[Stack]<UL><LI>Max Depth = 16 + Unknown Stack Size
<LI>Call Chain = initUart0
</UL>
<BR>[Calls]<UL><LI><a href="#[bc]">&gt;&gt;</a>&nbsp;&nbsp;&nbsp;__aeabi_uidivmod
</UL>
<BR>[Called By]<UL><LI><a href="#[53]">&gt;&gt;</a>&nbsp;&nbsp;&nbsp;vSetupHardware
</UL>

<P><STRONG><a name="[bd]"></a>UART0_Char</STRONG> (ARM, 40 bytes, Stack size 0 bytes, uart0.o(.text))
<BR><BR>[Called By]<UL><LI><a href="#[65]">&gt;&gt;</a>&nbsp;&nbsp;&nbsp;UART0_Send
</UL>

<P><STRONG><a name="[65]"></a>UART0_Send</STRONG> (ARM, 48 bytes, Stack size 8 bytes, uart0.o(.text))
<BR><BR>[Stack]<UL><LI>Max Depth = 8<LI>Call Chain = UART0_Send
</UL>
<BR>[Calls]<UL><LI><a href="#[bd]">&gt;&gt;</a>&nbsp;&nbsp;&nbsp;UART0_Char
</UL>
<BR>[Called By]<UL><LI><a href="#[7d]">&gt;&gt;</a>&nbsp;&nbsp;&nbsp;prepare_freeze_frame
<LI><a href="#[7c]">&gt;&gt;</a>&nbsp;&nbsp;&nbsp;read_metter_directmode
<LI><a href="#[78]">&gt;&gt;</a>&nbsp;&nbsp;&nbsp;write_data_metter
<LI><a href="#[76]">&gt;&gt;</a>&nbsp;&nbsp;&nbsp;load_data_meter
<LI><a href="#[68]">&gt;&gt;</a>&nbsp;&nbsp;&nbsp;return_data
<LI><a href="#[62]">&gt;&gt;</a>&nbsp;&nbsp;&nbsp;sign_in
<LI><a href="#[5b]">&gt;&gt;</a>&nbsp;&nbsp;&nbsp;set_time_from_rtc
<LI><a href="#[5e]">&gt;&gt;</a>&nbsp;&nbsp;&nbsp;read_para
</UL>

<P><STRONG><a name="[58]"></a>initUart1</STRONG> (ARM, 180 bytes, Stack size 16 bytes, uart1.o(.text))
<BR><BR>[Stack]<UL><LI>Max Depth = 16 + Unknown Stack Size
<LI>Call Chain = initUart1
</UL>
<BR>[Calls]<UL><LI><a href="#[bc]">&gt;&gt;</a>&nbsp;&nbsp;&nbsp;__aeabi_uidivmod
</UL>
<BR>[Called By]<UL><LI><a href="#[53]">&gt;&gt;</a>&nbsp;&nbsp;&nbsp;vSetupHardware
</UL>

<P><STRONG><a name="[bf]"></a>UART1_Char</STRONG> (ARM, 72 bytes, Stack size 0 bytes, uart1.o(.text), UNUSED)
<BR><BR>[Called By]<UL><LI><a href="#[be]">&gt;&gt;</a>&nbsp;&nbsp;&nbsp;UART1_Send
</UL>

<P><STRONG><a name="[be]"></a>UART1_Send</STRONG> (ARM, 48 bytes, Stack size 8 bytes, uart1.o(.text), UNUSED)
<BR><BR>[Calls]<UL><LI><a href="#[bf]">&gt;&gt;</a>&nbsp;&nbsp;&nbsp;UART1_Char
</UL>

<P><STRONG><a name="[42]"></a>UART1_send_HEX</STRONG> (ARM, 32 bytes, Stack size 0 bytes, uart1.o(.text))
<BR><BR>[Called By]<UL><LI><a href="#[41]">&gt;&gt;</a>&nbsp;&nbsp;&nbsp;trans_data_server
</UL>

<P><STRONG><a name="[98]"></a>spiInit</STRONG> (ARM, 104 bytes, Stack size 0 bytes, spi.o(.text), UNUSED)
<BR><BR>[Called By]<UL><LI><a href="#[ac]">&gt;&gt;</a>&nbsp;&nbsp;&nbsp;test_fram
<LI><a href="#[97]">&gt;&gt;</a>&nbsp;&nbsp;&nbsp;m25lc512Init
</UL>

<P><STRONG><a name="[90]"></a>spiPut</STRONG> (ARM, 48 bytes, Stack size 0 bytes, spi.o(.text), UNUSED)
<BR><BR>[Called By]<UL><LI><a href="#[ab]">&gt;&gt;</a>&nbsp;&nbsp;&nbsp;DF_ReadID
<LI><a href="#[a5]">&gt;&gt;</a>&nbsp;&nbsp;&nbsp;m25lc512Write
<LI><a href="#[a2]">&gt;&gt;</a>&nbsp;&nbsp;&nbsp;m25lc512Read
<LI><a href="#[a0]">&gt;&gt;</a>&nbsp;&nbsp;&nbsp;m25lc512EraseSector
<LI><a href="#[9f]">&gt;&gt;</a>&nbsp;&nbsp;&nbsp;m25lc512ErasePage
<LI><a href="#[9c]">&gt;&gt;</a>&nbsp;&nbsp;&nbsp;m25lc512StatusWrite
<LI><a href="#[9b]">&gt;&gt;</a>&nbsp;&nbsp;&nbsp;ReadSR
<LI><a href="#[99]">&gt;&gt;</a>&nbsp;&nbsp;&nbsp;m25lc512ReadID
<LI><a href="#[91]">&gt;&gt;</a>&nbsp;&nbsp;&nbsp;m25lc512StatusRead
<LI><a href="#[8f]">&gt;&gt;</a>&nbsp;&nbsp;&nbsp;m25lc512SendByte
</UL>

<P><STRONG><a name="[dc]"></a>__user_initial_stackheap</STRONG> (ARM, 0 bytes, Stack size unknown bytes, startup.o(.text))
<BR><BR>[Called By]<UL><LI><a href="#[25]">&gt;&gt;</a>&nbsp;&nbsp;&nbsp;__user_setup_stackheap
</UL>

<P><STRONG><a name="[112]"></a>__I$use$semihosting</STRONG> (ARM, 0 bytes, Stack size 0 bytes, use_no_semi.o(.text), UNUSED)

<P><STRONG><a name="[113]"></a>__use_no_semihosting_swi</STRONG> (ARM, 4 bytes, Stack size 0 bytes, use_no_semi.o(.text), UNUSED)

<P><STRONG><a name="[34]"></a>__2printf</STRONG> (Thumb, 22 bytes, Stack size 24 bytes, noretval__2printf.o(.text))
<BR><BR>[Stack]<UL><LI>Max Depth = 136 + Unknown Stack Size
<LI>Call Chain = __2printf &rArr; _printf_char_file &rArr; _printf_char_common &rArr; __printf
</UL>
<BR>[Calls]<UL><LI><a href="#[c0]">&gt;&gt;</a>&nbsp;&nbsp;&nbsp;_printf_char_file
</UL>
<BR>[Called By]<UL><LI><a href="#[ac]">&gt;&gt;</a>&nbsp;&nbsp;&nbsp;test_fram (via Veneer)
<LI><a href="#[8b]">&gt;&gt;</a>&nbsp;&nbsp;&nbsp;writeEEPROM (via Veneer)
<LI><a href="#[8d]">&gt;&gt;</a>&nbsp;&nbsp;&nbsp;readEEPROM (via Veneer)
<LI><a href="#[b]">&gt;&gt;</a>&nbsp;&nbsp;&nbsp;main (via Veneer)
<LI><a href="#[40]">&gt;&gt;</a>&nbsp;&nbsp;&nbsp;prepare_trans_data (via Veneer)
<LI><a href="#[3e]">&gt;&gt;</a>&nbsp;&nbsp;&nbsp;prepare_trans_data_test (via Veneer)
<LI><a href="#[3c]">&gt;&gt;</a>&nbsp;&nbsp;&nbsp;connectToServerNow (via Veneer)
<LI><a href="#[3b]">&gt;&gt;</a>&nbsp;&nbsp;&nbsp;establishTCPClient (via Veneer)
<LI><a href="#[3a]">&gt;&gt;</a>&nbsp;&nbsp;&nbsp;ON_OFF_mudule_GPRS (via Veneer)
<LI><a href="#[39]">&gt;&gt;</a>&nbsp;&nbsp;&nbsp;onOffModuleGprs (via Veneer)
<LI><a href="#[35]">&gt;&gt;</a>&nbsp;&nbsp;&nbsp;checkPowerOnOffGPRS (via Veneer)
<LI><a href="#[33]">&gt;&gt;</a>&nbsp;&nbsp;&nbsp;get_RSSI_signal (via Veneer)
</UL>

<P><STRONG><a name="[64]"></a>__2sprintf</STRONG> (Thumb, 36 bytes, Stack size 32 bytes, noretval__2sprintf.o(.text))
<BR><BR>[Stack]<UL><LI>Max Depth = 128 + Unknown Stack Size
[...]
</UL>

<P><STRONG><a name="[115]"></a>_memcpy_lastbytes</STRONG> (ARM, 0 bytes, Stack size unknown bytes, rt_memcpy.o(.text), UNUSED)

<P><STRONG><a name="[a9]"></a>__aeabi_memset</STRONG> (ARM, 16 bytes, Stack size 0 bytes, aeabi_memset.o(.text), UNUSED)
<BR><BR>[Calls]<UL><LI><a href="#[d3]">&gt;&gt;</a>&nbsp;&nbsp;&nbsp;_memset
</UL>
<BR>[Called By]<UL><LI><a href="#[a8]">&gt;&gt;</a>&nbsp;&nbsp;&nbsp;m25lc512FillAddress
</UL>

<P><STRONG><a name="[72]"></a>strncpy</STRONG> (ARM, 108 bytes, Stack size 8 bytes, strncpy.o(.text))
<BR><BR>[Stack]<UL><LI>Max Depth = 8<LI>Call Chain = strncpy
</UL>
<BR>[Calls]<UL><LI><a href="#[d4]">&gt;&gt;</a>&nbsp;&nbsp;&nbsp;__aeabi_memclr
</UL>
<BR>[Called By]<UL><LI><a href="#[7d]">&gt;&gt;</a>&nbsp;&nbsp;&nbsp;prepare_freeze_frame
<LI><a href="#[67]">&gt;&gt;</a>&nbsp;&nbsp;&nbsp;check_buffer
<LI><a href="#[78]">&gt;&gt;</a>&nbsp;&nbsp;&nbsp;write_data_metter
<LI><a href="#[77]">&gt;&gt;</a>&nbsp;&nbsp;&nbsp;write_data
<LI><a href="#[71]">&gt;&gt;</a>&nbsp;&nbsp;&nbsp;process_commands
</UL>

<P><STRONG><a name="[116]"></a>__aeabi_idiv</STRONG> (ARM, 0 bytes, Stack size 8 bytes, aeabi_sdiv.o(.text), UNUSED)

<P><STRONG><a name="[74]"></a>__aeabi_idivmod</STRONG> (ARM, 384 bytes, Stack size 8 bytes, aeabi_sdiv.o(.text))
<BR><BR>[Stack]<UL><LI>Max Depth = 8<LI>Call Chain = __aeabi_idivmod
</UL>
<BR>[Called By]<UL><LI><a href="#[71]">&gt;&gt;</a>&nbsp;&nbsp;&nbsp;process_commands
</UL>

<P><STRONG><a name="[117]"></a>__use_two_region_memory</STRONG> (Thumb, 2 bytes, Stack size 0 bytes, heapauxi.o(.text), UNUSED)

<P><STRONG><a name="[118]"></a>__rt_heap_escrow$2region</STRONG> (Thumb, 2 bytes, Stack size 0 bytes, heapauxi.o(.text), UNUSED)

<P><STRONG><a name="[119]"></a>__rt_heap_expand$2region</STRONG> (Thumb, 2 bytes, Stack size 0 bytes, heapauxi.o(.text), UNUSED)

<P><STRONG><a name="[ce]"></a>__rt_ctype_table</STRONG> (ARM, 24 bytes, Stack size 8 bytes, rt_ctype_table.o(.text))
<BR><BR>[Stack]<UL><LI>Max Depth = 8<LI>Call Chain = __rt_ctype_table
</UL>
<BR>[Calls]<UL><LI><a href="#[22]">&gt;&gt;</a>&nbsp;&nbsp;&nbsp;__rt_locale
</UL>
<BR>[Called By]<UL><LI><a href="#[6a]">&gt;&gt;</a>&nbsp;&nbsp;&nbsp;strtol (via Veneer)
</UL>

<P><STRONG><a name="[d0]"></a>__aeabi_errno_addr</STRONG> (ARM, 12 bytes, Stack size 0 bytes, rt_errno_addr_intlibspace.o(.text))
<BR><BR>[Called By]<UL><LI><a href="#[6a]">&gt;&gt;</a>&nbsp;&nbsp;&nbsp;strtol (via Veneer)
<LI><a href="#[cf]">&gt;&gt;</a>&nbsp;&nbsp;&nbsp;_strtoul (via Veneer)
</UL>

<P><STRONG><a name="[11a]"></a>__errno$intlibspace</STRONG> (ARM, 0 bytes, Stack size 0 bytes, rt_errno_addr_intlibspace.o(.text), UNUSED)

<P><STRONG><a name="[11b]"></a>__rt_errno_addr$intlibspace</STRONG> (ARM, 0 bytes, Stack size 0 bytes, rt_errno_addr_intlibspace.o(.text), UNUSED)

<P><STRONG><a name="[c9]"></a>_printf_int_common</STRONG> (Thumb, 186 bytes, Stack size 40 bytes, _printf_intcommon.o(.text))
<BR><BR>[Stack]<UL><LI>Max Depth = 56<LI>Call Chain = _printf_int_common &rArr; _printf_post_padding
</UL>
<BR>[Calls]<UL><LI><a href="#[c4]">&gt;&gt;</a>&nbsp;&nbsp;&nbsp;_printf_post_padding
<LI><a href="#[c2]">&gt;&gt;</a>&nbsp;&nbsp;&nbsp;_printf_pre_padding
<LI><a href="#[c3]">&gt;&gt;</a>&nbsp;&nbsp;&nbsp;__ARM_common_call_via_r2
</UL>
<BR>[Called By]<UL><LI><a href="#[1c]">&gt;&gt;</a>&nbsp;&nbsp;&nbsp;_printf_int_hex
<LI><a href="#[1a]">&gt;&gt;</a>&nbsp;&nbsp;&nbsp;_printf_int_dec
</UL>

<P><STRONG><a name="[c1]"></a>_printf_char_common</STRONG> (Thumb, 34 bytes, Stack size 64 bytes, _printf_char_common.o(.text))
<BR><BR>[Stack]<UL><LI>Max Depth = 96 + Unknown Stack Size
<LI>Call Chain = _printf_char_common &rArr; __printf
</UL>
<BR>[Calls]<UL><LI><a href="#[ca]">&gt;&gt;</a>&nbsp;&nbsp;&nbsp;__printf
</UL>
<BR>[Called By]<UL><LI><a href="#[64]">&gt;&gt;</a>&nbsp;&nbsp;&nbsp;__2sprintf
<LI><a href="#[c0]">&gt;&gt;</a>&nbsp;&nbsp;&nbsp;_printf_char_file
</UL>

<P><STRONG><a name="[11]"></a>_sputc</STRONG> (Thumb, 10 bytes, Stack size 0 bytes, _sputc.o(.text))
<BR><BR>[Called By]<UL><LI><a href="#[64]">&gt;&gt;</a>&nbsp;&nbsp;&nbsp;__2sprintf
</UL>
<BR>[Address Reference Count : 1]<UL><LI> noretval__2sprintf.o(.text)
</UL>
<P><STRONG><a name="[d5]"></a>_printf_cs_common</STRONG> (Thumb, 26 bytes, Stack size 8 bytes, _printf_char.o(.text))
<BR><BR>[Stack]<UL><LI>Max Depth = 40<LI>Call Chain = _printf_cs_common &rArr; _printf_str &rArr; _printf_post_padding
</UL>
<BR>[Calls]<UL><LI><a href="#[c5]">&gt;&gt;</a>&nbsp;&nbsp;&nbsp;_printf_str
<LI><a href="#[d6]">&gt;&gt;</a>&nbsp;&nbsp;&nbsp;_printf_mbtowc (Weak Reference)
</UL>
<BR>[Called By]<UL><LI><a href="#[20]">&gt;&gt;</a>&nbsp;&nbsp;&nbsp;_printf_string
<LI><a href="#[1e]">&gt;&gt;</a>&nbsp;&nbsp;&nbsp;_printf_char
</UL>

<P><STRONG><a name="[1e]"></a>_printf_char</STRONG> (Thumb, 16 bytes, Stack size 0 bytes, _printf_char.o(.text))
<BR><BR>[Stack]<UL><LI>Max Depth = 40<LI>Call Chain = _printf_char &rArr; _printf_cs_common &rArr; _printf_str &rArr; _printf_post_padding
</UL>
<BR>[Calls]<UL><LI><a href="#[d5]">&gt;&gt;</a>&nbsp;&nbsp;&nbsp;_printf_cs_common
</UL>
<BR>[Called By]<UL><LI><a href="#[1d]">&gt;&gt;</a>&nbsp;&nbsp;&nbsp;_printf_c (via Veneer)
</UL>

<P><STRONG><a name="[20]"></a>_printf_string</STRONG> (Thumb, 8 bytes, Stack size 0 bytes, _printf_char.o(.text))
<BR><BR>[Stack]<UL><LI>Max Depth = 40<LI>Call Chain = _printf_string &rArr; _printf_cs_common &rArr; _printf_str &rArr; _printf_post_padding
</UL>
<BR>[Calls]<UL><LI><a href="#[d5]">&gt;&gt;</a>&nbsp;&nbsp;&nbsp;_printf_cs_common
</UL>
<BR>[Called By]<UL><LI><a href="#[1f]">&gt;&gt;</a>&nbsp;&nbsp;&nbsp;_printf_s (via Veneer)
</UL>

<P><STRONG><a name="[c0]"></a>_printf_char_file</STRONG> (Thumb, 38 bytes, Stack size 16 bytes, _printf_char_file.o(.text))
<BR><BR>[Stack]<UL><LI>Max Depth = 112 + Unknown Stack Size
<LI>Call Chain = _printf_char_file &rArr; _printf_char_common &rArr; __printf
</UL>
<BR>[Calls]<UL><LI><a href="#[d7]">&gt;&gt;</a>&nbsp;&nbsp;&nbsp;ferror (via Veneer)
<LI><a href="#[c1]">&gt;&gt;</a>&nbsp;&nbsp;&nbsp;_printf_char_common
</UL>
<BR>[Called By]<UL><LI><a href="#[34]">&gt;&gt;</a>&nbsp;&nbsp;&nbsp;__2printf
</UL>

<P><STRONG><a name="[cf]"></a>_strtoul</STRONG> (Thumb, 172 bytes, Stack size 40 bytes, _strtoul.o(.text))
<BR><BR>[Stack]<UL><LI>Max Depth = 40<LI>Call Chain = _strtoul
</UL>
<BR>[Calls]<UL><LI><a href="#[d8]">&gt;&gt;</a>&nbsp;&nbsp;&nbsp;_chval
<LI><a href="#[d0]">&gt;&gt;</a>&nbsp;&nbsp;&nbsp;__aeabi_errno_addr (via Veneer)
</UL>
<BR>[Called By]<UL><LI><a href="#[6a]">&gt;&gt;</a>&nbsp;&nbsp;&nbsp;strtol
</UL>

<P><STRONG><a name="[d2]"></a>__aeabi_memcpy4</STRONG> (ARM, 0 bytes, Stack size 8 bytes, rt_memcpy_w.o(.text), UNUSED)
<BR><BR>[Called By]<UL><LI><a href="#[d1]">&gt;&gt;</a>&nbsp;&nbsp;&nbsp;__rt_memcpy
</UL>

<P><STRONG><a name="[11c]"></a>__aeabi_memcpy8</STRONG> (ARM, 0 bytes, Stack size 8 bytes, rt_memcpy_w.o(.text), UNUSED)

<P><STRONG><a name="[11d]"></a>__rt_memcpy_w</STRONG> (ARM, 100 bytes, Stack size 8 bytes, rt_memcpy_w.o(.text), UNUSED)

<P><STRONG><a name="[11e]"></a>_memcpy_lastbytes_aligned</STRONG> (ARM, 0 bytes, Stack size unknown bytes, rt_memcpy_w.o(.text), UNUSED)

<P><STRONG><a name="[d4]"></a>__aeabi_memclr</STRONG> (ARM, 0 bytes, Stack size 0 bytes, rt_memclr.o(.text))
<BR><BR>[Called By]<UL><LI><a href="#[72]">&gt;&gt;</a>&nbsp;&nbsp;&nbsp;strncpy
</UL>

<P><STRONG><a name="[d9]"></a>__rt_memclr</STRONG> (ARM, 64 bytes, Stack size 0 bytes, rt_memclr.o(.text), UNUSED)
<BR><BR>[Calls]<UL><LI><a href="#[da]">&gt;&gt;</a>&nbsp;&nbsp;&nbsp;_memset_w
</UL>

<P><STRONG><a name="[d3]"></a>_memset</STRONG> (ARM, 0 bytes, Stack size unknown bytes, rt_memclr.o(.text), UNUSED)
<BR><BR>[Called By]<UL><LI><a href="#[a9]">&gt;&gt;</a>&nbsp;&nbsp;&nbsp;__aeabi_memset
</UL>

<P><STRONG><a name="[c8]"></a>__rt_udiv10</STRONG> (ARM, 44 bytes, Stack size 0 bytes, rtudiv10.o(.text))
<BR><BR>[Called By]<UL><LI><a href="#[1a]">&gt;&gt;</a>&nbsp;&nbsp;&nbsp;_printf_int_dec (via Veneer)
</UL>

<P><STRONG><a name="[11f]"></a>__user_libspace</STRONG> (ARM, 12 bytes, Stack size 0 bytes, libspace.o(.text), UNUSED)

<P><STRONG><a name="[db]"></a>__user_perproc_libspace</STRONG> (ARM, 0 bytes, Stack size 0 bytes, libspace.o(.text))
<BR><BR>[Called By]<UL><LI><a href="#[25]">&gt;&gt;</a>&nbsp;&nbsp;&nbsp;__user_setup_stackheap
</UL>

<P><STRONG><a name="[120]"></a>__user_perthread_libspace</STRONG> (ARM, 0 bytes, Stack size 0 bytes, libspace.o(.text), UNUSED)

<P><STRONG><a name="[22]"></a>__rt_locale</STRONG> (ARM, 12 bytes, Stack size 0 bytes, rt_locale_intlibspace.o(.text))
<BR><BR>[Called By]<UL><LI><a href="#[ce]">&gt;&gt;</a>&nbsp;&nbsp;&nbsp;__rt_ctype_table
<LI><a href="#[21]">&gt;&gt;</a>&nbsp;&nbsp;&nbsp;__rt_lib_init_lc_common (via Veneer)
</UL>

<P><STRONG><a name="[d8]"></a>_chval</STRONG> (Thumb, 30 bytes, Stack size 0 bytes, _chval.o(.text))
<BR><BR>[Called By]<UL><LI><a href="#[cf]">&gt;&gt;</a>&nbsp;&nbsp;&nbsp;_strtoul
</UL>

<P><STRONG><a name="[121]"></a>__aeabi_memclr4</STRONG> (ARM, 0 bytes, Stack size 4 bytes, rt_memclr_w.o(.text), UNUSED)

<P><STRONG><a name="[122]"></a>__aeabi_memclr8</STRONG> (ARM, 0 bytes, Stack size 4 bytes, rt_memclr_w.o(.text), UNUSED)

<P><STRONG><a name="[123]"></a>__rt_memclr_w</STRONG> (ARM, 84 bytes, Stack size 4 bytes, rt_memclr_w.o(.text), UNUSED)

<P><STRONG><a name="[da]"></a>_memset_w</STRONG> (ARM, 0 bytes, Stack size unknown bytes, rt_memclr_w.o(.text), UNUSED)
<BR><BR>[Called By]<UL><LI><a href="#[d9]">&gt;&gt;</a>&nbsp;&nbsp;&nbsp;__rt_memclr
</UL>

<P><STRONG><a name="[25]"></a>__user_setup_stackheap</STRONG> (ARM, 96 bytes, Stack size 8 bytes, sys_stackheap_outer.o(.text))
<BR><BR>[Stack]<UL><LI>Max Depth = 8 + Unknown Stack Size
<LI>Call Chain = __user_setup_stackheap
</UL>
<BR>[Calls]<UL><LI><a href="#[dc]">&gt;&gt;</a>&nbsp;&nbsp;&nbsp;__user_initial_stackheap
<LI><a href="#[db]">&gt;&gt;</a>&nbsp;&nbsp;&nbsp;__user_perproc_libspace
</UL>
<BR>[Called By]<UL><LI><a href="#[24]">&gt;&gt;</a>&nbsp;&nbsp;&nbsp;__rt_entry_sh
</UL>

<P><STRONG><a name="[29]"></a>exit</STRONG> (Thumb, 12 bytes, Stack size 0 bytes, exit.o(.text))
<BR><BR>[Calls]<UL><LI><a href="#[de]">&gt;&gt;</a>&nbsp;&nbsp;&nbsp;__rt_exit (via Veneer)
<LI><a href="#[dd]">&gt;&gt;</a>&nbsp;&nbsp;&nbsp;_call_atexit_fns (Weak Reference)
</UL>
<BR>[Called By]<UL><LI><a href="#[28]">&gt;&gt;</a>&nbsp;&nbsp;&nbsp;__rt_entry_main
</UL>

<P><STRONG><a name="[e3]"></a>strcmp</STRONG> (ARM, 156 bytes, Stack size 4 bytes, strcmp.o(.text))
<BR><BR>[Stack]<UL><LI>Max Depth = 4<LI>Call Chain = strcmp
</UL>
<BR>[Called By]<UL><LI><a href="#[12]">&gt;&gt;</a>&nbsp;&nbsp;&nbsp;_get_lc_ctype
</UL>

<P><STRONG><a name="[124]"></a>__aeabi_uidiv</STRONG> (ARM, 0 bytes, Stack size 0 bytes, aeabi_sdiv.o(.text_udiv), UNUSED)

<P><STRONG><a name="[bc]"></a>__aeabi_uidivmod</STRONG> (ARM, 36 bytes, Stack size 0 bytes, aeabi_sdiv.o(.text_udiv))
<BR><BR>[Calls]<UL><LI><a href="#[e2]">&gt;&gt;</a>&nbsp;&nbsp;&nbsp;__arm_div_large
<LI><a href="#[df]">&gt;&gt;</a>&nbsp;&nbsp;&nbsp;__arm_div2
<LI><a href="#[e0]">&gt;&gt;</a>&nbsp;&nbsp;&nbsp;__arm_div5
<LI><a href="#[e1]">&gt;&gt;</a>&nbsp;&nbsp;&nbsp;__arm_div8
</UL>
<BR>[Called By]<UL><LI><a href="#[58]">&gt;&gt;</a>&nbsp;&nbsp;&nbsp;initUart1
<LI><a href="#[57]">&gt;&gt;</a>&nbsp;&nbsp;&nbsp;initUart0
</UL>

<P><STRONG><a name="[cb]"></a>__ARM_common_call_via_r1</STRONG> (Thumb, 2 bytes, Stack size 0 bytes, __printf.o(i.__ARM_common_call_via_r1))
<BR><BR>[Called By]<UL><LI><a href="#[ca]">&gt;&gt;</a>&nbsp;&nbsp;&nbsp;__printf
</UL>

<P><STRONG><a name="[c3]"></a>__ARM_common_call_via_r2</STRONG> (Thumb, 2 bytes, Stack size 0 bytes, __printf.o(i.__ARM_common_call_via_r2))
<BR><BR>[Called By]<UL><LI><a href="#[ca]">&gt;&gt;</a>&nbsp;&nbsp;&nbsp;__printf
<LI><a href="#[c5]">&gt;&gt;</a>&nbsp;&nbsp;&nbsp;_printf_str
<LI><a href="#[c4]">&gt;&gt;</a>&nbsp;&nbsp;&nbsp;_printf_post_padding
<LI><a href="#[c2]">&gt;&gt;</a>&nbsp;&nbsp;&nbsp;_printf_pre_padding
<LI><a href="#[c9]">&gt;&gt;</a>&nbsp;&nbsp;&nbsp;_printf_int_common
</UL>

<P><STRONG><a name="[cc]"></a>_is_digit</STRONG> (Thumb, 14 bytes, Stack size 0 bytes, __printf_wp.o(i._is_digit))
<BR><BR>[Called By]<UL><LI><a href="#[ca]">&gt;&gt;</a>&nbsp;&nbsp;&nbsp;__printf
</UL>

<P><STRONG><a name="[12]"></a>_get_lc_ctype</STRONG> (ARM, 80 bytes, Stack size 8 bytes, lc_ctype_c.o(locale$$code))
<BR><BR>[Stack]<UL><LI>Max Depth = 12<LI>Call Chain = _get_lc_ctype &rArr; strcmp
</UL>
<BR>[Calls]<UL><LI><a href="#[e3]">&gt;&gt;</a>&nbsp;&nbsp;&nbsp;strcmp
</UL>
<BR>[Called By]<UL><LI><a href="#[23]">&gt;&gt;</a>&nbsp;&nbsp;&nbsp;__rt_lib_init_lc_ctype_2 (via Veneer)
</UL>
<BR>[Address Reference Count : 1]<UL><LI> rt_ctype_table.o(.text)
</UL><P>
<H3>
Local Symbols
</H3>
<P><STRONG><a name="[8f]"></a>m25lc512SendByte</STRONG> (ARM, 56 bytes, Stack size 8 bytes, m25lc512.o(.text), UNUSED)
<BR><BR>[Calls]<UL><LI><a href="#[90]">&gt;&gt;</a>&nbsp;&nbsp;&nbsp;spiPut
</UL>
<BR>[Called By]<UL><LI><a href="#[a5]">&gt;&gt;</a>&nbsp;&nbsp;&nbsp;m25lc512Write
<LI><a href="#[95]">&gt;&gt;</a>&nbsp;&nbsp;&nbsp;m25lc512SendByteEx
</UL>

<P><STRONG><a name="[92]"></a>m25lc512CheckWriteInProgress</STRONG> (ARM, 56 bytes, Stack size 8 bytes, m25lc512.o(.text), UNUSED)
<BR><BR>[Calls]<UL><LI><a href="#[93]">&gt;&gt;</a>&nbsp;&nbsp;&nbsp;delay_ns
<LI><a href="#[91]">&gt;&gt;</a>&nbsp;&nbsp;&nbsp;m25lc512StatusRead
</UL>
<BR>[Called By]<UL><LI><a href="#[94]">&gt;&gt;</a>&nbsp;&nbsp;&nbsp;m25lc512WaitNotWriting
</UL>

<P><STRONG><a name="[94]"></a>m25lc512WaitNotWriting</STRONG> (ARM, 88 bytes, Stack size 8 bytes, m25lc512.o(.text), UNUSED)
<BR><BR>[Calls]<UL><LI><a href="#[93]">&gt;&gt;</a>&nbsp;&nbsp;&nbsp;delay_ns
<LI><a href="#[92]">&gt;&gt;</a>&nbsp;&nbsp;&nbsp;m25lc512CheckWriteInProgress
</UL>
<BR>[Called By]<UL><LI><a href="#[a5]">&gt;&gt;</a>&nbsp;&nbsp;&nbsp;m25lc512Write
<LI><a href="#[a2]">&gt;&gt;</a>&nbsp;&nbsp;&nbsp;m25lc512Read
<LI><a href="#[9c]">&gt;&gt;</a>&nbsp;&nbsp;&nbsp;m25lc512StatusWrite
<LI><a href="#[99]">&gt;&gt;</a>&nbsp;&nbsp;&nbsp;m25lc512ReadID
<LI><a href="#[95]">&gt;&gt;</a>&nbsp;&nbsp;&nbsp;m25lc512SendByteEx
</UL>

<P><STRONG><a name="[95]"></a>m25lc512SendByteEx</STRONG> (ARM, 48 bytes, Stack size 16 bytes, m25lc512.o(.text), UNUSED)
<BR><BR>[Calls]<UL><LI><a href="#[94]">&gt;&gt;</a>&nbsp;&nbsp;&nbsp;m25lc512WaitNotWriting
<LI><a href="#[8f]">&gt;&gt;</a>&nbsp;&nbsp;&nbsp;m25lc512SendByte
</UL>
<BR>[Called By]<UL><LI><a href="#[a1]">&gt;&gt;</a>&nbsp;&nbsp;&nbsp;m25lc512EraseChip
<LI><a href="#[9e]">&gt;&gt;</a>&nbsp;&nbsp;&nbsp;m25lc512WriteDisable
<LI><a href="#[9d]">&gt;&gt;</a>&nbsp;&nbsp;&nbsp;m25lc512WriteEnable
<LI><a href="#[9a]">&gt;&gt;</a>&nbsp;&nbsp;&nbsp;m25lc512DeepPowerDown
</UL>

<P><STRONG><a name="[96]"></a>m25lc512CheckWriteEnabled</STRONG> (ARM, 48 bytes, Stack size 8 bytes, m25lc512.o(.text), UNUSED)
<BR><BR>[Calls]<UL><LI><a href="#[91]">&gt;&gt;</a>&nbsp;&nbsp;&nbsp;m25lc512StatusRead
</UL>
<BR>[Called By]<UL><LI><a href="#[a8]">&gt;&gt;</a>&nbsp;&nbsp;&nbsp;m25lc512FillAddress
</UL>

<P><STRONG><a name="[ae]"></a>iap</STRONG> (ARM, 80 bytes, Stack size 24 bytes, iap.o(.text))
<BR><BR>[Stack]<UL><LI>Max Depth = 24<LI>Call Chain = iap
</UL>
<BR>[Called By]<UL><LI><a href="#[b5]">&gt;&gt;</a>&nbsp;&nbsp;&nbsp;Erase_Sectors
<LI><a href="#[b3]">&gt;&gt;</a>&nbsp;&nbsp;&nbsp;Blank_Check_Sector
<LI><a href="#[b2]">&gt;&gt;</a>&nbsp;&nbsp;&nbsp;Prepare_Sectors
<LI><a href="#[b1]">&gt;&gt;</a>&nbsp;&nbsp;&nbsp;Copy_RAM_To_Flash
<LI><a href="#[b0]">&gt;&gt;</a>&nbsp;&nbsp;&nbsp;Compare
<LI><a href="#[ad]">&gt;&gt;</a>&nbsp;&nbsp;&nbsp;Read_Boot_Code_Version
</UL>

<P><STRONG><a name="[b7]"></a>pll_feed</STRONG> (ARM, 24 bytes, Stack size 0 bytes, iap.o(.text), UNUSED)
<BR><BR>[Called By]<UL><LI><a href="#[b8]">&gt;&gt;</a>&nbsp;&nbsp;&nbsp;pll_on
<LI><a href="#[b6]">&gt;&gt;</a>&nbsp;&nbsp;&nbsp;pll_off
</UL>

<P><STRONG><a name="[4]"></a>Undef_Handler</STRONG> (ARM, 4 bytes, Stack size unknown bytes, startup.o(RESET))
<BR><BR>[Calls]<UL><LI><a href="#[4]">&gt;&gt;</a>&nbsp;&nbsp;&nbsp;Undef_Handler
</UL>
<BR>[Called By]<UL><LI><a href="#[4]">&gt;&gt;</a>&nbsp;&nbsp;&nbsp;Undef_Handler
</UL>
<BR>[Address Reference Count : 1]<UL><LI> startup.o(RESET)
</UL>
<P><STRONG><a name="[5]"></a>SWI_Handler</STRONG> (ARM, 4 bytes, Stack size unknown bytes, startup.o(RESET))
<BR><BR>[Calls]<UL><LI><a href="#[5]">&gt;&gt;</a>&nbsp;&nbsp;&nbsp;SWI_Handler
</UL>
<BR>[Called By]<UL><LI><a href="#[5]">&gt;&gt;</a>&nbsp;&nbsp;&nbsp;SWI_Handler
</UL>
<BR>[Address Reference Count : 1]<UL><LI> startup.o(RESET)
</UL>
<P><STRONG><a name="[6]"></a>PAbt_Handler</STRONG> (ARM, 4 bytes, Stack size unknown bytes, startup.o(RESET))
<BR><BR>[Calls]<UL><LI><a href="#[6]">&gt;&gt;</a>&nbsp;&nbsp;&nbsp;PAbt_Handler
</UL>
<BR>[Called By]<UL><LI><a href="#[6]">&gt;&gt;</a>&nbsp;&nbsp;&nbsp;PAbt_Handler
</UL>
<BR>[Address Reference Count : 1]<UL><LI> startup.o(RESET)
</UL>
<P><STRONG><a name="[7]"></a>DAbt_Handler</STRONG> (ARM, 4 bytes, Stack size unknown bytes, startup.o(RESET))
<BR><BR>[Calls]<UL><LI><a href="#[7]">&gt;&gt;</a>&nbsp;&nbsp;&nbsp;DAbt_Handler
</UL>
<BR>[Called By]<UL><LI><a href="#[7]">&gt;&gt;</a>&nbsp;&nbsp;&nbsp;DAbt_Handler
</UL>
<BR>[Address Reference Count : 1]<UL><LI> startup.o(RESET)
</UL>
<P><STRONG><a name="[8]"></a>IRQ_Handler</STRONG> (ARM, 4 bytes, Stack size unknown bytes, startup.o(RESET))
<BR><BR>[Calls]<UL><LI><a href="#[8]">&gt;&gt;</a>&nbsp;&nbsp;&nbsp;IRQ_Handler
</UL>
<BR>[Called By]<UL><LI><a href="#[8]">&gt;&gt;</a>&nbsp;&nbsp;&nbsp;IRQ_Handler
</UL>
<BR>[Address Reference Count : 1]<UL><LI> startup.o(RESET)
</UL>
<P><STRONG><a name="[9]"></a>FIQ_Handler</STRONG> (ARM, 4 bytes, Stack size unknown bytes, startup.o(RESET))
<BR><BR>[Calls]<UL><LI><a href="#[9]">&gt;&gt;</a>&nbsp;&nbsp;&nbsp;FIQ_Handler
</UL>
<BR>[Called By]<UL><LI><a href="#[9]">&gt;&gt;</a>&nbsp;&nbsp;&nbsp;FIQ_Handler
</UL>
<BR>[Address Reference Count : 1]<UL><LI> startup.o(RESET)
</UL>
<P><STRONG><a name="[e1]"></a>__arm_div8</STRONG> (ARM, 0 bytes, Stack size unknown bytes, aeabi_sdiv.o(.text))
<BR><BR>[Called By]<UL><LI><a href="#[bc]">&gt;&gt;</a>&nbsp;&nbsp;&nbsp;__aeabi_uidivmod
</UL>

<P><STRONG><a name="[e0]"></a>__arm_div5</STRONG> (ARM, 0 bytes, Stack size unknown bytes, aeabi_sdiv.o(.text))
<BR><BR>[Called By]<UL><LI><a href="#[bc]">&gt;&gt;</a>&nbsp;&nbsp;&nbsp;__aeabi_uidivmod
</UL>

<P><STRONG><a name="[df]"></a>__arm_div2</STRONG> (ARM, 0 bytes, Stack size unknown bytes, aeabi_sdiv.o(.text))
<BR><BR>[Called By]<UL><LI><a href="#[bc]">&gt;&gt;</a>&nbsp;&nbsp;&nbsp;__aeabi_uidivmod
</UL>

<P><STRONG><a name="[e2]"></a>__arm_div_large</STRONG> (ARM, 0 bytes, Stack size unknown bytes, aeabi_sdiv.o(.text))
<BR><BR>[Called By]<UL><LI><a href="#[bc]">&gt;&gt;</a>&nbsp;&nbsp;&nbsp;__aeabi_uidivmod
</UL>

<P><STRONG><a name="[13]"></a>_printf_input_char</STRONG> (Thumb, 10 bytes, Stack size 0 bytes, _printf_char_common.o(.text))
<BR>[Address Reference Count : 1]<UL><LI> _printf_char_common.o(.text)
</UL><P>
<H3>
Undefined Global Symbols
</H3>
<P><STRONG><a name="[dd]"></a>_call_atexit_fns</STRONG> (ARM, 0 bytes, Stack size 0 bytes, UNDEFINED)
<BR><BR>[Called By]<UL><LI><a href="#[29]">&gt;&gt;</a>&nbsp;&nbsp;&nbsp;exit
</UL>

<P><STRONG><a name="[d6]"></a>_printf_mbtowc</STRONG> (ARM, 0 bytes, Stack size 0 bytes, UNDEFINED)
<BR><BR>[Called By]<UL><LI><a href="#[d5]">&gt;&gt;</a>&nbsp;&nbsp;&nbsp;_printf_cs_common
</UL>

<P><STRONG><a name="[c6]"></a>_printf_truncate_signed</STRONG> (ARM, 0 bytes, Stack size 0 bytes, UNDEFINED)
<BR><BR>[Called By]<UL><LI><a href="#[1a]">&gt;&gt;</a>&nbsp;&nbsp;&nbsp;_printf_int_dec
</UL>

<P><STRONG><a name="[c7]"></a>_printf_truncate_unsigned</STRONG> (ARM, 0 bytes, Stack size 0 bytes, UNDEFINED)
<BR><BR>[Called By]<UL><LI><a href="#[1c]">&gt;&gt;</a>&nbsp;&nbsp;&nbsp;_printf_int_hex
<LI><a href="#[1a]">&gt;&gt;</a>&nbsp;&nbsp;&nbsp;_printf_int_dec
</UL>
<HR></body></html>
