ARM Linker, 5.03 [Build 76] [MDK-ARM Standard]

==============================================================================

Section Cross References

    gprs_com.o(.text) refers to _printf_percent.o(.ARM.Collect$$_printf_percent$$00000000) for _printf_percent
    gprs_com.o(.text) refers to _printf_s.o(.ARM.Collect$$_printf_percent$$00000014) for _printf_s
    gprs_com.o(.text) refers to _printf_str.o(.text) for _printf_str
    gprs_com.o(.text) refers to _printf_u.o(.ARM.Collect$$_printf_percent$$0000000A) for _printf_u
    gprs_com.o(.text) refers to _printf_dec.o(.text) for _printf_int_dec
    gprs_com.o(.text) refers to _printf_pad.o(.text) for _printf_pre_padding
    gprs_com.o(.text) refers to _printf_x.o(.ARM.Collect$$_printf_percent$$0000000C) for _printf_x
    gprs_com.o(.text) refers to _printf_hex_int.o(.text) for _printf_longlong_hex
    gprs_com.o(.text) refers to strstr.o(.text) for strstr
    gprs_com.o(.text) refers to delay.o(.text) for delay_n50ms
    gprs_com.o(.text) refers to noretval__2printf.o(.text) for __2printf
    gprs_com.o(.text) refers to gpio.o(.text) for GPIO_WriteBit
    gprs_com.o(.text) refers to variable.o(.bss) for uart1_rx
    gprs_com.o(.text) refers to variable.o(.data) for system_flag
    gprs_com.o(.text) refers to strcpy.o(.text) for strcpy
    gprs_com.o(.text) refers to strlen.o(.text) for strlen
    gprs_com.o(.text) refers to uart1.o(.text) for UART1_send_HEX
    gprs_com.o(.text) refers to stringconvert.o(.text) for convert_1byte_string2hex
    gprs_com.o(.text) refers to strcat.o(.text) for strcat
    gprs_com.o(.text) refers to strncat.o(.text) for strncat
    gprs_com.o(.text) refers to read_para.o(.text) for caculate_checksum
    gprs_com.o(.text) refers to noretval__2sprintf.o(.text) for __2sprintf
    lpc213x_isr.o(.text) refers to gpio.o(.text) for GPIO_Toggled
    lpc213x_isr.o(.text) refers to variable.o(.bss) for program_counter
    lpc213x_isr.o(.text) refers to variable.o(.data) for system_flag
    lpc213x_isr.o(.text) refers to lpc213x_isr.o(.data) for start_OK
    main.o(.text) refers to _printf_pad.o(.text) for _printf_pre_padding
    main.o(.text) refers to _printf_percent.o(.ARM.Collect$$_printf_percent$$00000000) for _printf_percent
    main.o(.text) refers to _printf_u.o(.ARM.Collect$$_printf_percent$$0000000A) for _printf_u
    main.o(.text) refers to _printf_dec.o(.text) for _printf_int_dec
    main.o(.text) refers to gpio.o(.text) for GPIO_Output
    main.o(.text) refers to init_system.o(.text) for init_PLL
    main.o(.text) refers to timer.o(.text) for initTimer0
    main.o(.text) refers to uart0.o(.text) for initUart0
    main.o(.text) refers to uart1.o(.text) for initUart1
    main.o(.text) refers to noretval__2printf.o(.text) for __2printf
    main.o(.text) refers to gprs_com.o(.text) for ON_OFF_mudule_GPRS
    main.o(.text) refers to read_para.o(.text) for read_para
    main.o(.text) refers to wdt.o(.text) for clear_watchdog
    main.o(.text) refers to rtc.o(.text) for RTC_init
    main.o(.text) refers to noretval__2sprintf.o(.text) for __2sprintf
    main.o(.text) refers to save_flash.o(.text) for save_time_offline
    main.o(.text) refers to delay.o(.text) for delay_nsecond
    main.o(.text) refers to variable.o(.data) for rtc_flag
    main.o(.text) refers to variable.o(.bss) for uart1_rx
    main.o(.text) refers to lpc213x_isr.o(.text) for DefaultVICHandler
    read_para.o(.text) refers to _printf_percent.o(.ARM.Collect$$_printf_percent$$00000000) for _printf_percent
    read_para.o(.text) refers to _printf_c.o(.ARM.Collect$$_printf_percent$$00000013) for _printf_c
    read_para.o(.text) refers to _printf_str.o(.text) for _printf_str
    read_para.o(.text) refers to _printf_s.o(.ARM.Collect$$_printf_percent$$00000014) for _printf_s
    read_para.o(.text) refers to _printf_u.o(.ARM.Collect$$_printf_percent$$0000000A) for _printf_u
    read_para.o(.text) refers to _printf_dec.o(.text) for _printf_int_dec
    read_para.o(.text) refers to _printf_pad.o(.text) for _printf_pre_padding
    read_para.o(.text) refers to _printf_x.o(.ARM.Collect$$_printf_percent$$0000000C) for _printf_x
    read_para.o(.text) refers to _printf_hex_int.o(.text) for _printf_longlong_hex
    read_para.o(.text) refers to noretval__2sprintf.o(.text) for __2sprintf
    read_para.o(.text) refers to uart0.o(.text) for UART0_Send
    read_para.o(.text) refers to timer.o(.text) for delay_ms
    read_para.o(.text) refers to stringconvert.o(.text) for check_buffer
    read_para.o(.text) refers to variable.o(.bss) for buffer_PLC
    read_para.o(.text) refers to variable.o(.data) for check_frame
    read_para.o(.text) refers to strlen.o(.text) for strlen
    read_para.o(.text) refers to strcat.o(.text) for strcat
    read_para.o(.text) refers to strtol.o(.text) for strtol
    read_para.o(.text) refers to rt_memcpy.o(.text) for __aeabi_memcpy
    read_para.o(.text) refers to save_flash.o(.text) for read_freeze_frame
[...]
    libinit2.o(.ARM.Collect$$libinit$$00000012) refers to libinit2.o(.ARM.Collect$$libinit$$0000000D) for .ARM.Collect$$libinit$$0000000D
    libinit2.o(.ARM.Collect$$libinit$$00000014) refers to libinit2.o(.ARM.Collect$$libinit$$0000000D) for .ARM.Collect$$libinit$$0000000D
    libinit2.o(.ARM.Collect$$libinit$$00000016) refers to libinit2.o(.ARM.Collect$$libinit$$0000000D) for .ARM.Collect$$libinit$$0000000D
    libinit2.o(.ARM.Collect$$libinit$$00000024) refers to argv_veneer.o(.emb_text) for __ARM_argv_veneer
    libinit2.o(.ARM.Collect$$libinit$$00000025) refers to argv_veneer.o(.emb_text) for __ARM_argv_veneer
    rtexit.o(.ARM.Collect$$rtexit$$00000000) refers (Special) to rtexit2.o(.ARM.Collect$$rtexit$$00000004) for __rt_exit_exit
    rtexit.o(.ARM.Collect$$rtexit$$00000000) refers (Special) to rtexit2.o(.ARM.Collect$$rtexit$$00000003) for __rt_exit_ls
    rtexit.o(.ARM.Collect$$rtexit$$00000000) refers (Special) to rtexit2.o(.ARM.Collect$$rtexit$$00000002) for __rt_exit_prels_1
    rtexit.o(.ARM.exidx) refers (Special) to rtexit2.o(.ARM.Collect$$rtexit$$00000004) for __rt_exit_exit
    rtexit.o(.ARM.exidx) refers (Special) to rtexit2.o(.ARM.Collect$$rtexit$$00000003) for __rt_exit_ls
    rtexit.o(.ARM.exidx) refers (Special) to rtexit2.o(.ARM.Collect$$rtexit$$00000002) for __rt_exit_prels_1
    rtexit.o(.ARM.exidx) refers to rtexit.o(.ARM.Collect$$rtexit$$00000000) for .ARM.Collect$$rtexit$$00000000
    rt_raise.o(.text) refers to __raise.o(.text) for __raise
    rt_raise.o(.text) refers to retarget.o(.text) for _sys_exit
    defsig_exit.o(.text) refers to retarget.o(.text) for _sys_exit
    defsig_fpe_inner.o(.text) refers to defsig_general.o(.text) for __default_signal_display
    argv_veneer.o(.emb_text) refers to no_argv.o(.text) for __ARM_get_argv
    rtexit2.o(.ARM.Collect$$rtexit$$00000003) refers to libshutdown.o(.ARM.Collect$$libshutdown$$00000000) for __rt_lib_shutdown
    rtexit2.o(.ARM.Collect$$rtexit$$00000004) refers to retarget.o(.text) for _sys_exit
    rtexit2.o(.ARM.exidx) refers to rtexit2.o(.ARM.Collect$$rtexit$$00000001) for .ARM.Collect$$rtexit$$00000001
    rtexit2.o(.ARM.exidx) refers to rtexit2.o(.ARM.Collect$$rtexit$$00000003) for .ARM.Collect$$rtexit$$00000003
    rtexit2.o(.ARM.exidx) refers to rtexit2.o(.ARM.Collect$$rtexit$$00000004) for .ARM.Collect$$rtexit$$00000004
    __raise.o(.text) refers to __printf.o(i.__ARM_common_call_via_r2) for __ARM_common_call_via_r2
    __raise.o(.text) refers to defsig.o(CL$$defsig) for __default_signal_handler
    defsig_general.o(.text) refers to retarget.o(.text) for _ttywrch
    _get_argv_nomalloc.o(.text) refers (Special) to hrguard.o(.text) for __heap_region$guard
    _get_argv_nomalloc.o(.text) refers to defsig_rtmem_outer.o(.text) for __rt_SIGRTMEM
    _get_argv_nomalloc.o(.text) refers to sys_command.o(.text) for _sys_command_string
    sys_command.o(.text) refers (Special) to use_no_semi.o(.text) for __I$use$semihosting
    sys_command.o(.text) refers (Special) to indicate_semi.o(.text) for __semihosting_library_function
    defsig_rtmem_outer.o(.text) refers to defsig_rtmem_inner.o(.text) for __rt_SIGRTMEM_inner
    defsig_rtmem_outer.o(.text) refers to defsig_exit.o(.text) for __sig_exit
    defsig_rtmem_formal.o(.text) refers to rt_raise.o(.text) for __rt_raise
    defsig.o(CL$$defsig) refers to defsig_fpe_inner.o(.text) for __rt_SIGFPE_inner
    defsig.o(CL$$defsig) refers to defsig_rtmem_inner.o(.text) for __rt_SIGRTMEM_inner
    libshutdown.o(.ARM.Collect$$libshutdown$$00000000) refers (Special) to libshutdown2.o(.ARM.Collect$$libshutdown$$00000006) for __rt_lib_shutdown_fp_trap_1
    libshutdown.o(.ARM.Collect$$libshutdown$$00000000) refers (Special) to libshutdown2.o(.ARM.Collect$$libshutdown$$0000000E) for __rt_lib_shutdown_heap_1
    libshutdown.o(.ARM.Collect$$libshutdown$$00000000) refers (Special) to libshutdown2.o(.ARM.Collect$$libshutdown$$0000000F) for __rt_lib_shutdown_return
    libshutdown.o(.ARM.Collect$$libshutdown$$00000000) refers (Special) to libshutdown2.o(.ARM.Collect$$libshutdown$$00000009) for __rt_lib_shutdown_signal_1
    libshutdown.o(.ARM.Collect$$libshutdown$$00000000) refers (Special) to libshutdown2.o(.ARM.Collect$$libshutdown$$00000003) for __rt_lib_shutdown_stdio_1
    libshutdown.o(.ARM.Collect$$libshutdown$$00000000) refers (Special) to libshutdown2.o(.ARM.Collect$$libshutdown$$0000000B) for __rt_lib_shutdown_user_alloc_1
    defsig_abrt_inner.o(.text) refers to defsig_general.o(.text) for __default_signal_display
    defsig_rtred_inner.o(.text) refers to defsig_general.o(.text) for __default_signal_display
    defsig_rtmem_inner.o(.text) refers to defsig_general.o(.text) for __default_signal_display
    defsig_stak_inner.o(.text) refers to defsig_general.o(.text) for __default_signal_display
    defsig_pvfn_inner.o(.text) refers to defsig_general.o(.text) for __default_signal_display
    defsig_cppl_inner.o(.text) refers to defsig_general.o(.text) for __default_signal_display
    defsig_segv_inner.o(.text) refers to defsig_general.o(.text) for __default_signal_display
    defsig_other.o(.text) refers to defsig_general.o(.text) for __default_signal_display


==============================================================================

Removing Unused input sections from the image.

    Removing save_flash.o(.data), (16 bytes).

1 unused section(s) (total 16 bytes) removed from the image.

==============================================================================

Adding Veneers to the image

    Adding TA veneer (4 bytes, Inline) for call to '_printf_percent' from __printf_flags_wp.o(.text).
    Adding AT veneer (8 bytes, Inline) for call to '__rt_lib_init' from rtentry2.o(.ARM.Collect$$rtentry$$0000000A).
    Adding AT veneer (8 bytes, Inline) for call to '__rt_lib_shutdown' from rtexit2.o(.ARM.Collect$$rtexit$$00000003).
    Adding TA veneer (4 bytes, Inline) for call to '__rt_exit' from exit.o(.text).
    Adding AT veneer (8 bytes, Inline) for call to '__2printf' from gprs_com.o(.text).
    Adding AT veneer (8 bytes, Inline) for call to '__2sprintf' from gprs_com.o(.text).
    Adding AT veneer (8 bytes, Inline) for call to '_printf_int_dec' from _printf_u.o(.ARM.Collect$$_printf_percent$$0000000A).
    Adding AT veneer (8 bytes, Inline) for call to '_printf_int_hex' from _printf_x.o(.ARM.Collect$$_printf_percent$$0000000C).
    Adding AT veneer (8 bytes, Inline) for call to 'strtol' from read_para.o(.text).
    Adding AT veneer (8 bytes, Inline) for call to 'strncat' from gprs_com.o(.text).
    Adding AT veneer (8 bytes, Inline) for call to 'strstr' from gprs_com.o(.text).
    Adding AT veneer (8 bytes, Inline) for call to 'strcpy' from gprs_com.o(.text).
    Adding AT veneer (8 bytes, Inline) for call to 'strlen' from gprs_com.o(.text).
    Adding AT veneer (8 bytes, Inline) for call to 'strncmp' from read_para.o(.text).
    Adding AT veneer (8 bytes, Inline) for call to 'strcat' from gprs_com.o(.text).
    Adding TA veneer (4 bytes, Inline) for call to '__rt_ctype_table' from strtol.o(.text).
    Adding TA veneer (4 bytes, Inline) for call to '__aeabi_errno_addr' from strtol.o(.text).
    Adding AT veneer (8 bytes, Inline) for call to '_printf_char' from _printf_c.o(.ARM.Collect$$_printf_percent$$00000013).
    Adding TA veneer (4 bytes, Inline) for call to '__rt_udiv10' from _printf_dec.o(.text).
    Adding TA veneer (4 bytes, Inline) for call to '__rt_locale' from libinit2.o(.ARM.Collect$$libinit$$0000000D).
    Adding AT veneer (12 bytes, Long) for call to '_printf_string' from _printf_s.o(.ARM.Collect$$_printf_percent$$00000014).
    Adding TA veneer (8 bytes, Short) for call to 'ferror' from _printf_char_file.o(.text).
    Adding TA veneer (4 bytes, Inline) for call to '_get_lc_ctype' from libinit2.o(.ARM.Collect$$libinit$$00000010).

23 Veneer(s) (total 160 bytes) added to the image.

==============================================================================

Image Symbol Table

    Local Symbols

    Symbol Name                              Value     Ov Type        Size  Object(Section)

    RESET                                    0x00000000   Section      272  startup.o(RESET)
    ../clib/angel/boardlib.s                 0x00000000   Number         0  boardinit2.o ABSOLUTE
    ../clib/angel/boardlib.s                 0x00000000   Number         0  boardshut.o ABSOLUTE
    ../clib/angel/boardlib.s                 0x00000000   Number         0  boardinit3.o ABSOLUTE
    ../clib/angel/boardlib.s                 0x00000000   Number         0  boardinit1.o ABSOLUTE
    ../clib/angel/dczerorl2.s                0x00000000   Number         0  __dczerorl2.o ABSOLUTE
    ../clib/angel/handlers.s                 0x00000000   Number         0  __scatter_zi.o ABSOLUTE
    ../clib/angel/kernel.s                   0x00000000   Number         0  rtexit2.o ABSOLUTE
    ../clib/angel/kernel.s                   0x00000000   Number         0  rtentry4.o ABSOLUTE
    ../clib/angel/kernel.s                   0x00000000   Number         0  rtentry2.o ABSOLUTE
    ../clib/angel/kernel.s                   0x00000000   Number         0  rtentry.o ABSOLUTE
    ../clib/angel/kernel.s                   0x00000000   Number         0  rtexit.o ABSOLUTE
    ../clib/angel/rt.s                       0x00000000   Number         0  rt_errno_addr.o ABSOLUTE
    ../clib/angel/rt.s                       0x00000000   Number         0  aeabi_idiv0_sigfpe.o ABSOLUTE
    ../clib/angel/rt.s                       0x00000000   Number         0  rt_raise.o ABSOLUTE
    ../clib/angel/rt.s                       0x00000000   Number         0  aeabi_idiv0.o ABSOLUTE
    ../clib/angel/rt.s                       0x00000000   Number         0  rt_ctype_table.o ABSOLUTE
    ../clib/angel/rt.s                       0x00000000   Number         0  rt_errno_addr_intlibspace.o ABSOLUTE
    ../clib/angel/rt.s                       0x00000000   Number         0  rt_locale.o ABSOLUTE
    ../clib/angel/rt.s                       0x00000000   Number         0  rt_locale_intlibspace.o ABSOLUTE
    ../clib/angel/rt.s                       0x00000000   Number         0  rt_div0.o ABSOLUTE
    ../clib/angel/scatter.s                  0x00000000   Number         0  __scatter.o ABSOLUTE
    ../clib/angel/startup.s                  0x00000000   Number         0  __main.o ABSOLUTE
    ../clib/angel/sys.s                      0x00000000   Number         0  sys_stackheap_outer.o ABSOLUTE
    ../clib/angel/sys.s                      0x00000000   Number         0  libspace.o ABSOLUTE
    ../clib/angel/sys.s                      0x00000000   Number         0  indicate_semi.o ABSOLUTE
    ../clib/angel/sys.s                      0x00000000   Number         0  use_no_semi.o ABSOLUTE
    ../clib/angel/sysapp.c                   0x00000000   Number         0  sys_command.o ABSOLUTE
    ../clib/armsys.c                         0x00000000   Number         0  argv_veneer.o ABSOLUTE
    ../clib/armsys.c                         0x00000000   Number         0  argv_veneer.o ABSOLUTE
    ../clib/armsys.c                         0x00000000   Number         0  _get_argv_nomalloc.o ABSOLUTE
    ../clib/armsys.c                         0x00000000   Number         0  no_argv.o ABSOLUTE
    ../clib/division.s                       0x00000000   Number         0  rtudiv10.o ABSOLUTE
    ../clib/division.s                       0x00000000   Number         0  aeabi_sdiv.o ABSOLUTE
    ../clib/division.s                       0x00000000   Number         0  aeabi_sdiv_div0.o ABSOLUTE
    ../clib/divrt.s                          0x00000000   Number         0  divrt_7tdmi_div0.o ABSOLUTE
    ../clib/divrt.s                          0x00000000   Number         0  divrt_7tdmi.o ABSOLUTE
    ../clib/heapalloc.c                      0x00000000   Number         0  hrguard.o ABSOLUTE
    ../clib/heapaux.c                        0x00000000   Number         0  heapauxi.o ABSOLUTE
    ../clib/libinit.s                        0x00000000   Number         0  libinit.o ABSOLUTE
    ../clib/libinit.s                        0x00000000   Number         0  libshutdown2.o ABSOLUTE
    ../clib/libinit.s                        0x00000000   Number         0  libshutdown.o ABSOLUTE
    ../clib/libinit.s                        0x00000000   Number         0  libinit2.o ABSOLUTE
    ../clib/locale.s                         0x00000000   Number         0  lc_ctype_c.o ABSOLUTE
    ../clib/memcpset.s                       0x00000000   Number         0  rt_memcpy_w.o ABSOLUTE
    ../clib/memcpset.s                       0x00000000   Number         0  rt_memclr.o ABSOLUTE
    ../clib/memcpset.s                       0x00000000   Number         0  rt_memcpy.o ABSOLUTE
    ../clib/memcpset.s                       0x00000000   Number         0  strcmp.o ABSOLUTE
    ../clib/memcpset.s                       0x00000000   Number         0  rt_memclr_w.o ABSOLUTE
    ../clib/memcpset.s                       0x00000000   Number         0  strncpy.o ABSOLUTE
    ../clib/misc.s                           0x00000000   Number         0  printf_stubs.o ABSOLUTE
    ../clib/printf.c                         0x00000000   Number         0  _printf_hex_int_ll_ptr.o ABSOLUTE
    ../clib/printf.c                         0x00000000   Number         0  __printf.o ABSOLUTE
    ../clib/printf.c                         0x00000000   Number         0  _printf_hex_ll_ptr.o ABSOLUTE
    ../clib/printf.c                         0x00000000   Number         0  _printf_hex_int_ll.o ABSOLUTE
    ../clib/printf.c                         0x00000000   Number         0  _printf_hex_ptr.o ABSOLUTE
    ../clib/printf.c                         0x00000000   Number         0  __printf_wp.o ABSOLUTE
    ../clib/printf.c                         0x00000000   Number         0  __printf_flags_ss_wp.o ABSOLUTE
    ../clib/printf.c                         0x00000000   Number         0  __printf_ss_wp.o ABSOLUTE
    ../clib/printf.c                         0x00000000   Number         0  _printf_char.o ABSOLUTE
    ../clib/printf.c                         0x00000000   Number         0  __printf_flags.o ABSOLUTE
    ../clib/printf.c                         0x00000000   Number         0  _printf_char_file.o ABSOLUTE
    ../clib/printf.c                         0x00000000   Number         0  __printf_flags_wp.o ABSOLUTE
    ../clib/printf.c                         0x00000000   Number         0  __printf_ss.o ABSOLUTE
    ../clib/printf.c                         0x00000000   Number         0  __2printf.o ABSOLUTE
    ../clib/printf.c                         0x00000000   Number         0  noretval__2printf.o ABSOLUTE
    ../clib/printf.c                         0x00000000   Number         0  noretval__2sprintf.o ABSOLUTE
    ../clib/printf.c                         0x00000000   Number         0  __printf_flags_ss.o ABSOLUTE
    ../clib/printf.c                         0x00000000   Number         0  _printf_pad.o ABSOLUTE
    ../clib/printf.c                         0x00000000   Number         0  _sputc.o ABSOLUTE
    ../clib/printf.c                         0x00000000   Number         0  _printf_str.o ABSOLUTE
    ../clib/printf.c                         0x00000000   Number         0  __2sprintf.o ABSOLUTE
    ../clib/printf.c                         0x00000000   Number         0  _printf_dec.o ABSOLUTE
    ../clib/printf.c                         0x00000000   Number         0  _printf_hex_ll.o ABSOLUTE
    ../clib/printf.c                         0x00000000   Number         0  _printf_hex_int.o ABSOLUTE
    ../clib/printf.c                         0x00000000   Number         0  _printf_hex_int_ptr.o ABSOLUTE
    ../clib/printf.c                         0x00000000   Number         0  __printf_nopercent.o ABSOLUTE
    ../clib/printf.c                         0x00000000   Number         0  _printf_char_common.o ABSOLUTE
    ../clib/printf.c                         0x00000000   Number         0  _printf_intcommon.o ABSOLUTE
    ../clib/printf_percent.s                 0x00000000   Number         0  _printf_percent.o ABSOLUTE
    ../clib/printf_percent.s                 0x00000000   Number         0  _printf_u.o ABSOLUTE
    ../clib/printf_percent.s                 0x00000000   Number         0  _printf_c.o ABSOLUTE
    ../clib/printf_percent.s                 0x00000000   Number         0  _printf_s.o ABSOLUTE
    ../clib/printf_percent.s                 0x00000000   Number         0  _printf_x.o ABSOLUTE
    ../clib/printf_percent.s                 0x00000000   Number         0  _printf_percent_end.o ABSOLUTE
    ../clib/scanf.c                          0x00000000   Number         0  strtol.o ABSOLUTE
    ../clib/scanf.c                          0x00000000   Number         0  _strtoul.o ABSOLUTE
    ../clib/scanf.c                          0x00000000   Number         0  _chval.o ABSOLUTE
    ../clib/signal.c                         0x00000000   Number         0  defsig_fpe_inner.o ABSOLUTE
    ../clib/signal.c                         0x00000000   Number         0  defsig_exit.o ABSOLUTE
    ../clib/signal.c                         0x00000000   Number         0  defsig_rtmem_outer.o ABSOLUTE
    ../clib/signal.c                         0x00000000   Number         0  defsig_fpe_formal.o ABSOLUTE
    ../clib/signal.c                         0x00000000   Number         0  defsig_fpe_outer.o ABSOLUTE
    ../clib/signal.c                         0x00000000   Number         0  defsig_segv_inner.o ABSOLUTE
    ../clib/signal.c                         0x00000000   Number         0  __raise.o ABSOLUTE
    ../clib/signal.c                         0x00000000   Number         0  defsig_general.o ABSOLUTE
    ../clib/signal.c                         0x00000000   Number         0  defsig_rtmem_formal.o ABSOLUTE
    ../clib/signal.c                         0x00000000   Number         0  defsig_abrt_inner.o ABSOLUTE
    ../clib/signal.c                         0x00000000   Number         0  defsig_rtred_inner.o ABSOLUTE
    ../clib/signal.c                         0x00000000   Number         0  defsig_rtmem_inner.o ABSOLUTE
    ../clib/signal.c                         0x00000000   Number         0  defsig_stak_inner.o ABSOLUTE
    ../clib/signal.c                         0x00000000   Number         0  defsig_pvfn_inner.o ABSOLUTE
    ../clib/signal.c                         0x00000000   Number         0  defsig_cppl_inner.o ABSOLUTE
    ../clib/signal.c                         0x00000000   Number         0  defsig_other.o ABSOLUTE
    ../clib/signal.s                         0x00000000   Number         0  defsig.o ABSOLUTE
    ../clib/stdlib.c                         0x00000000   Number         0  exit.o ABSOLUTE
    ../clib/string.c                         0x00000000   Number         0  strncat.o ABSOLUTE
    ../clib/string.c                         0x00000000   Number         0  strstr.o ABSOLUTE
    ../clib/string.c                         0x00000000   Number         0  strcpy.o ABSOLUTE
    ../clib/string.c                         0x00000000   Number         0  strlen.o ABSOLUTE
    ../clib/string.c                         0x00000000   Number         0  strncmp.o ABSOLUTE
    ../clib/string.c                         0x00000000   Number         0  strcat.o ABSOLUTE
    ../fplib/fpinit.s                        0x00000000   Number         0  fpinit.o ABSOLUTE
    Startup.s                                0x00000000   Number         0  startup.o ABSOLUTE
    dc.s                                     0x00000000   Number         0  dc.o ABSOLUTE
    source\LPC213x_isr.c                     0x00000000   Number         0  lpc213x_isr.o ABSOLUTE
    source\delay.c                           0x00000000   Number         0  delay.o ABSOLUTE
    source\gpio.c                            0x00000000   Number         0  gpio.o ABSOLUTE
    source\gprs_com.c                        0x00000000   Number         0  gprs_com.o ABSOLUTE
    source\iap.c                             0x00000000   Number         0  iap.o ABSOLUTE
    source\init_system.c                     0x00000000   Number         0  init_system.o ABSOLUTE
    source\main.c                            0x00000000   Number         0  main.o ABSOLUTE
    source\read_para.c                       0x00000000   Number         0  read_para.o ABSOLUTE
    source\retarget.c                        0x00000000   Number         0  retarget.o ABSOLUTE
    source\rtc.c                             0x00000000   Number         0  rtc.o ABSOLUTE
    source\save_flash.c                      0x00000000   Number         0  save_flash.o ABSOLUTE
    source\stringconvert.c                   0x00000000   Number         0  stringconvert.o ABSOLUTE
    source\timer.c                           0x00000000   Number         0  timer.o ABSOLUTE
    source\uart0.c                           0x00000000   Number         0  uart0.o ABSOLUTE
    source\uart1.c                           0x00000000   Number         0  uart1.o ABSOLUTE
    source\variable.c                        0x00000000   Number         0  variable.o ABSOLUTE
    source\wdt.c                             0x00000000   Number         0  wdt.o ABSOLUTE
    Undef_Handler                            0x00000040   ARM Code       4  startup.o(RESET)
    SWI_Handler                              0x00000044   ARM Code       4  startup.o(RESET)
    PAbt_Handler                             0x00000048   ARM Code       4  startup.o(RESET)
    DAbt_Handler                             0x0000004c   ARM Code       4  startup.o(RESET)
    IRQ_Handler                              0x00000050   ARM Code       4  startup.o(RESET)
    FIQ_Handler                              0x00000054   ARM Code       4  startup.o(RESET)
    !!!main                                  0x00000110   Section        8  __main.o(!!!main)
    !!!scatter                               0x00000118   Section       60  __scatter.o(!!!scatter)
    !!dczerorl2                              0x00000154   Section       92  __dczerorl2.o(!!dczerorl2)
    _decompress_loop                         0x0000015f   Thumb Code     0  __dczerorl2.o(!!dczerorl2)
    _decompress_zerolen                      0x0000016d   Thumb Code     0  __dczerorl2.o(!!dczerorl2)
    _decompress_litn                         0x00000175   Thumb Code     0  __dczerorl2.o(!!dczerorl2)
    _decompress_lit                          0x00000179   Thumb Code     0  __dczerorl2.o(!!dczerorl2)
    _decompress_copyorzero                   0x00000185   Thumb Code     0  __dczerorl2.o(!!dczerorl2)
    _decompress_zero                         0x0000018d   Thumb Code     0  __dczerorl2.o(!!dczerorl2)
    _decompress_copyn                        0x00000197   Thumb Code     0  __dczerorl2.o(!!dczerorl2)
    _decompress_copy                         0x0000019f   Thumb Code     0  __dczerorl2.o(!!dczerorl2)
    _decompress_end                          0x000001ab   Thumb Code     0  __dczerorl2.o(!!dczerorl2)
    !!handler_zi                             0x000001b0   Section       44  __scatter_zi.o(!!handler_zi)
    .ARM.Collect$$_printf_percent$$00000000  0x00008004   Section        0  _printf_percent.o(.ARM.Collect$$_printf_percent$$00000000)
    .ARM.Collect$$_printf_percent$$0000000A  0x00008004   Section        8  _printf_u.o(.ARM.Collect$$_printf_percent$$0000000A)
    .ARM.Collect$$_printf_percent$$0000000C  0x0000800c   Section        8  _printf_x.o(.ARM.Collect$$_printf_percent$$0000000C)
    .ARM.Collect$$_printf_percent$$00000013  0x00008014   Section        8  _printf_c.o(.ARM.Collect$$_printf_percent$$00000013)
    .ARM.Collect$$_printf_percent$$00000014  0x0000801c   Section        8  _printf_s.o(.ARM.Collect$$_printf_percent$$00000014)
    .ARM.Collect$$_printf_percent$$00000017  0x00008024   Section        8  _printf_percent_end.o(.ARM.Collect$$_printf_percent$$00000017)
    .ARM.Collect$$libinit$$00000000          0x00008034   Section        2  libinit.o(.ARM.Collect$$libinit$$00000000)
    .ARM.Collect$$libinit$$00000002          0x00008036   Section        0  libinit2.o(.ARM.Collect$$libinit$$00000002)
    .ARM.Collect$$libinit$$00000008          0x00008036   Section        0  libinit2.o(.ARM.Collect$$libinit$$00000008)
    .ARM.Collect$$libinit$$0000000A          0x00008036   Section        0  libinit2.o(.ARM.Collect$$libinit$$0000000A)
    .ARM.Collect$$libinit$$0000000C          0x00008036   Section        0  libinit2.o(.ARM.Collect$$libinit$$0000000C)
    .ARM.Collect$$libinit$$0000000D          0x00008036   Section        6  libinit2.o(.ARM.Collect$$libinit$$0000000D)
    .ARM.Collect$$libinit$$0000000F          0x0000803c   Section        0  libinit2.o(.ARM.Collect$$libinit$$0000000F)
    .ARM.Collect$$libinit$$00000010          0x0000803c   Section       12  libinit2.o(.ARM.Collect$$libinit$$00000010)
    .ARM.Collect$$libinit$$00000011          0x00008048   Section        0  libinit2.o(.ARM.Collect$$libinit$$00000011)
    .ARM.Collect$$libinit$$00000013          0x00008048   Section        0  libinit2.o(.ARM.Collect$$libinit$$00000013)
    .ARM.Collect$$libinit$$00000015          0x00008048   Section        0  libinit2.o(.ARM.Collect$$libinit$$00000015)
    .ARM.Collect$$libinit$$00000017          0x00008048   Section        0  libinit2.o(.ARM.Collect$$libinit$$00000017)
    .ARM.Collect$$libinit$$00000019          0x00008048   Section        0  libinit2.o(.ARM.Collect$$libinit$$00000019)
    .ARM.Collect$$libinit$$0000001B          0x00008048   Section        0  libinit2.o(.ARM.Collect$$libinit$$0000001B)
    .ARM.Collect$$libinit$$0000001D          0x00008048   Section        0  libinit2.o(.ARM.Collect$$libinit$$0000001D)
    .ARM.Collect$$libinit$$0000001F          0x00008048   Section        0  libinit2.o(.ARM.Collect$$libinit$$0000001F)
    .ARM.Collect$$libinit$$00000021          0x00008048   Section        0  libinit2.o(.ARM.Collect$$libinit$$00000021)
    .ARM.Collect$$libinit$$00000023          0x00008048   Section        0  libinit2.o(.ARM.Collect$$libinit$$00000023)
    .ARM.Collect$$libinit$$0000002A          0x00008048   Section        0  libinit2.o(.ARM.Collect$$libinit$$0000002A)
    .ARM.Collect$$libinit$$0000002C          0x00008048   Section        0  libinit2.o(.ARM.Collect$$libinit$$0000002C)
    .ARM.Collect$$libinit$$0000002E          0x00008048   Section        0  libinit2.o(.ARM.Collect$$libinit$$0000002E)
    .ARM.Collect$$libinit$$00000030          0x00008048   Section        0  libinit2.o(.ARM.Collect$$libinit$$00000030)
    .ARM.Collect$$libinit$$00000031          0x00008048   Section       12  libinit2.o(.ARM.Collect$$libinit$$00000031)
    .ARM.Collect$$libshutdown$$00000000      0x0000805c   Section        4  libshutdown.o(.ARM.Collect$$libshutdown$$00000000)
    .ARM.Collect$$libshutdown$$00000003      0x00008060   Section        0  libshutdown2.o(.ARM.Collect$$libshutdown$$00000003)
    .ARM.Collect$$libshutdown$$00000006      0x00008060   Section        0  libshutdown2.o(.ARM.Collect$$libshutdown$$00000006)
    .ARM.Collect$$libshutdown$$00000009      0x00008060   Section        0  libshutdown2.o(.ARM.Collect$$libshutdown$$00000009)
    .ARM.Collect$$libshutdown$$0000000B      0x00008060   Section        0  libshutdown2.o(.ARM.Collect$$libshutdown$$0000000B)
    .ARM.Collect$$libshutdown$$0000000E      0x00008060   Section        0  libshutdown2.o(.ARM.Collect$$libshutdown$$0000000E)
    .ARM.Collect$$libshutdown$$0000000F      0x00008060   Section        6  libshutdown2.o(.ARM.Collect$$libshutdown$$0000000F)
    .ARM.Collect$$rtentry$$00000000          0x00008068   Section        0  rtentry.o(.ARM.Collect$$rtentry$$00000000)
    .ARM.Collect$$rtentry$$00000002          0x00008068   Section        0  rtentry2.o(.ARM.Collect$$rtentry$$00000002)
    .ARM.Collect$$rtentry$$00000004          0x00008068   Section        8  rtentry4.o(.ARM.Collect$$rtentry$$00000004)
    .ARM.Collect$$rtentry$$00000009          0x00008070   Section        0  rtentry2.o(.ARM.Collect$$rtentry$$00000009)
    .ARM.Collect$$rtentry$$0000000A          0x00008070   Section        4  rtentry2.o(.ARM.Collect$$rtentry$$0000000A)
    .ARM.Collect$$rtentry$$0000000C          0x00008074   Section        0  rtentry2.o(.ARM.Collect$$rtentry$$0000000C)
    .ARM.Collect$$rtentry$$0000000D          0x00008074   Section       40  rtentry2.o(.ARM.Collect$$rtentry$$0000000D)
    .ARM.Collect$$rtexit$$00000000           0x000080a0   Section        4  rtexit.o(.ARM.Collect$$rtexit$$00000000)
    .ARM.Collect$$rtexit$$00000002           0x000080a4   Section        0  rtexit2.o(.ARM.Collect$$rtexit$$00000002)
    .ARM.Collect$$rtexit$$00000003           0x000080a4   Section        4  rtexit2.o(.ARM.Collect$$rtexit$$00000003)
    .ARM.Collect$$rtexit$$00000004           0x000080a8   Section        8  rtexit2.o(.ARM.Collect$$rtexit$$00000004)
    .text                                    0x000080b0   Section        0  gprs_com.o(.text)
    .text                                    0x000096d8   Section        0  lpc213x_isr.o(.text)
    .text                                    0x00009b40   Section        0  main.o(.text)
    .text                                    0x00009f08   Section        0  read_para.o(.text)
    .text                                    0x0000bb74   Section        0  save_flash.o(.text)
    .text                                    0x0000c7a0   Section        0  stringconvert.o(.text)
    .text                                    0x0000ca78   Section        0  delay.o(.text)
    .text                                    0x0000cafc   Section        0  gpio.o(.text)
    .text                                    0x0000ccb0   Section        0  iap.o(.text)
    iap                                      0x0000ccb0   ARM Code      80  iap.o(.text)
    pll_feed                                 0x0000d208   ARM Code      24  iap.o(.text)
    .text                                    0x0000d28c   Section        0  init_system.o(.text)
    .text                                    0x0000d2f0   Section        0  retarget.o(.text)
    .text                                    0x0000d38c   Section        0  rtc.o(.text)
    .text                                    0x0000d5f8   Section        0  timer.o(.text)
    .text                                    0x0000d6f4   Section        0  uart0.o(.text)
    .text                                    0x0000d810   Section        0  uart1.o(.text)
    .text                                    0x0000d96c   Section        0  wdt.o(.text)
    .text                                    0x0000d9bc   Section       32  startup.o(.text)
    .text                                    0x0000d9dc   Section        4  use_no_semi.o(.text)
    .text                                    0x0000d9e8   Section        0  noretval__2printf.o(.text)
    .text                                    0x0000da0c   Section        0  noretval__2sprintf.o(.text)
    .text                                    0x0000da34   Section        0  _printf_pad.o(.text)
    .text                                    0x0000da8a   Section        0  _printf_str.o(.text)
    .text                                    0x0000daec   Section        0  _printf_dec.o(.text)
    .text                                    0x0000db64   Section        0  _printf_hex_int.o(.text)
    .text                                    0x0000dbc0   Section        0  __printf_flags_wp.o(.text)
    .text                                    0x0000dd10   Section        0  strtol.o(.text)
    .text                                    0x0000dd8c   Section        0  strncat.o(.text)
    .text                                    0x0000ddbc   Section        0  strstr.o(.text)
    .text                                    0x0000ddf0   Section        0  strcpy.o(.text)
    .text                                    0x0000de48   Section        0  strlen.o(.text)
    .text                                    0x0000de94   Section        0  strncmp.o(.text)
    .text                                    0x0000df34   Section        0  strcat.o(.text)
    .text                                    0x0000df4c   Section      212  rt_memcpy.o(.text)
    .text                                    0x0000e020   Section      112  strncpy.o(.text)
    .text                                    0x0000e090   Section      384  aeabi_sdiv.o(.text)
    __arm_div8                               0x0000e0bc   ARM Code       0  aeabi_sdiv.o(.text)
    __arm_div5                               0x0000e0e0   ARM Code       0  aeabi_sdiv.o(.text)
    __arm_div2                               0x0000e104   ARM Code       0  aeabi_sdiv.o(.text)
    __arm_div_large                          0x0000e140   ARM Code       0  aeabi_sdiv.o(.text)
    .text                                    0x0000e210   Section        0  heapauxi.o(.text)
    .text                                    0x0000e21c   Section       24  rt_ctype_table.o(.text)
    .text                                    0x0000e238   Section       12  rt_errno_addr_intlibspace.o(.text)
    .text                                    0x0000e244   Section        0  _printf_intcommon.o(.text)
    .text                                    0x0000e300   Section        0  _printf_char_common.o(.text)
    _printf_input_char                       0x0000e301   Thumb Code    10  _printf_char_common.o(.text)
    .text                                    0x0000e330   Section        0  _sputc.o(.text)
    .text                                    0x0000e344   Section        0  _printf_char.o(.text)
    .text                                    0x0000e378   Section        0  _printf_char_file.o(.text)
    .text                                    0x0000e3a4   Section        0  _strtoul.o(.text)
    .text                                    0x0000e450   Section      100  rt_memcpy_w.o(.text)
    .text                                    0x0000e4b4   Section       64  rt_memclr.o(.text)
    .text                                    0x0000e4f8   Section       44  rtudiv10.o(.text)
    .text                                    0x0000e524   Section       12  libspace.o(.text)
    .text                                    0x0000e534   Section       12  rt_locale_intlibspace.o(.text)
    .text                                    0x0000e540   Section        0  _chval.o(.text)
    .text                                    0x0000e560   Section       84  rt_memclr_w.o(.text)
    .text                                    0x0000e5b4   Section       96  sys_stackheap_outer.o(.text)
    .text                                    0x0000e614   Section        0  exit.o(.text)
    .text                                    0x0000e620   Section      160  strcmp.o(.text)
    .text_udiv                               0x0000e6c0   Section       36  aeabi_sdiv.o(.text_udiv)
    i.__ARM_common_call_via_r1               0x0000e6f8   Section        0  __printf.o(i.__ARM_common_call_via_r1)
    i.__ARM_common_call_via_r2               0x0000e6fa   Section        0  __printf.o(i.__ARM_common_call_via_r2)
    i._is_digit                              0x0000e6fc   Section        0  __printf_wp.o(i._is_digit)
    locale$$code                             0x0000e710   Section       80  lc_ctype_c.o(locale$$code)
    .constdata                               0x0000e760   Section       40  _printf_hex_int.o(.constdata)
    uc_hextab                                0x0000e760   Data          20  _printf_hex_int.o(.constdata)
    lc_hextab                                0x0000e774   Data          20  _printf_hex_int.o(.constdata)
    .constdata                               0x0000e788   Section       17  __printf_flags_wp.o(.constdata)
    maptable                                 0x0000e788   Data          17  __printf_flags_wp.o(.constdata)
    locale$$data                             0x0000e79c   Section      272  lc_ctype_c.o(locale$$data)
    __lcctype_c_name                         0x0000e7a0   Data           2  lc_ctype_c.o(locale$$data)
    __lcctype_c_start                        0x0000e7a8   Data           0  lc_ctype_c.o(locale$$data)
    __lcctype_c_end                          0x0000e8ac   Data           0  lc_ctype_c.o(locale$$data)
    .data                                    0x40000000   Section        8  lpc213x_isr.o(.data)
    start_OK                                 0x40000000   Data           1  lpc213x_isr.o(.data)
    index                                    0x40000004   Data           4  lpc213x_isr.o(.data)
    .data                                    0x40000008   Section     2193  variable.o(.data)
    .data                                    0x40000899   Section        1  gpio.o(.data)
    tog                                      0x40000899   Data           1  gpio.o(.data)
    .data                                    0x4000089c   Section       12  iap.o(.data)
    iap_result                               0x400008a0   Data           8  iap.o(.data)
    .data                                    0x400008a8   Section        4  retarget.o(.data)
    .bss                                     0x400008c0   Section     6144  variable.o(.bss)
    .bss                                     0x400020c0   Section       20  iap.o(.bss)
    iap_command                              0x400020c0   Data          20  iap.o(.bss)
    .bss                                     0x400020d4   Section       96  libspace.o(.bss)
    HEAP                                     0x40002138   Section        0  startup.o(HEAP)
    STACK                                    0x40002138   Section     1160  startup.o(STACK)
    Heap_Mem                                 0x40002138   Data           0  startup.o(HEAP)
    Stack_Mem                                0x40002138   Data        1024  startup.o(STACK)
    Stack_Top                                0x400025c0   Data           0  startup.o(STACK)

    Global Symbols

    Symbol Name                              Value     Ov Type        Size  Object(Section)

    BuildAttributes$$THM_ISAv1$ARM_ISAv4$S$PE$A:L22$X:L11$S22$IEEE1$IW$USESV6$~STKCKD$USESV7$~SHL$OSPACE$ROPI$EBA8$UX$STANDARDLIB$REQ8$PRES8$EABIv2 0x00000000   Number         0  anon$$obj.o ABSOLUTE
    __ARM_use_no_argv                        0x00000000   Number         0  main.o ABSOLUTE
    _printf_flags                            0x00000000   Number         0  printf_stubs.o ABSOLUTE
    _printf_return_value                     0x00000000   Number         0  printf_stubs.o ABSOLUTE
    _printf_sizespec                         0x00000000   Number         0  printf_stubs.o ABSOLUTE
    _printf_widthprec                        0x00000000   Number         0  printf_stubs.o ABSOLUTE
    __ARM_exceptions_init                     - Undefined Weak Reference
    __alloca_initialize                       - Undefined Weak Reference
    __cpp_initialize__aeabi_                  - Undefined Weak Reference
    __cxa_finalize                            - Undefined Weak Reference
    __sigvec_lookup                           - Undefined Weak Reference
    _atexit_init                              - Undefined Weak Reference
    _call_atexit_fns                          - Undefined Weak Reference
    _clock_init                               - Undefined Weak Reference
    _fp_trap_init                             - Undefined Weak Reference
    _fp_trap_shutdown                         - Undefined Weak Reference
    _get_lc_collate                           - Undefined Weak Reference
    _get_lc_monetary                          - Undefined Weak Reference
    _get_lc_numeric                           - Undefined Weak Reference
    _get_lc_time                              - Undefined Weak Reference
    _getenv_init                              - Undefined Weak Reference
    _handle_redirection                       - Undefined Weak Reference
    _init_alloc                               - Undefined Weak Reference
    _init_user_alloc                          - Undefined Weak Reference
    _initio                                   - Undefined Weak Reference
    _printf_mbtowc                            - Undefined Weak Reference
    _printf_truncate_signed                   - Undefined Weak Reference
    _printf_truncate_unsigned                 - Undefined Weak Reference
    _rand_init                                - Undefined Weak Reference
    _signal_finish                            - Undefined Weak Reference
    _signal_init                              - Undefined Weak Reference
    _terminate_alloc                          - Undefined Weak Reference
    _terminate_user_alloc                     - Undefined Weak Reference
    _terminateio                              - Undefined Weak Reference
    Reset_Handler                            0x00000058   ARM Code       0  startup.o(RESET)
    __main                                   0x00000110   ARM Code       8  __main.o(!!!main)
    __scatterload                            0x00000118   ARM Code       0  __scatter.o(!!!scatter)
    __scatterload_rt2                        0x00000118   ARM Code      52  __scatter.o(!!!scatter)
    __scatterload_null                       0x0000012c   ARM Code       0  __scatter.o(!!!scatter)
    __decompress                             0x00000154   ARM Code      92  __dczerorl2.o(!!dczerorl2)
    __decompress1                            0x00000154   ARM Code       0  __dczerorl2.o(!!dczerorl2)
    __scatterload_zeroinit                   0x000001b0   ARM Code      44  __scatter_zi.o(!!handler_zi)
    Region$$Table$$Base                      0x000001dc   Number         0  anon$$obj.o(Region$$Table)
    Region$$Table$$Limit                     0x000001fc   Number         0  anon$$obj.o(Region$$Table)
    Inline Thumb to ARM Veneer to _printf_percent 0x00008001   Thumb Code     4  _printf_percent.o(.ARM.Collect$$_printf_percent$$00000000)
    _printf_percent                          0x00008004   ARM Code       0  _printf_percent.o(.ARM.Collect$$_printf_percent$$00000000)
    _printf_u                                0x00008004   ARM Code       0  _printf_u.o(.ARM.Collect$$_printf_percent$$0000000A)
    _printf_x                                0x0000800c   ARM Code       0  _printf_x.o(.ARM.Collect$$_printf_percent$$0000000C)
    _printf_c                                0x00008014   ARM Code       0  _printf_c.o(.ARM.Collect$$_printf_percent$$00000013)
    _printf_s                                0x0000801c   ARM Code       0  _printf_s.o(.ARM.Collect$$_printf_percent$$00000014)
    _printf_percent_end                      0x00008024   ARM Code       0  _printf_percent_end.o(.ARM.Collect$$_printf_percent$$00000017)
    Inline ARM to Thumb Veneer to __rt_lib_init 0x0000802c   ARM Code       8  libinit.o(.ARM.Collect$$libinit$$00000000)
    __rt_lib_init                            0x00008035   Thumb Code     0  libinit.o(.ARM.Collect$$libinit$$00000000)
    __rt_lib_init_fp_1                       0x00008037   Thumb Code     0  libinit2.o(.ARM.Collect$$libinit$$00000002)
    __rt_lib_init_heap_1                     0x00008037   Thumb Code     0  libinit2.o(.ARM.Collect$$libinit$$00000008)
    __rt_lib_init_lc_common                  0x00008037   Thumb Code     0  libinit2.o(.ARM.Collect$$libinit$$0000000D)
    __rt_lib_init_rand_1                     0x00008037   Thumb Code     0  libinit2.o(.ARM.Collect$$libinit$$0000000C)
    __rt_lib_init_user_alloc_1               0x00008037   Thumb Code     0  libinit2.o(.ARM.Collect$$libinit$$0000000A)
    __rt_lib_init_lc_collate_1               0x0000803d   Thumb Code     0  libinit2.o(.ARM.Collect$$libinit$$0000000F)
    __rt_lib_init_lc_ctype_2                 0x0000803d   Thumb Code     0  libinit2.o(.ARM.Collect$$libinit$$00000010)
    __rt_lib_init_alloca_1                   0x00008049   Thumb Code     0  libinit2.o(.ARM.Collect$$libinit$$0000002C)
    __rt_lib_init_argv_1                     0x00008049   Thumb Code     0  libinit2.o(.ARM.Collect$$libinit$$0000002A)
    __rt_lib_init_atexit_1                   0x00008049   Thumb Code     0  libinit2.o(.ARM.Collect$$libinit$$00000019)
    __rt_lib_init_clock_1                    0x00008049   Thumb Code     0  libinit2.o(.ARM.Collect$$libinit$$0000001F)
    __rt_lib_init_cpp_1                      0x00008049   Thumb Code     0  libinit2.o(.ARM.Collect$$libinit$$00000030)
    __rt_lib_init_exceptions_1               0x00008049   Thumb Code     0  libinit2.o(.ARM.Collect$$libinit$$0000002E)
    __rt_lib_init_fp_trap_1                  0x00008049   Thumb Code     0  libinit2.o(.ARM.Collect$$libinit$$0000001D)
    __rt_lib_init_getenv_1                   0x00008049   Thumb Code     0  libinit2.o(.ARM.Collect$$libinit$$00000021)
    __rt_lib_init_lc_ctype_1                 0x00008049   Thumb Code     0  libinit2.o(.ARM.Collect$$libinit$$00000011)
    __rt_lib_init_lc_monetary_1              0x00008049   Thumb Code     0  libinit2.o(.ARM.Collect$$libinit$$00000013)
    __rt_lib_init_lc_numeric_1               0x00008049   Thumb Code     0  libinit2.o(.ARM.Collect$$libinit$$00000015)
    __rt_lib_init_lc_time_1                  0x00008049   Thumb Code     0  libinit2.o(.ARM.Collect$$libinit$$00000017)
    __rt_lib_init_return                     0x00008049   Thumb Code     0  libinit2.o(.ARM.Collect$$libinit$$00000031)
    __rt_lib_init_signal_1                   0x00008049   Thumb Code     0  libinit2.o(.ARM.Collect$$libinit$$0000001B)
    __rt_lib_init_stdio_1                    0x00008049   Thumb Code     0  libinit2.o(.ARM.Collect$$libinit$$00000023)
    Inline ARM to Thumb Veneer to __rt_lib_shutdown 0x00008054   ARM Code       8  libshutdown.o(.ARM.Collect$$libshutdown$$00000000)
    __rt_lib_shutdown                        0x0000805d   Thumb Code     0  libshutdown.o(.ARM.Collect$$libshutdown$$00000000)
    __rt_lib_shutdown_fp_trap_1              0x00008061   Thumb Code     0  libshutdown2.o(.ARM.Collect$$libshutdown$$00000006)
    __rt_lib_shutdown_heap_1                 0x00008061   Thumb Code     0  libshutdown2.o(.ARM.Collect$$libshutdown$$0000000E)
    __rt_lib_shutdown_return                 0x00008061   Thumb Code     0  libshutdown2.o(.ARM.Collect$$libshutdown$$0000000F)
    __rt_lib_shutdown_signal_1               0x00008061   Thumb Code     0  libshutdown2.o(.ARM.Collect$$libshutdown$$00000009)
    __rt_lib_shutdown_stdio_1                0x00008061   Thumb Code     0  libshutdown2.o(.ARM.Collect$$libshutdown$$00000003)
    __rt_lib_shutdown_user_alloc_1           0x00008061   Thumb Code     0  libshutdown2.o(.ARM.Collect$$libshutdown$$0000000B)
    __rt_entry                               0x00008068   ARM Code       0  rtentry.o(.ARM.Collect$$rtentry$$00000000)
    __rt_entry_presh_1                       0x00008068   ARM Code       0  rtentry2.o(.ARM.Collect$$rtentry$$00000002)
    __rt_entry_sh                            0x00008068   ARM Code       0  rtentry4.o(.ARM.Collect$$rtentry$$00000004)
    __rt_entry_li                            0x00008070   ARM Code       0  rtentry2.o(.ARM.Collect$$rtentry$$0000000A)
    __rt_entry_postsh_1                      0x00008070   ARM Code       0  rtentry2.o(.ARM.Collect$$rtentry$$00000009)
    __rt_entry_main                          0x00008074   ARM Code       0  rtentry2.o(.ARM.Collect$$rtentry$$0000000D)
    __rt_entry_postli_1                      0x00008074   ARM Code       0  rtentry2.o(.ARM.Collect$$rtentry$$0000000C)
    Inline Thumb to ARM Veneer to __rt_exit  0x0000809d   Thumb Code     4  rtexit.o(.ARM.Collect$$rtexit$$00000000)
    __rt_exit                                0x000080a0   ARM Code       0  rtexit.o(.ARM.Collect$$rtexit$$00000000)
    __rt_exit_ls                             0x000080a4   ARM Code       0  rtexit2.o(.ARM.Collect$$rtexit$$00000003)
    __rt_exit_prels_1                        0x000080a4   ARM Code       0  rtexit2.o(.ARM.Collect$$rtexit$$00000002)
    __rt_exit_exit                           0x000080a8   ARM Code       0  rtexit2.o(.ARM.Collect$$rtexit$$00000004)
    convert_array_hex2string                 0x000080b0   ARM Code     148  gprs_com.o(.text)
    check_responde_SIM800                    0x00008144   ARM Code     160  gprs_com.o(.text)
    clear_array                              0x000081e4   ARM Code      36  gprs_com.o(.text)
    prepare_command_gprs                     0x00008208   ARM Code      88  gprs_com.o(.text)
    get_RSSI_signal                          0x00008260   ARM Code     184  gprs_com.o(.text)
    ON_OFF_mudule_GPRS                       0x00008318   ARM Code     284  gprs_com.o(.text)
    quick_connect                            0x00008434   ARM Code     396  gprs_com.o(.text)
    prepare_config_mudule                    0x000085c0   ARM Code     920  gprs_com.o(.text)
    prepare_trans_data_test                  0x00008958   ARM Code     416  gprs_com.o(.text)
    prepare_trans_data                       0x00008af8   ARM Code     256  gprs_com.o(.text)
    trans_data_server                        0x00008bf8   ARM Code     544  gprs_com.o(.text)
    trans_data_server_test                   0x00008e18   ARM Code     684  gprs_com.o(.text)
    send_command_to_server                   0x000090c4   ARM Code     344  gprs_com.o(.text)
    process_data_rx_from_server              0x0000921c   ARM Code     624  gprs_com.o(.text)
    check_data_rx_server                     0x0000948c   ARM Code     220  gprs_com.o(.text)
    get_command_from_server                  0x00009568   ARM Code     100  gprs_com.o(.text)
    send_data_to_server                      0x000095cc   ARM Code     112  gprs_com.o(.text)
    restart_gprs                             0x0000963c   ARM Code     156  gprs_com.o(.text)
    myTimer0_ISR                             0x000096d8   ARM Code     264  lpc213x_isr.o(.text)
    myTimer1_ISR                             0x000097e0   ARM Code      32  lpc213x_isr.o(.text)
    myUart0_ISR                              0x00009800   ARM Code     304  lpc213x_isr.o(.text)
    myUart1_ISR                              0x00009930   ARM Code     440  lpc213x_isr.o(.text)
    DefaultVICHandler                        0x00009ae8   ARM Code      20  lpc213x_isr.o(.text)
    var_start                                0x00009b40   ARM Code      56  main.o(.text)
    gpio_config                              0x00009b78   ARM Code     156  main.o(.text)
    init_VIC                                 0x00009c14   ARM Code      36  main.o(.text)
    main                                     0x00009c38   ARM Code     692  main.o(.text)
    enable_ext_wdt                           0x00009eec   ARM Code      28  main.o(.text)
    clear_para                               0x00009f08   ARM Code      84  read_para.o(.text)
    sign_in                                  0x00009f5c   ARM Code     328  read_para.o(.text)
    set_time_from_rtc                        0x0000a0a4   ARM Code     584  read_para.o(.text)
    return_data                              0x0000a2ec   ARM Code     232  read_para.o(.text)
    read_para                                0x0000a3d4   ARM Code     264  read_para.o(.text)
    caculate_checksum                        0x0000a4dc   ARM Code     464  read_para.o(.text)
    process_server_reading_data_save         0x0000a6ac   ARM Code     552  read_para.o(.text)
    process_syntime                          0x0000a8d4   ARM Code     248  read_para.o(.text)
    process_server_syntime_module            0x0000a9cc   ARM Code     264  read_para.o(.text)
    process_commands                         0x0000aad4   ARM Code     756  read_para.o(.text)
    process_server_readtime_module           0x0000adc8   ARM Code     552  read_para.o(.text)
    load_data_meter                          0x0000aff0   ARM Code     260  read_para.o(.text)
    write_data                               0x0000b0f4   ARM Code     204  read_para.o(.text)
    write_data_metter                        0x0000b1c0   ARM Code     716  read_para.o(.text)
    process_server_write_mode                0x0000b48c   ARM Code     428  read_para.o(.text)
    convert_data                             0x0000b638   ARM Code      76  read_para.o(.text)
    read_data_meter                          0x0000b684   ARM Code     724  read_para.o(.text)
    read_metter_directmode                   0x0000b958   ARM Code     156  read_para.o(.text)
    process_server_reading_direct            0x0000b9f4   ARM Code     352  read_para.o(.text)
    prepare_freeze_frame                     0x0000bb74   ARM Code     372  save_flash.o(.text)
    check_add_free                           0x0000bce8   ARM Code     120  save_flash.o(.text)
    freeze_frame                             0x0000bd60   ARM Code      44  save_flash.o(.text)
    check_freeze_data                        0x0000bd8c   ARM Code     204  save_flash.o(.text)
    compare_date                             0x0000be58   ARM Code     160  save_flash.o(.text)
    check_day_ok                             0x0000bef8   ARM Code      76  save_flash.o(.text)
    errase_day_old                           0x0000bf44   ARM Code     372  save_flash.o(.text)
    check_sector_current                     0x0000c0b8   ARM Code     736  save_flash.o(.text)
    check_add_current                        0x0000c398   ARM Code     144  save_flash.o(.text)
    read_time_offline                        0x0000c428   ARM Code     160  save_flash.o(.text)
    read_freeze_frame                        0x0000c4c8   ARM Code     200  save_flash.o(.text)
    check_id                                 0x0000c590   ARM Code     264  save_flash.o(.text)
    save_time_offline                        0x0000c698   ARM Code     260  save_flash.o(.text)
    bcd2hex                                  0x0000c7a0   ARM Code      32  stringconvert.o(.text)
    StringToHex                              0x0000c7c0   ARM Code     216  stringconvert.o(.text)
    convert_string2hex                       0x0000c898   ARM Code     276  stringconvert.o(.text)
    check_buffer                             0x0000c9ac   ARM Code     168  stringconvert.o(.text)
    convert_1byte_string2hex                 0x0000ca54   ARM Code      36  stringconvert.o(.text)
    delay_n50ms                              0x0000ca78   ARM Code      68  delay.o(.text)
    delay_nsecond                            0x0000cabc   ARM Code      60  delay.o(.text)
    GPIO_Output                              0x0000cafc   ARM Code      56  gpio.o(.text)
    GPIO_Input                               0x0000cb34   ARM Code      96  gpio.o(.text)
    GPIO_WriteBit                            0x0000cb94   ARM Code     120  gpio.o(.text)
    GPIO_Toggled                             0x0000cc0c   ARM Code     156  gpio.o(.text)
    Read_Boot_Code_Version                   0x0000cd00   ARM Code      40  iap.o(.text)
    iap_BootLoaderVersion                    0x0000cd28   ARM Code      48  iap.o(.text)
    iap_Read                                 0x0000cd58   ARM Code      48  iap.o(.text)
    Compare                                  0x0000cd88   ARM Code      52  iap.o(.text)
    Copy_RAM_To_Flash                        0x0000cdbc   ARM Code      52  iap.o(.text)
    Get_Sec_Num                              0x0000cdf0   ARM Code     224  iap.o(.text)
    Prepare_Sectors                          0x0000ced0   ARM Code      48  iap.o(.text)
    Blank_Check_Sector                       0x0000cf00   ARM Code      48  iap.o(.text)
    iap_Write                                0x0000cf30   ARM Code     212  iap.o(.text)
    Erase_Sectors                            0x0000d004   ARM Code      48  iap.o(.text)
    iap_Erase_sector                         0x0000d034   ARM Code     196  iap.o(.text)
    iap_Erase                                0x0000d0f8   ARM Code     272  iap.o(.text)
    pll_off                                  0x0000d220   ARM Code      28  iap.o(.text)
    pll_on                                   0x0000d23c   ARM Code      64  iap.o(.text)
    init_PLL                                 0x0000d28c   ARM Code      96  init_system.o(.text)
    sendchar                                 0x0000d2f0   ARM Code      80  retarget.o(.text)
    fputc                                    0x0000d340   ARM Code      28  retarget.o(.text)
    ferror                                   0x0000d35c   ARM Code      12  retarget.o(.text)
    _ttywrch                                 0x0000d368   ARM Code      24  retarget.o(.text)
    _sys_exit                                0x0000d380   ARM Code       8  retarget.o(.text)
    RTCHandler                               0x0000d38c   ARM Code     260  rtc.o(.text)
    RTC_init                                 0x0000d490   ARM Code     108  rtc.o(.text)
    RTC_start                                0x0000d4fc   ARM Code      24  rtc.o(.text)
    RTC_stop                                 0x0000d514   ARM Code      24  rtc.o(.text)
    RTC_CTCReset                             0x0000d52c   ARM Code      24  rtc.o(.text)
    RTC_SetTime                              0x0000d544   ARM Code      72  rtc.o(.text)
    RTC_SetAlarm                             0x0000d58c   ARM Code      80  rtc.o(.text)
    RTC_SetAlarmMask                         0x0000d5dc   ARM Code      12  rtc.o(.text)
    initTimer0                               0x0000d5f8   ARM Code      96  timer.o(.text)
    initTimer1                               0x0000d658   ARM Code      96  timer.o(.text)
    delay_ms                                 0x0000d6b8   ARM Code      36  timer.o(.text)
    initUart0                                0x0000d6f4   ARM Code     180  uart0.o(.text)
    UART0_Char                               0x0000d7a8   ARM Code      40  uart0.o(.text)
    UART0_Send                               0x0000d7d0   ARM Code      48  uart0.o(.text)
    initUart1                                0x0000d810   ARM Code     180  uart1.o(.text)
    UART1_Char                               0x0000d8c4   ARM Code      72  uart1.o(.text)
    UART1_Send                               0x0000d90c   ARM Code      48  uart1.o(.text)
    UART1_send_HEX                           0x0000d93c   ARM Code      32  uart1.o(.text)
    init_Watchdog                            0x0000d96c   ARM Code      56  wdt.o(.text)
    clear_watchdog                           0x0000d9a4   ARM Code      24  wdt.o(.text)
    __user_initial_stackheap                 0x0000d9bc   ARM Code       0  startup.o(.text)
    __I$use$semihosting                      0x0000d9dc   ARM Code       0  use_no_semi.o(.text)
    __use_no_semihosting_swi                 0x0000d9dc   ARM Code       4  use_no_semi.o(.text)
    Inline ARM to Thumb Veneer to __2printf  0x0000d9e0   ARM Code       8  noretval__2printf.o(.text)
    __2printf                                0x0000d9e9   Thumb Code    22  noretval__2printf.o(.text)
    Inline ARM to Thumb Veneer to __2sprintf 0x0000da04   ARM Code       8  noretval__2sprintf.o(.text)
    __2sprintf                               0x0000da0d   Thumb Code    36  noretval__2sprintf.o(.text)
    _printf_pre_padding                      0x0000da35   Thumb Code    50  _printf_pad.o(.text)
    _printf_post_padding                     0x0000da67   Thumb Code    36  _printf_pad.o(.text)
    _printf_str                              0x0000da8b   Thumb Code    88  _printf_str.o(.text)
    Inline ARM to Thumb Veneer to _printf_int_dec 0x0000dae4   ARM Code       8  _printf_dec.o(.text)
    _printf_int_dec                          0x0000daed   Thumb Code    94  _printf_dec.o(.text)
    Inline ARM to Thumb Veneer to _printf_int_hex 0x0000db5c   ARM Code       8  _printf_hex_int.o(.text)
    _printf_int_hex                          0x0000db65   Thumb Code    88  _printf_hex_int.o(.text)
    _printf_longlong_hex                     0x0000db65   Thumb Code     0  _printf_hex_int.o(.text)
    __printf                                 0x0000dbc1   Thumb Code   322  __printf_flags_wp.o(.text)
    Inline ARM to Thumb Veneer to strtol     0x0000dd08   ARM Code       8  strtol.o(.text)
    strtol                                   0x0000dd11   Thumb Code   112  strtol.o(.text)
    Inline ARM to Thumb Veneer to strncat    0x0000dd84   ARM Code       8  strncat.o(.text)
    strncat                                  0x0000dd8d   Thumb Code    38  strncat.o(.text)
    Inline ARM to Thumb Veneer to strstr     0x0000ddb4   ARM Code       8  strstr.o(.text)
    strstr                                   0x0000ddbd   Thumb Code    42  strstr.o(.text)
    Inline ARM to Thumb Veneer to strcpy     0x0000dde8   ARM Code       8  strcpy.o(.text)
    strcpy                                   0x0000ddf1   Thumb Code    74  strcpy.o(.text)
    Inline ARM to Thumb Veneer to strlen     0x0000de40   ARM Code       8  strlen.o(.text)
    strlen                                   0x0000de49   Thumb Code    64  strlen.o(.text)
    Inline ARM to Thumb Veneer to strncmp    0x0000de8c   ARM Code       8  strncmp.o(.text)
    strncmp                                  0x0000de95   Thumb Code   146  strncmp.o(.text)
    Inline ARM to Thumb Veneer to strcat     0x0000df2c   ARM Code       8  strcat.o(.text)
    strcat                                   0x0000df35   Thumb Code    24  strcat.o(.text)
    __aeabi_memcpy                           0x0000df4c   ARM Code       0  rt_memcpy.o(.text)
    __rt_memcpy                              0x0000df4c   ARM Code     212  rt_memcpy.o(.text)
    _memcpy_lastbytes                        0x0000e000   ARM Code       0  rt_memcpy.o(.text)
    strncpy                                  0x0000e020   ARM Code     108  strncpy.o(.text)
    __aeabi_idiv                             0x0000e090   ARM Code       0  aeabi_sdiv.o(.text)
    __aeabi_idivmod                          0x0000e090   ARM Code     384  aeabi_sdiv.o(.text)
    __use_two_region_memory                  0x0000e211   Thumb Code     2  heapauxi.o(.text)
    __rt_heap_escrow$2region                 0x0000e213   Thumb Code     2  heapauxi.o(.text)
    __rt_heap_expand$2region                 0x0000e215   Thumb Code     2  heapauxi.o(.text)
    Inline Thumb to ARM Veneer to __rt_ctype_table 0x0000e219   Thumb Code     4  rt_ctype_table.o(.text)
    __rt_ctype_table                         0x0000e21c   ARM Code      24  rt_ctype_table.o(.text)
    Inline Thumb to ARM Veneer to __aeabi_errno_addr 0x0000e235   Thumb Code     4  rt_errno_addr_intlibspace.o(.text)
    __aeabi_errno_addr                       0x0000e238   ARM Code      12  rt_errno_addr_intlibspace.o(.text)
    __errno$intlibspace                      0x0000e238   ARM Code       0  rt_errno_addr_intlibspace.o(.text)
    __rt_errno_addr$intlibspace              0x0000e238   ARM Code       0  rt_errno_addr_intlibspace.o(.text)
    _printf_int_common                       0x0000e245   Thumb Code   186  _printf_intcommon.o(.text)
    _printf_char_common                      0x0000e30b   Thumb Code    34  _printf_char_common.o(.text)
    _sputc                                   0x0000e331   Thumb Code    10  _sputc.o(.text)
    Inline ARM to Thumb Veneer to _printf_char 0x0000e33c   ARM Code       8  _printf_char.o(.text)
    _printf_cs_common                        0x0000e345   Thumb Code    26  _printf_char.o(.text)
    _printf_char                             0x0000e35f   Thumb Code    16  _printf_char.o(.text)
    _printf_string                           0x0000e36f   Thumb Code     8  _printf_char.o(.text)
    _printf_char_file                        0x0000e379   Thumb Code    38  _printf_char_file.o(.text)
    _strtoul                                 0x0000e3a5   Thumb Code   172  _strtoul.o(.text)
    __aeabi_memcpy4                          0x0000e450   ARM Code       0  rt_memcpy_w.o(.text)
    __aeabi_memcpy8                          0x0000e450   ARM Code       0  rt_memcpy_w.o(.text)
    __rt_memcpy_w                            0x0000e450   ARM Code     100  rt_memcpy_w.o(.text)
    _memcpy_lastbytes_aligned                0x0000e49c   ARM Code       0  rt_memcpy_w.o(.text)
    __aeabi_memclr                           0x0000e4b4   ARM Code       0  rt_memclr.o(.text)
    __rt_memclr                              0x0000e4b4   ARM Code      64  rt_memclr.o(.text)
    _memset                                  0x0000e4b8   ARM Code       0  rt_memclr.o(.text)
    Inline Thumb to ARM Veneer to __rt_udiv10 0x0000e4f5   Thumb Code     4  rtudiv10.o(.text)
    __rt_udiv10                              0x0000e4f8   ARM Code      44  rtudiv10.o(.text)
    __user_libspace                          0x0000e524   ARM Code      12  libspace.o(.text)
    __user_perproc_libspace                  0x0000e524   ARM Code       0  libspace.o(.text)
    __user_perthread_libspace                0x0000e524   ARM Code       0  libspace.o(.text)
    Inline Thumb to ARM Veneer to __rt_locale 0x0000e531   Thumb Code     4  rt_locale_intlibspace.o(.text)
    __rt_locale                              0x0000e534   ARM Code      12  rt_locale_intlibspace.o(.text)
    _chval                                   0x0000e541   Thumb Code    30  _chval.o(.text)
    __aeabi_memclr4                          0x0000e560   ARM Code       0  rt_memclr_w.o(.text)
    __aeabi_memclr8                          0x0000e560   ARM Code       0  rt_memclr_w.o(.text)
    __rt_memclr_w                            0x0000e560   ARM Code      84  rt_memclr_w.o(.text)
    _memset_w                                0x0000e564   ARM Code       0  rt_memclr_w.o(.text)
    __user_setup_stackheap                   0x0000e5b4   ARM Code      96  sys_stackheap_outer.o(.text)
    exit                                     0x0000e615   Thumb Code    12  exit.o(.text)
    strcmp                                   0x0000e620   ARM Code     156  strcmp.o(.text)
    __aeabi_uidiv                            0x0000e6c0   ARM Code       0  aeabi_sdiv.o(.text_udiv)
    __aeabi_uidivmod                         0x0000e6c0   ARM Code      36  aeabi_sdiv.o(.text_udiv)
    Long ARM to Thumb Veneer to _printf_string 0x0000e6e4   ARM Code      12  anon$$obj.o(Veneer$$Code)
    Short Thumb to ARM Veneer to ferror      0x0000e6f1   Thumb Code     8  anon$$obj.o(Veneer$$Code)
    __ARM_common_call_via_r1                 0x0000e6f9   Thumb Code     2  __printf.o(i.__ARM_common_call_via_r1)
    __ARM_common_call_via_r2                 0x0000e6fb   Thumb Code     2  __printf.o(i.__ARM_common_call_via_r2)
    _is_digit                                0x0000e6fd   Thumb Code    14  __printf_wp.o(i._is_digit)
    Inline Thumb to ARM Veneer to _get_lc_ctype 0x0000e70d   Thumb Code     4  lc_ctype_c.o(locale$$code)
    _get_lc_ctype                            0x0000e710   ARM Code      80  lc_ctype_c.o(locale$$code)
    __ctype                                  0x0000e7a9   Data           0  lc_ctype_c.o(locale$$data)
    check_frame                              0x40000008   Data           1  variable.o(.data)
    start_frame                              0x40000009   Data           1  variable.o(.data)
    stop_frame                               0x4000000a   Data           1  variable.o(.data)
    stop_frame_immediately                   0x4000000b   Data           1  variable.o(.data)
    freeze_code                              0x4000000c   Data         165  variable.o(.data)
    table_control_code                       0x400000b2   Data        1984  variable.o(.data)
    idle_buf_position                        0x40000872   Data           1  variable.o(.data)
    idle_buf_counter                         0x40000873   Data           1  variable.o(.data)
    system_flag                              0x40000874   Data           4  variable.o(.data)
    code_server                              0x40000878   Data           5  variable.o(.data)
    code_meter                               0x4000087d   Data           5  variable.o(.data)
    half_hour                                0x40000884   Data           4  variable.o(.data)
    time_auto_read                           0x40000888   Data           2  variable.o(.data)
    rtc_flag                                 0x4000088c   Data           4  variable.o(.data)
    total_times                              0x40000890   Data           4  variable.o(.data)
    buff_rssi                                0x40000894   Data           5  variable.o(.data)
    IAP_Entry                                0x4000089c   Data           4  iap.o(.data)
    __stdout                                 0x400008a8   Data           4  retarget.o(.data)
    uart1_rx                                 0x400008c0   Data        1088  variable.o(.bss)
    buffer_rx                                0x40000d00   Data         512  variable.o(.bss)
    buffer_tx                                0x40000f00   Data         512  variable.o(.bss)
    uart1_frame                              0x40001100   Data         512  variable.o(.bss)
    buffer_PLC                               0x40001300   Data        1000  variable.o(.bss)
    buf_send_server                          0x400016e8   Data        1000  variable.o(.bss)
    buff_frame_300F                          0x40001ad0   Data         100  variable.o(.bss)
    commands                                 0x40001b34   Data         300  variable.o(.bss)
    buffer_frezze                            0x40001c60   Data         200  variable.o(.bss)
    buff_contain_data_read_metter            0x40001d28   Data         200  variable.o(.bss)
    buff_contain_data_add_send_server        0x40001df0   Data         200  variable.o(.bss)
    out_data                                 0x40001eb8   Data          15  variable.o(.bss)
    data_PLC                                 0x40001ec7   Data          50  variable.o(.bss)
    temp_data1                               0x40001ef9   Data          50  variable.o(.bss)
    buff_time                                0x40001f2b   Data          10  variable.o(.bss)
    para_plc                                 0x40001f35   Data          15  variable.o(.bss)
    config_network                           0x40001f44   Data          80  variable.o(.bss)
    program_counter                          0x40001f94   Data          16  variable.o(.bss)
    time_server                              0x40001fa4   Data          12  variable.o(.bss)
    my_bl_data                               0x40001fc0   Data         256  variable.o(.bss)
    __libspace_start                         0x400020d4   Data          96  libspace.o(.bss)
    __temporary_stack_top$libspace           0x40002134   Data           0  libspace.o(.bss)



==============================================================================

Memory Map of the image

  Image Entry point : 0x00000110

  Load Region LR_IROM1 (Base: 0x00000000, Size: 0x00000aa8, Max: 0x00001000, ABSOLUTE, COMPRESSED[0x0000075c])

    Execution Region ER_IROM1 (Base: 0x00000000, Size: 0x000001fc, Max: 0x00001000, ABSOLUTE)

    Base Addr    Size         Type   Attr      Idx    E Section Name        Object

    0x00000000   0x00000110   Code   RO          327    RESET               startup.o
    0x00000110   0x00000008   Code   RO          440  * !!!main             c_t.l(__main.o)
    0x00000118   0x0000003c   Code   RO          646    !!!scatter          c_t.l(__scatter.o)
    0x00000154   0x0000005c   Code   RO          644    !!dczerorl2         c_t.l(__dczerorl2.o)
    0x000001b0   0x0000002c   Code   RO          648    !!handler_zi        c_t.l(__scatter_zi.o)
    0x000001dc   0x00000020   Data   RO          642    Region$$Table       anon$$obj.o


    Execution Region RW_IRAM1 (Base: 0x40000000, Size: 0x000025c0, Max: 0x00004000, ABSOLUTE, COMPRESSED[0x00000560])

    Base Addr    Size         Type   Attr      Idx    E Section Name        Object

    0x40000000   0x00000008   Data   RW           75    .data               lpc213x_isr.o
    0x40000008   0x00000891   Data   RW          165    .data               variable.o
    0x40000899   0x00000001   Data   RW          188    .data               gpio.o
    0x4000089a   0x00000002   PAD
    0x4000089c   0x0000000c   Data   RW          202    .data               iap.o
    0x400008a8   0x00000004   Data   RW          240    .data               retarget.o
    0x400008ac   0x00000014   PAD
    0x400008c0   0x00001800   Zero   RW          164    .bss                variable.o
    0x400020c0   0x00000014   Zero   RW          201    .bss                iap.o
    0x400020d4   0x00000060   Zero   RW          474    .bss                c_t.l(libspace.o)
    0x40002134   0x00000004   PAD
    0x40002138   0x00000000   Zero   RW          326    HEAP                startup.o
    0x40002138   0x00000488   Zero   RW          325    STACK               startup.o



  Load Region LR_IROM2 (Base: 0x00008000, Size: 0x000068ac, Max: 0x00008000, ABSOLUTE)

    Execution Region ER_IROM2 (Base: 0x00008000, Size: 0x000068ac, Max: 0x00008000, ABSOLUTE)

    Base Addr    Size         Type   Attr      Idx    E Section Name        Object

    0x00008000   0x00000004   Ven    RO          403    .ARM.Collect$$_printf_percent$$00000000  c_t.l(_printf_percent.o)
    0x00008004   0x00000000   Code   RO          403    .ARM.Collect$$_printf_percent$$00000000  c_t.l(_printf_percent.o)
    0x00008004   0x00000008   Code   RO          402    .ARM.Collect$$_printf_percent$$0000000A  c_t.l(_printf_u.o)
    0x0000800c   0x00000008   Code   RO          401    .ARM.Collect$$_printf_percent$$0000000C  c_t.l(_printf_x.o)
    0x00008014   0x00000008   Code   RO          399    .ARM.Collect$$_printf_percent$$00000013  c_t.l(_printf_c.o)
    0x0000801c   0x00000008   Code   RO          400    .ARM.Collect$$_printf_percent$$00000014  c_t.l(_printf_s.o)
    0x00008024   0x00000008   Code   RO          464    .ARM.Collect$$_printf_percent$$00000017  c_t.l(_printf_percent_end.o)
    0x0000802c   0x00000008   Ven    RO          526    .ARM.Collect$$libinit$$00000000  c_t.l(libinit.o)
    0x00008034   0x00000002   Code   RO          526    .ARM.Collect$$libinit$$00000000  c_t.l(libinit.o)
    0x00008036   0x00000000   Code   RO          528    .ARM.Collect$$libinit$$00000002  c_t.l(libinit2.o)
    0x00008036   0x00000000   Code   RO          531    .ARM.Collect$$libinit$$00000008  c_t.l(libinit2.o)
    0x00008036   0x00000000   Code   RO          533    .ARM.Collect$$libinit$$0000000A  c_t.l(libinit2.o)
    0x00008036   0x00000000   Code   RO          535    .ARM.Collect$$libinit$$0000000C  c_t.l(libinit2.o)
    0x00008036   0x00000006   Code   RO          536    .ARM.Collect$$libinit$$0000000D  c_t.l(libinit2.o)
    0x0000803c   0x00000000   Code   RO          538    .ARM.Collect$$libinit$$0000000F  c_t.l(libinit2.o)
    0x0000803c   0x0000000c   Code   RO          539    .ARM.Collect$$libinit$$00000010  c_t.l(libinit2.o)
    0x00008048   0x00000000   Code   RO          540    .ARM.Collect$$libinit$$00000011  c_t.l(libinit2.o)
    0x00008048   0x00000000   Code   RO          542    .ARM.Collect$$libinit$$00000013  c_t.l(libinit2.o)
    0x00008048   0x00000000   Code   RO          544    .ARM.Collect$$libinit$$00000015  c_t.l(libinit2.o)
    0x00008048   0x00000000   Code   RO          546    .ARM.Collect$$libinit$$00000017  c_t.l(libinit2.o)
    0x00008048   0x00000000   Code   RO          548    .ARM.Collect$$libinit$$00000019  c_t.l(libinit2.o)
    0x00008048   0x00000000   Code   RO          550    .ARM.Collect$$libinit$$0000001B  c_t.l(libinit2.o)
    0x00008048   0x00000000   Code   RO          552    .ARM.Collect$$libinit$$0000001D  c_t.l(libinit2.o)
    0x00008048   0x00000000   Code   RO          554    .ARM.Collect$$libinit$$0000001F  c_t.l(libinit2.o)
    0x00008048   0x00000000   Code   RO          556    .ARM.Collect$$libinit$$00000021  c_t.l(libinit2.o)
    0x00008048   0x00000000   Code   RO          558    .ARM.Collect$$libinit$$00000023  c_t.l(libinit2.o)
    0x00008048   0x00000000   Code   RO          562    .ARM.Collect$$libinit$$0000002A  c_t.l(libinit2.o)
    0x00008048   0x00000000   Code   RO          564    .ARM.Collect$$libinit$$0000002C  c_t.l(libinit2.o)
    0x00008048   0x00000000   Code   RO          566    .ARM.Collect$$libinit$$0000002E  c_t.l(libinit2.o)
    0x00008048   0x00000000   Code   RO          568    .ARM.Collect$$libinit$$00000030  c_t.l(libinit2.o)
    0x00008048   0x0000000c   Code   RO          569    .ARM.Collect$$libinit$$00000031  c_t.l(libinit2.o)
    0x00008054   0x00000008   Ven    RO          609    .ARM.Collect$$libshutdown$$00000000  c_t.l(libshutdown.o)
    0x0000805c   0x00000004   Code   RO          609    .ARM.Collect$$libshutdown$$00000000  c_t.l(libshutdown.o)
    0x00008060   0x00000000   Code   RO          629    .ARM.Collect$$libshutdown$$00000003  c_t.l(libshutdown2.o)
    0x00008060   0x00000000   Code   RO          632    .ARM.Collect$$libshutdown$$00000006  c_t.l(libshutdown2.o)
    0x00008060   0x00000000   Code   RO          635    .ARM.Collect$$libshutdown$$00000009  c_t.l(libshutdown2.o)
    0x00008060   0x00000000   Code   RO          637    .ARM.Collect$$libshutdown$$0000000B  c_t.l(libshutdown2.o)
    0x00008060   0x00000000   Code   RO          640    .ARM.Collect$$libshutdown$$0000000E  c_t.l(libshutdown2.o)
    0x00008060   0x00000006   Code   RO          641    .ARM.Collect$$libshutdown$$0000000F  c_t.l(libshutdown2.o)
    0x00008066   0x00000002   PAD
    0x00008068   0x00000000   Code   RO          442    .ARM.Collect$$rtentry$$00000000  c_t.l(rtentry.o)
    0x00008068   0x00000000   Code   RO          477    .ARM.Collect$$rtentry$$00000002  c_t.l(rtentry2.o)
    0x00008068   0x00000008   Code   RO          489    .ARM.Collect$$rtentry$$00000004  c_t.l(rtentry4.o)
    0x00008070   0x00000000   Code   RO          479    .ARM.Collect$$rtentry$$00000009  c_t.l(rtentry2.o)
    0x00008070   0x00000004   Code   RO          480    .ARM.Collect$$rtentry$$0000000A  c_t.l(rtentry2.o)
    0x00008074   0x00000000   Code   RO          482    .ARM.Collect$$rtentry$$0000000C  c_t.l(rtentry2.o)
    0x00008074   0x00000028   Code   RO          483    .ARM.Collect$$rtentry$$0000000D  c_t.l(rtentry2.o)
    0x0000809c   0x00000004   Ven    RO          570    .ARM.Collect$$rtexit$$00000000  c_t.l(rtexit.o)
    0x000080a0   0x00000004   Code   RO          570    .ARM.Collect$$rtexit$$00000000  c_t.l(rtexit.o)
    0x000080a4   0x00000000   Code   RO          583    .ARM.Collect$$rtexit$$00000002  c_t.l(rtexit2.o)
    0x000080a4   0x00000004   Code   RO          584    .ARM.Collect$$rtexit$$00000003  c_t.l(rtexit2.o)
    0x000080a8   0x00000008   Code   RO          585    .ARM.Collect$$rtexit$$00000004  c_t.l(rtexit2.o)
    0x000080b0   0x00001628   Code   RO            1    .text               gprs_com.o
    0x000096d8   0x00000468   Code   RO           74    .text               lpc213x_isr.o
    0x00009b40   0x000003c8   Code   RO          110    .text               main.o
    0x00009f08   0x00001c6c   Code   RO          123    .text               read_para.o
    0x0000bb74   0x00000c2c   Code   RO          136    .text               save_flash.o
    0x0000c7a0   0x000002d8   Code   RO          152    .text               stringconvert.o
    0x0000ca78   0x00000084   Code   RO          174    .text               delay.o
    0x0000cafc   0x000001b4   Code   RO          187    .text               gpio.o
    0x0000ccb0   0x000005dc   Code   RO          200    .text               iap.o
    0x0000d28c   0x00000064   Code   RO          227    .text               init_system.o
    0x0000d2f0   0x0000009c   Code   RO          239    .text               retarget.o
    0x0000d38c   0x0000026c   Code   RO          264    .text               rtc.o
    0x0000d5f8   0x000000fc   Code   RO          277    .text               timer.o
    0x0000d6f4   0x0000011c   Code   RO          289    .text               uart0.o
    0x0000d810   0x0000015c   Code   RO          301    .text               uart1.o
    0x0000d96c   0x00000050   Code   RO          313    .text               wdt.o
    0x0000d9bc   0x00000020   Code   RO          328    .text               startup.o
    0x0000d9dc   0x00000004   Code   RO          336    .text               c_t.l(use_no_semi.o)
    0x0000d9e0   0x00000008   Ven    RO          342    .text               c_t.l(noretval__2printf.o)
    0x0000d9e8   0x0000001c   Code   RO          342    .text               c_t.l(noretval__2printf.o)
    0x0000da04   0x00000008   Ven    RO          344    .text               c_t.l(noretval__2sprintf.o)
    0x0000da0c   0x00000028   Code   RO          344    .text               c_t.l(noretval__2sprintf.o)
    0x0000da34   0x00000056   Code   RO          352    .text               c_t.l(_printf_pad.o)
    0x0000da8a   0x00000058   Code   RO          354    .text               c_t.l(_printf_str.o)
    0x0000dae2   0x00000002   PAD
    0x0000dae4   0x00000008   Ven    RO          356    .text               c_t.l(_printf_dec.o)
    0x0000daec   0x00000070   Code   RO          356    .text               c_t.l(_printf_dec.o)
    0x0000db5c   0x00000008   Ven    RO          361    .text               c_t.l(_printf_hex_int.o)
    0x0000db64   0x0000005c   Code   RO          361    .text               c_t.l(_printf_hex_int.o)
    0x0000dbc0   0x00000148   Code   RO          391    .text               c_t.l(__printf_flags_wp.o)
    0x0000dd08   0x00000008   Ven    RO          404    .text               c_t.l(strtol.o)
    0x0000dd10   0x00000074   Code   RO          404    .text               c_t.l(strtol.o)
    0x0000dd84   0x00000008   Ven    RO          406    .text               c_t.l(strncat.o)
    0x0000dd8c   0x00000026   Code   RO          406    .text               c_t.l(strncat.o)
    0x0000ddb2   0x00000002   PAD
    0x0000ddb4   0x00000008   Ven    RO          408    .text               c_t.l(strstr.o)
    0x0000ddbc   0x0000002a   Code   RO          408    .text               c_t.l(strstr.o)
    0x0000dde6   0x00000002   PAD
    0x0000dde8   0x00000008   Ven    RO          410    .text               c_t.l(strcpy.o)
    0x0000ddf0   0x00000050   Code   RO          410    .text               c_t.l(strcpy.o)
    0x0000de40   0x00000008   Ven    RO          412    .text               c_t.l(strlen.o)
    0x0000de48   0x00000044   Code   RO          412    .text               c_t.l(strlen.o)
    0x0000de8c   0x00000008   Ven    RO          414    .text               c_t.l(strncmp.o)
    0x0000de94   0x00000098   Code   RO          414    .text               c_t.l(strncmp.o)
    0x0000df2c   0x00000008   Ven    RO          416    .text               c_t.l(strcat.o)
    0x0000df34   0x00000018   Code   RO          416    .text               c_t.l(strcat.o)
    0x0000df4c   0x000000d4   Code   RO          418    .text               c_t.l(rt_memcpy.o)
    0x0000e020   0x00000070   Code   RO          420    .text               c_t.l(strncpy.o)
    0x0000e090   0x00000180   Code   RO          422    .text               c_t.l(aeabi_sdiv.o)
    0x0000e210   0x00000006   Code   RO          438    .text               c_t.l(heapauxi.o)
    0x0000e216   0x00000002   PAD
    0x0000e218   0x00000004   Ven    RO          443    .text               c_t.l(rt_ctype_table.o)
    0x0000e21c   0x00000018   Code   RO          443    .text               c_t.l(rt_ctype_table.o)
    0x0000e234   0x00000004   Ven    RO          452    .text               c_t.l(rt_errno_addr_intlibspace.o)
    0x0000e238   0x0000000c   Code   RO          452    .text               c_t.l(rt_errno_addr_intlibspace.o)
    0x0000e244   0x000000ba   Code   RO          454    .text               c_t.l(_printf_intcommon.o)
    0x0000e2fe   0x00000002   PAD
    0x0000e300   0x00000030   Code   RO          456    .text               c_t.l(_printf_char_common.o)
    0x0000e330   0x0000000a   Code   RO          458    .text               c_t.l(_sputc.o)
    0x0000e33a   0x00000002   PAD
    0x0000e33c   0x00000008   Ven    RO          460    .text               c_t.l(_printf_char.o)
    0x0000e344   0x00000032   Code   RO          460    .text               c_t.l(_printf_char.o)
    0x0000e376   0x00000002   PAD
    0x0000e378   0x0000002c   Code   RO          462    .text               c_t.l(_printf_char_file.o)
    0x0000e3a4   0x000000ac   Code   RO          465    .text               c_t.l(_strtoul.o)
    0x0000e450   0x00000064   Code   RO          467    .text               c_t.l(rt_memcpy_w.o)
    0x0000e4b4   0x00000040   Code   RO          469    .text               c_t.l(rt_memclr.o)
    0x0000e4f4   0x00000004   Ven    RO          471    .text               c_t.l(rtudiv10.o)
    0x0000e4f8   0x0000002c   Code   RO          471    .text               c_t.l(rtudiv10.o)
    0x0000e524   0x0000000c   Code   RO          473    .text               c_t.l(libspace.o)
    0x0000e530   0x00000004   Ven    RO          496    .text               c_t.l(rt_locale_intlibspace.o)
    0x0000e534   0x0000000c   Code   RO          496    .text               c_t.l(rt_locale_intlibspace.o)
    0x0000e540   0x0000001e   Code   RO          504    .text               c_t.l(_chval.o)
    0x0000e55e   0x00000002   PAD
    0x0000e560   0x00000054   Code   RO          509    .text               c_t.l(rt_memclr_w.o)
    0x0000e5b4   0x00000060   Code   RO          511    .text               c_t.l(sys_stackheap_outer.o)
    0x0000e614   0x0000000c   Code   RO          513    .text               c_t.l(exit.o)
    0x0000e620   0x000000a0   Code   RO          519    .text               c_t.l(strcmp.o)
    0x0000e6c0   0x00000024   Code   RO          423    .text_udiv          c_t.l(aeabi_sdiv.o)
    0x0000e6e4   0x0000000c   Ven    RO          671    Veneer$$Code        anon$$obj.o
    0x0000e6f0   0x00000008   Ven    RO          672    Veneer$$Code        anon$$obj.o
    0x0000e6f8   0x00000002   Code   RO          350    i.__ARM_common_call_via_r1  c_t.l(__printf.o)
    0x0000e6fa   0x00000002   Code   RO          348    i.__ARM_common_call_via_r2  c_t.l(__printf.o)
    0x0000e6fc   0x0000000e   Code   RO          389    i._is_digit         c_t.l(__printf_wp.o)
    0x0000e70a   0x00000002   PAD
    0x0000e70c   0x00000004   Ven    RO          507    locale$$code        c_t.l(lc_ctype_c.o)
    0x0000e710   0x00000050   Code   RO          507    locale$$code        c_t.l(lc_ctype_c.o)
    0x0000e760   0x00000028   Data   RO          362    .constdata          c_t.l(_printf_hex_int.o)
    0x0000e788   0x00000011   Data   RO          392    .constdata          c_t.l(__printf_flags_wp.o)
    0x0000e799   0x00000003   PAD
    0x0000e79c   0x00000110   Data   RO          506    locale$$data        c_t.l(lc_ctype_c.o)


==============================================================================

Image component sizes


      Code (inc. data)   RO Data    RW Data    ZI Data      Debug   Object Name

       132          4          0          0          0        716   delay.o
       436          8          0          1          0       1084   gpio.o
      5672        616          0          0          0      20314   gprs_com.o
      1500         16          0         12         20       5864   iap.o
       100          4          0          0          0        415   init_system.o
      1128         68          0          8          0       1690   lpc213x_isr.o
       968        108          0          0          0       1317   main.o
      7276        668          0          0          0      11714   read_para.o
       156          4          0          4          0       2821   retarget.o
       620         16          0          0          0       1464   rtc.o
      3116         76          0          0          0       5927   save_flash.o
       304         60          0          0       1160        500   startup.o
       728          0          0          0          0       1927   stringconvert.o
       252         24          0          0          0        745   timer.o
       284         16          0          0          0        958   uart0.o
       348         16          0          0          0       1177   uart1.o
         0          0          0       2193       6144       2310   variable.o
        80          0          0          0          0        491   wdt.o

    ----------------------------------------------------------------------
     23120       1708         32       2220       7344      61434   Object Totals
        20          4         32          0          0          0   (incl. Generated)
         0          0          0          2         20          0   (incl. Padding)

    ----------------------------------------------------------------------

      Code (inc. data)   RO Data    RW Data    ZI Data      Debug   Library Member Name

        92          0          0          0          0          0   __dczerorl2.o
         8          0          0          0          0         68   __main.o
         4          0          0          0          0        120   __printf.o
       328          6         17          0          0         92   __printf_flags_wp.o
        14          0          0          0          0         60   __printf_wp.o
        60          8          0          0          0          0   __scatter.o
        44          0          0          0          0          0   __scatter_zi.o
        30          0          0          0          0         60   _chval.o
         8          0          0          0          0          0   _printf_c.o
        58          0          0          0          0        112   _printf_char.o
        48          4          0          0          0         96   _printf_char_common.o
        44          6          0          0          0         88   _printf_char_file.o
       120         18          0          0          0         88   _printf_dec.o
       100          4         40          0          0         84   _printf_hex_int.o
       186          0          0          0          0         96   _printf_intcommon.o
        86          0          0          0          0        116   _printf_pad.o
         4          0          0          0          0          0   _printf_percent.o
         8          0          0          0          0          0   _printf_percent_end.o
         8          0          0          0          0          0   _printf_s.o
        88          0          0          0          0         84   _printf_str.o
         8          0          0          0          0          0   _printf_u.o
         8          0          0          0          0          0   _printf_x.o
        10          0          0          0          0         60   _sputc.o
       172          0          0          0          0         96   _strtoul.o
       420          0          0          0          0        148   aeabi_sdiv.o
        12          0          0          0          0         64   exit.o
         6          0          0          0          0        136   heapauxi.o
        84          8        272          0          0         92   lc_ctype_c.o
        10          0          0          0          0          0   libinit.o
        30          0          0          0          0          0   libinit2.o
        12          0          0          0          0          0   libshutdown.o
         6          0          0          0          0          0   libshutdown2.o
        12          4          0          0         96         68   libspace.o
        36          6          0          0          0         84   noretval__2printf.o
        48          4          0          0          0         84   noretval__2sprintf.o
        28          4          0          0          0         84   rt_ctype_table.o
        16          4          0          0          0         68   rt_errno_addr_intlibspace.o
        16          4          0          0          0         68   rt_locale_intlibspace.o
        64          0          0          0          0         68   rt_memclr.o
        84          0          0          0          0         80   rt_memclr_w.o
       212          0          0          0          0         68   rt_memcpy.o
       100          0          0          0          0         80   rt_memcpy_w.o
         0          0          0          0          0          0   rtentry.o
        44          4          0          0          0          0   rtentry2.o
         8          0          0          0          0          0   rtentry4.o
         8          0          0          0          0          0   rtexit.o
        12          0          0          0          0          0   rtexit2.o
        48          0          0          0          0         68   rtudiv10.o
        32          0          0          0          0         60   strcat.o
       160          4          0          0          0         80   strcmp.o
        88          6          0          0          0         76   strcpy.o
        76          4          0          0          0         76   strlen.o
        46          0          0          0          0         72   strncat.o
       160          6          0          0          0         84   strncmp.o
       112          4          0          0          0         84   strncpy.o
        50          0          0          0          0         72   strstr.o
       124          4          0          0          0         92   strtol.o
        96          0          0          0          0         80   sys_stackheap_outer.o
         4          0          0          0          0         68   use_no_semi.o

    ----------------------------------------------------------------------
      3820        112        332          0        100       3424   Library Totals
        20          0          3          0          4          0   (incl. Padding)

    ----------------------------------------------------------------------

      Code (inc. data)   RO Data    RW Data    ZI Data      Debug   Library Name

      3800        112        329          0         96       3424   c_t.l

    ----------------------------------------------------------------------
      3820        112        332          0        100       3424   Library Totals

    ----------------------------------------------------------------------

==============================================================================


      Code (inc. data)   RO Data    RW Data    ZI Data      Debug   

     26940       1820        364       2220       7444      61678   Grand Totals
     26940       1820        364       1376       7444      61678   ELF Image Totals (compressed)
     26940       1820        364       1376          0          0   ROM Totals

==============================================================================

    Total RO  Size (Code + RO Data)                27304 (  26.66kB)
    Total RW  Size (RW Data + ZI Data)              9664 (   9.44kB)
    Total ROM Size (Code + RO Data + RW Data)      28680 (  28.01kB)

==============================================================================

